interactions:
  - request:
      body:
        '{"amount": 1000, "currency_code": "PEN", "description": "Venta de prueba",
        "order_number": "order-7d20", "client_details": {"first_name": "Richard", "last_name":
        "Piedpiper", "email": "richard@piedpiper.com", "phone_number": "+51998989789"},
        "expiration_date": 1893474000, "confirm": false}'
      headers:
        Accept:
          - application/json
        Accept-Encoding:
          - gzip, deflate
        Authorization:
          - Bearer culiq_api_key
        Connection:
          - keep-alive
        Content-Length:
          - "290"
        Content-type:
          - application/json
        User-Agent:
          - Culqi-API-Python/1.0.4
      method: POST
      uri: https://api.culqi.com/v2/orders
    response:
      body:
        string:
          '{"object":"order","id":"ord_test_SUscNJsTOs2POVQU","amount":1000,"payment_code":null,"currency_code":"PEN","description":"Venta
          de prueba","order_number":"order-7d20","state":"created","total_fee":null,"net_amount":null,"fee_details":null,"creation_date":1589341092,"expiration_date":1893474000,"updated_at":null,"paid_at":null,"available_on":null,"metadata":{}}'
      headers:
        Connection:
          - keep-alive
        Content-Length:
          - "362"
        Content-Type:
          - application/json;charset=UTF-8
        Date:
          - Wed, 13 May 2020 03:38:12 GMT
        Set-Cookie:
          - JSESSIONID=B26BD1E9D2793D729FE4FB5163534C08; Path=/api/; HttpOnly
        Via:
          - 1.1 1156b00a32ef474e9b51a603424ddb97.cloudfront.net (CloudFront)
        X-Amz-Cf-Id:
          - NkLha8P31Ae9bEqwwomQC6biCLNzYgbuwDQJkCR5z6dPw8u_r5PXGA==
        X-Amz-Cf-Pop:
          - SCL50-C1
        X-CULQI-ENVIRONMENT:
          - test
        X-CULQI-TRACKING-ID:
          - "6892531"
        X-CULQI-VERSION:
          - 2.0.0
        X-Cache:
          - Miss from cloudfront
        x-amz-apigw-id:
          - Mc3BoGUbIAMFfGw=
        x-amzn-Remapped-Date:
          - Wed, 13 May 2020 03:38:11 GMT
        x-amzn-Remapped-Server:
          - Apache-Coyote/1.1
        x-amzn-RequestId:
          - 6e2f82ca-4a64-4948-8f47-a98b6addfdae
      status:
        code: 201
        message: Created
  - request:
      body: "null"
      headers:
        Accept:
          - application/json
        Accept-Encoding:
          - gzip, deflate
        Authorization:
          - Bearer culiq_api_key
        Connection:
          - keep-alive
        Content-Length:
          - "4"
        Content-type:
          - application/json
        User-Agent:
          - Culqi-API-Python/1.0.4
      method: POST
      uri: https://api.culqi.com/v2/orders/ord_test_SUscNJsTOs2POVQU/confirm
    response:
      body:
        string:
          '{"object":"order","id":"ord_test_SUscNJsTOs2POVQU","amount":1000,"payment_code":"087654332","currency_code":"PEN","description":"Venta
          de prueba","order_number":"order-7d20","state":"pending","total_fee":null,"net_amount":null,"fee_details":null,"creation_date":1589341092,"expiration_date":1893474000,"updated_at":null,"paid_at":null,"available_on":null,"metadata":{}}'
      headers:
        Connection:
          - keep-alive
        Content-Length:
          - "369"
        Content-Type:
          - application/json;charset=UTF-8
        Date:
          - Wed, 13 May 2020 03:38:13 GMT
        Set-Cookie:
          - JSESSIONID=E6B1840F556430E37B08130BD521D7F8; Path=/api/; HttpOnly
        Via:
          - 1.1 1156b00a32ef474e9b51a603424ddb97.cloudfront.net (CloudFront)
        X-Amz-Cf-Id:
          - sqdtPxDbfz8szjC3TnAWBeTk9hGjXzIa40hAoez1V7gX9AM_Vgyhiw==
        X-Amz-Cf-Pop:
          - SCL50-C1
        X-CULQI-ENVIRONMENT:
          - test
        X-CULQI-TRACKING-ID:
          - "6892532"
        X-CULQI-VERSION:
          - 2.0.0
        X-Cache:
          - Miss from cloudfront
        x-amz-apigw-id:
          - Mc3BvHqKoAMFvIQ=
        x-amzn-Remapped-Date:
          - Wed, 13 May 2020 03:38:12 GMT
        x-amzn-Remapped-Server:
          - Apache-Coyote/1.1
        x-amzn-RequestId:
          - e9443c71-70a3-4292-bb5d-c0731a05cd66
      status:
        code: 201
        message: Created
  - request:
      body:
        '{"amount": 1000, "currency_code": "PEN", "description": "Venta de prueba",
        "order_number": "order-81be", "client_details": {"first_name": "Richard", "last_name":
        "Piedpiper", "email": "richard@piedpiper.com", "phone_number": "+51998989789"},
        "expiration_date": 1893474000, "confirm": false}'
      headers:
        Accept:
          - application/json
        Accept-Encoding:
          - gzip, deflate
        Authorization:
          - Bearer culiq_api_key
        Connection:
          - keep-alive
        Content-Length:
          - "290"
        Content-type:
          - application/json
        User-Agent:
          - Culqi-API-Python/1.0.1
      method: POST
      uri: https://api.culqi.com/v2/orders
    response:
      body:
        string:
          '{"object":"order","id":"ord_test_xaMXjNOJJiKwDNx8","amount":1000,"payment_code":null,"currency_code":"PEN","description":"Venta
          de prueba","order_number":"order-81be","state":"created","total_fee":null,"net_amount":null,"fee_details":null,"creation_date":1615072226,"expiration_date":1893474000,"updated_at":1615072226,"paid_at":null,"available_on":null,"metadata":{}}'
      headers:
        Connection:
          - keep-alive
        Content-Length:
          - "368"
        Content-Type:
          - application/json;charset=UTF-8
        Date:
          - Sat, 06 Mar 2021 23:10:26 GMT
        Set-Cookie:
          - JSESSIONID=4B4A93CD1CDDCA62FB53F90289491F7B; Path=/api/; HttpOnly
        Via:
          - 1.1 76c5d392ef84c77d3b4f4a4ef8f367b3.cloudfront.net (CloudFront)
        X-Amz-Cf-Id:
          - 75uvacgyC2gTRAQ545YV6Datzs2FDmysmf7qrZZmtIIjRNSeDWw5Ag==
        X-Amz-Cf-Pop:
          - SCL50-C1
        X-CULQI-ENVIRONMENT:
          - test
        X-CULQI-TRACKING-ID:
          - "10137684"
        X-CULQI-VERSION:
          - 2.0.0
        X-Cache:
          - Miss from cloudfront
        x-amz-apigw-id:
          - bybLTHtWoAMFT9w=
        x-amzn-Remapped-Date:
          - Sat, 06 Mar 2021 23:10:26 GMT
        x-amzn-Remapped-Server:
          - Apache-Coyote/1.1
        x-amzn-RequestId:
          - c3f1bf5a-5957-476d-8f37-016eaa89151e
      status:
        code: 201
        message: Created
  - request:
      body: "null"
      headers:
        Accept:
          - application/json
        Accept-Encoding:
          - gzip, deflate
        Authorization:
          - Bearer culiq_api_key
        Connection:
          - keep-alive
        Content-Length:
          - "4"
        Content-type:
          - application/json
        User-Agent:
          - Culqi-API-Python/1.0.1
      method: POST
      uri: https://api.culqi.com/v2/orders/ord_test_xaMXjNOJJiKwDNx8/confirm
    response:
      body:
        string:
          '{"object":"order","id":"ord_test_xaMXjNOJJiKwDNx8","amount":1000,"payment_code":"092246654","currency_code":"PEN","description":"Venta
          de prueba","order_number":"order-81be","state":"pending","total_fee":null,"net_amount":null,"fee_details":null,"creation_date":1615072226,"expiration_date":1893474000,"updated_at":1615072226,"paid_at":null,"available_on":null,"metadata":{}}'
      headers:
        Connection:
          - keep-alive
        Content-Length:
          - "375"
        Content-Type:
          - application/json;charset=UTF-8
        Date:
          - Sat, 06 Mar 2021 23:10:26 GMT
        Set-Cookie:
          - JSESSIONID=93207B89C6607AAC0886608CCD041F00; Path=/api/; HttpOnly
        Via:
          - 1.1 76c5d392ef84c77d3b4f4a4ef8f367b3.cloudfront.net (CloudFront)
        X-Amz-Cf-Id:
          - mEX8HBecSUW4-R-xol8Tmh60174NHeFnO3WxceH3Gz3vv4eOF3HZEw==
        X-Amz-Cf-Pop:
          - SCL50-C1
        X-CULQI-ENVIRONMENT:
          - test
        X-CULQI-TRACKING-ID:
          - "10137685"
        X-CULQI-VERSION:
          - 2.0.0
        X-Cache:
          - Miss from cloudfront
        x-amz-apigw-id:
          - bybLbHqloAMFpNQ=
        x-amzn-Remapped-Date:
          - Sat, 06 Mar 2021 23:10:26 GMT
        x-amzn-Remapped-Server:
          - Apache-Coyote/1.1
        x-amzn-RequestId:
          - ca818f47-91a1-4ae9-8196-01f4de1d162e
      status:
        code: 201
        message: Created
  - request:
      body:
        '{"amount": 1000, "currency_code": "PEN", "description": "Venta de prueba",
        "order_number": "order-8989", "client_details": {"first_name": "Richard", "last_name":
        "Piedpiper", "email": "richard@piedpiper.com", "phone_number": "+51998989789"},
        "expiration_date": 1893474000, "confirm": false}'
      headers:
        Accept:
          - application/json
        Accept-Encoding:
          - gzip, deflate
        Authorization:
          - Bearer culiq_api_key
        Connection:
          - keep-alive
        Content-Length:
          - "290"
        Content-type:
          - application/json
        User-Agent:
          - Culqi-API-Python/1.0.1
      method: POST
      uri: https://api.culqi.com/v2/orders
    response:
      body:
        string:
          '{"object":"order","id":"ord_test_KKNEBBORCBweGDfh","amount":1000,"payment_code":null,"currency_code":"PEN","description":"Venta
          de prueba","order_number":"order-8989","state":"created","total_fee":null,"net_amount":null,"fee_details":null,"creation_date":1615072564,"expiration_date":1893474000,"updated_at":1615072564,"paid_at":null,"available_on":null,"metadata":{}}'
      headers:
        Connection:
          - keep-alive
        Content-Length:
          - "368"
        Content-Type:
          - application/json;charset=UTF-8
        Date:
          - Sat, 06 Mar 2021 23:16:04 GMT
        Set-Cookie:
          - JSESSIONID=67165A4E3325EF6AACBC53C74F032D5A; Path=/api/; HttpOnly
        Via:
          - 1.1 f4501d5df124eb2fa5d33f712e78d418.cloudfront.net (CloudFront)
        X-Amz-Cf-Id:
          - MghHPT5phO7J75I8LKnj-bzao8rlyiX43Tfb80EJ8yKIvI9n24VBUA==
        X-Amz-Cf-Pop:
          - SCL50-C1
        X-CULQI-ENVIRONMENT:
          - test
        X-CULQI-TRACKING-ID:
          - "10137906"
        X-CULQI-VERSION:
          - 2.0.0
        X-Cache:
          - Miss from cloudfront
        x-amz-apigw-id:
          - bycAEFsjIAMFZHQ=
        x-amzn-Remapped-Date:
          - Sat, 06 Mar 2021 23:16:04 GMT
        x-amzn-Remapped-Server:
          - Apache-Coyote/1.1
        x-amzn-RequestId:
          - 02afc21f-7270-41b1-a852-79cb9cd094ae
      status:
        code: 201
        message: Created
  - request:
      body: "null"
      headers:
        Accept:
          - application/json
        Accept-Encoding:
          - gzip, deflate
        Authorization:
          - Bearer culiq_api_key
        Connection:
          - keep-alive
        Content-Length:
          - "4"
        Content-type:
          - application/json
        User-Agent:
          - Culqi-API-Python/1.0.1
      method: POST
      uri: https://api.culqi.com/v2/orders/ord_test_KKNEBBORCBweGDfh/confirm
    response:
      body:
        string:
          '{"object":"order","id":"ord_test_KKNEBBORCBweGDfh","amount":1000,"payment_code":"024276221","currency_code":"PEN","description":"Venta
          de prueba","order_number":"order-8989","state":"pending","total_fee":null,"net_amount":null,"fee_details":null,"creation_date":1615072564,"expiration_date":1893474000,"updated_at":1615072564,"paid_at":null,"available_on":null,"metadata":{}}'
      headers:
        Connection:
          - keep-alive
        Content-Length:
          - "375"
        Content-Type:
          - application/json;charset=UTF-8
        Date:
          - Sat, 06 Mar 2021 23:16:05 GMT
        Set-Cookie:
          - JSESSIONID=6D3C9B0E4273D55DB8F728192558B0C4; Path=/api/; HttpOnly
        Via:
          - 1.1 f4501d5df124eb2fa5d33f712e78d418.cloudfront.net (CloudFront)
        X-Amz-Cf-Id:
          - 6jkZ3a6mK6jpC0ksuhPz444V-wyVOVIdNcfjtpwtLBviLZAoS7_0lg==
        X-Amz-Cf-Pop:
          - SCL50-C1
        X-CULQI-ENVIRONMENT:
          - test
        X-CULQI-TRACKING-ID:
          - "10137907"
        X-CULQI-VERSION:
          - 2.0.0
        X-Cache:
          - Miss from cloudfront
        x-amz-apigw-id:
          - bycASGASIAMFoag=
        x-amzn-Remapped-Date:
          - Sat, 06 Mar 2021 23:16:05 GMT
        x-amzn-Remapped-Server:
          - Apache-Coyote/1.1
        x-amzn-RequestId:
          - f809c56e-74a0-4fe3-9c58-477f5693d836
      status:
        code: 201
        message: Created
  - request:
      body:
        '{"amount": 1000, "currency_code": "PEN", "description": "Venta de prueba",
        "order_number": "order-4fd4", "client_details": {"first_name": "Richard", "last_name":
        "Piedpiper", "email": "richard@piedpiper.com", "phone_number": "+51998989789"},
        "expiration_date": 1893474000, "confirm": false}'
      headers:
        Accept:
          - application/json
        Accept-Encoding:
          - gzip, deflate
        Authorization:
          - Bearer culiq_api_key
        Connection:
          - keep-alive
        Content-Length:
          - "290"
        Content-type:
          - application/json
        User-Agent:
          - Culqi-API-Python/1.0.1
      method: POST
      uri: https://api.culqi.com/v2/orders
    response:
      body:
        string:
          '{"object":"order","id":"ord_test_6tcOIbgHdcSpqiZ4","amount":1000,"payment_code":null,"currency_code":"PEN","description":"Venta
          de prueba","order_number":"order-4fd4","state":"created","total_fee":null,"net_amount":null,"fee_details":null,"creation_date":1615072911,"expiration_date":1893474000,"updated_at":1615072911,"paid_at":null,"available_on":null,"metadata":{}}'
      headers:
        Connection:
          - keep-alive
        Content-Length:
          - "368"
        Content-Type:
          - application/json;charset=UTF-8
        Date:
          - Sat, 06 Mar 2021 23:21:52 GMT
        Set-Cookie:
          - JSESSIONID=F037F89ECAA014B9F842CE8938F0F904; Path=/api/; HttpOnly
        Via:
          - 1.1 a63e706ec0cc4cfd2d2032bf4b7c2ce6.cloudfront.net (CloudFront)
        X-Amz-Cf-Id:
          - PPmPTjeVLShC108VMEksUYqojTN_PkcofOXbpmSeUM4nEzdY6eokyg==
        X-Amz-Cf-Pop:
          - SCL50-C1
        X-CULQI-ENVIRONMENT:
          - test
        X-CULQI-TRACKING-ID:
          - "10138161"
        X-CULQI-VERSION:
          - 2.0.0
        X-Cache:
          - Miss from cloudfront
        x-amz-apigw-id:
          - byc2fGLDoAMFgmw=
        x-amzn-Remapped-Date:
          - Sat, 06 Mar 2021 23:21:51 GMT
        x-amzn-Remapped-Server:
          - Apache-Coyote/1.1
        x-amzn-RequestId:
          - 6c9c5c0e-4f24-4ca9-9bff-c89d1b35f727
      status:
        code: 201
        message: Created
  - request:
      body: "null"
      headers:
        Accept:
          - application/json
        Accept-Encoding:
          - gzip, deflate
        Authorization:
          - Bearer culiq_api_key
        Connection:
          - keep-alive
        Content-Length:
          - "4"
        Content-type:
          - application/json
        User-Agent:
          - Culqi-API-Python/1.0.1
      method: POST
      uri: https://api.culqi.com/v2/orders/ord_test_6tcOIbgHdcSpqiZ4/confirm
    response:
      body:
        string:
          '{"object":"order","id":"ord_test_6tcOIbgHdcSpqiZ4","amount":1000,"payment_code":"044779147","currency_code":"PEN","description":"Venta
          de prueba","order_number":"order-4fd4","state":"pending","total_fee":null,"net_amount":null,"fee_details":null,"creation_date":1615072911,"expiration_date":1893474000,"updated_at":1615072911,"paid_at":null,"available_on":null,"metadata":{}}'
      headers:
        Connection:
          - keep-alive
        Content-Length:
          - "375"
        Content-Type:
          - application/json;charset=UTF-8
        Date:
          - Sat, 06 Mar 2021 23:21:52 GMT
        Set-Cookie:
          - JSESSIONID=E4FA0DE2887153BA5EC78B0F5D91B934; Path=/api/; HttpOnly
        Via:
          - 1.1 a63e706ec0cc4cfd2d2032bf4b7c2ce6.cloudfront.net (CloudFront)
        X-Amz-Cf-Id:
          - jMp8eJfdeD_5i4pxjaKCxI3WI8D2591SaMyjKHFBbr84VMtaDdWoMg==
        X-Amz-Cf-Pop:
          - SCL50-C1
        X-CULQI-ENVIRONMENT:
          - test
        X-CULQI-TRACKING-ID:
          - "10138162"
        X-CULQI-VERSION:
          - 2.0.0
        X-Cache:
          - Miss from cloudfront
        x-amz-apigw-id:
          - byc2jHO0IAMFiNA=
        x-amzn-Remapped-Date:
          - Sat, 06 Mar 2021 23:21:52 GMT
        x-amzn-Remapped-Server:
          - Apache-Coyote/1.1
        x-amzn-RequestId:
          - 8b5d84d3-0ff0-46df-b5b0-c52f3422836a
      status:
        code: 201
        message: Created
  - request:
      body:
        '{"amount": 1000, "currency_code": "PEN", "description": "Venta de prueba",
        "order_number": "order-366f", "client_details": {"first_name": "Richard", "last_name":
        "Piedpiper", "email": "richard@piedpiper.com", "phone_number": "+51998989789"},
        "expiration_date": 1893474000, "confirm": false}'
      headers:
        Accept:
          - application/json
        Accept-Encoding:
          - gzip, deflate
        Authorization:
          - Bearer culiq_api_key
        Connection:
          - keep-alive
        Content-Length:
          - "290"
        Content-type:
          - application/json
        User-Agent:
          - Culqi-API-Python/1.0.1
      method: POST
      uri: https://api.culqi.com/v2/orders
    response:
      body:
        string:
          '{"object":"order","id":"ord_test_HfS2N1iXpUrOkF0n","amount":1000,"payment_code":null,"currency_code":"PEN","description":"Venta
          de prueba","order_number":"order-366f","state":"created","total_fee":null,"net_amount":null,"fee_details":null,"creation_date":1615073259,"expiration_date":1893474000,"updated_at":1615073259,"paid_at":null,"available_on":null,"metadata":{}}'
      headers:
        Connection:
          - keep-alive
        Content-Length:
          - "368"
        Content-Type:
          - application/json;charset=UTF-8
        Date:
          - Sat, 06 Mar 2021 23:27:39 GMT
        Set-Cookie:
          - JSESSIONID=9396E409C4A1578EEA66EF3D80714905; Path=/api/; HttpOnly
        Via:
          - 1.1 595890fa6c443730f0ef48eb659a8528.cloudfront.net (CloudFront)
        X-Amz-Cf-Id:
          - QoweJc1A5O7WJlLwGYjW7eovQEDncH7f0Yw2k7A0HYo5CVcX5Gpyyg==
        X-Amz-Cf-Pop:
          - SCL50-C1
        X-CULQI-ENVIRONMENT:
          - test
        X-CULQI-TRACKING-ID:
          - "10138379"
        X-CULQI-VERSION:
          - 2.0.0
        X-Cache:
          - Miss from cloudfront
        x-amz-apigw-id:
          - bydswHszIAMF0lA=
        x-amzn-Remapped-Date:
          - Sat, 06 Mar 2021 23:27:38 GMT
        x-amzn-Remapped-Server:
          - Apache-Coyote/1.1
        x-amzn-RequestId:
          - 3fd29ae8-5f44-438c-a595-3d2b21ffb7a7
      status:
        code: 201
        message: Created
  - request:
      body: "null"
      headers:
        Accept:
          - application/json
        Accept-Encoding:
          - gzip, deflate
        Authorization:
          - Bearer culiq_api_key
        Connection:
          - keep-alive
        Content-Length:
          - "4"
        Content-type:
          - application/json
        User-Agent:
          - Culqi-API-Python/1.0.1
      method: POST
      uri: https://api.culqi.com/v2/orders/ord_test_HfS2N1iXpUrOkF0n/confirm
    response:
      body:
        string:
          '{"object":"order","id":"ord_test_HfS2N1iXpUrOkF0n","amount":1000,"payment_code":"024491699","currency_code":"PEN","description":"Venta
          de prueba","order_number":"order-366f","state":"pending","total_fee":null,"net_amount":null,"fee_details":null,"creation_date":1615073259,"expiration_date":1893474000,"updated_at":1615073259,"paid_at":null,"available_on":null,"metadata":{}}'
      headers:
        Connection:
          - keep-alive
        Content-Length:
          - "375"
        Content-Type:
          - application/json;charset=UTF-8
        Date:
          - Sat, 06 Mar 2021 23:27:40 GMT
        Set-Cookie:
          - JSESSIONID=69FC5969DCB7A08DA14742FA8AFD6ECF; Path=/api/; HttpOnly
        Via:
          - 1.1 595890fa6c443730f0ef48eb659a8528.cloudfront.net (CloudFront)
        X-Amz-Cf-Id:
          - 2CIiTWxgR3eYGRe2n_Bn9NG5YNX13cNDmiOHIDYyRwN_wDf0QQrHfw==
        X-Amz-Cf-Pop:
          - SCL50-C1
        X-CULQI-ENVIRONMENT:
          - test
        X-CULQI-TRACKING-ID:
          - "10138380"
        X-CULQI-VERSION:
          - 2.0.0
        X-Cache:
          - Miss from cloudfront
        x-amz-apigw-id:
          - byds3E6moAMFeVg=
        x-amzn-Remapped-Date:
          - Sat, 06 Mar 2021 23:27:40 GMT
        x-amzn-Remapped-Server:
          - Apache-Coyote/1.1
        x-amzn-RequestId:
          - 62038c96-fe39-40f4-863a-1683e79fda61
      status:
        code: 201
        message: Created
  - request:
      body:
        '{"amount": 1000, "currency_code": "PEN", "description": "Venta de prueba",
        "order_number": "order-355f", "client_details": {"first_name": "Richard", "last_name":
        "Piedpiper", "email": "richard@piedpiper.com", "phone_number": "+51998989789"},
        "expiration_date": 1893474000, "confirm": false}'
      headers:
        Accept:
          - application/json
        Accept-Encoding:
          - gzip, deflate
        Authorization:
          - Bearer culiq_api_key
        Connection:
          - keep-alive
        Content-Length:
          - "290"
        Content-type:
          - application/json
        User-Agent:
          - Culqi-API-Python/1.0.1
      method: POST
      uri: https://api.culqi.com/v2/orders
    response:
      body:
        string:
          '{"object":"order","id":"ord_test_wk26CRIAAmF4x9oM","amount":1000,"payment_code":null,"currency_code":"PEN","description":"Venta
          de prueba","order_number":"order-355f","state":"created","total_fee":null,"net_amount":null,"fee_details":null,"creation_date":1615121672,"expiration_date":1893474000,"updated_at":1615121672,"paid_at":null,"available_on":null,"metadata":{}}'
      headers:
        Connection:
          - keep-alive
        Content-Length:
          - "368"
        Content-Type:
          - application/json;charset=UTF-8
        Date:
          - Sun, 07 Mar 2021 12:54:32 GMT
        Set-Cookie:
          - JSESSIONID=B87FFA09DE212CBB48067F0AE3BD314E; Path=/api/; HttpOnly
        Via:
          - 1.1 5e8f5005b2ffddfbe47e54d30a874656.cloudfront.net (CloudFront)
        X-Amz-Cf-Id:
          - IYu8mQtj0L-i8L4H9Gz0bobMn805KD6fvN7asoMhiQwbD_AlL_mTRg==
        X-Amz-Cf-Pop:
          - SCL50-C1
        X-CULQI-ENVIRONMENT:
          - test
        X-CULQI-TRACKING-ID:
          - "10141029"
        X-CULQI-VERSION:
          - 2.0.0
        X-Cache:
          - Miss from cloudfront
        x-amz-apigw-id:
          - b0T5RGVGoAMFaFw=
        x-amzn-Remapped-Date:
          - Sun, 07 Mar 2021 12:54:31 GMT
        x-amzn-Remapped-Server:
          - Apache-Coyote/1.1
        x-amzn-RequestId:
          - 5d381f10-87ea-4b78-8660-061aee792130
      status:
        code: 201
        message: Created
  - request:
      body: "null"
      headers:
        Accept:
          - application/json
        Accept-Encoding:
          - gzip, deflate
        Authorization:
          - Bearer culiq_api_key
        Connection:
          - keep-alive
        Content-Length:
          - "4"
        Content-type:
          - application/json
        User-Agent:
          - Culqi-API-Python/1.0.1
      method: POST
      uri: https://api.culqi.com/v2/orders/ord_test_wk26CRIAAmF4x9oM/confirm
    response:
      body:
        string:
          '{"object":"order","id":"ord_test_wk26CRIAAmF4x9oM","amount":1000,"payment_code":"066524279","currency_code":"PEN","description":"Venta
          de prueba","order_number":"order-355f","state":"pending","total_fee":null,"net_amount":null,"fee_details":null,"creation_date":1615121672,"expiration_date":1893474000,"updated_at":1615121672,"paid_at":null,"available_on":null,"metadata":{}}'
      headers:
        Connection:
          - keep-alive
        Content-Length:
          - "375"
        Content-Type:
          - application/json;charset=UTF-8
        Date:
          - Sun, 07 Mar 2021 12:54:32 GMT
        Set-Cookie:
          - JSESSIONID=5079DC8A40A6FE533B39EB8B22081F34; Path=/api/; HttpOnly
        Via:
          - 1.1 5e8f5005b2ffddfbe47e54d30a874656.cloudfront.net (CloudFront)
        X-Amz-Cf-Id:
          - cZYTdDwv0by7cYasoR14x2X00UBKbcFXocJvoLizeSPsgK89TmaFsA==
        X-Amz-Cf-Pop:
          - SCL50-C1
        X-CULQI-ENVIRONMENT:
          - test
        X-CULQI-TRACKING-ID:
          - "10141030"
        X-CULQI-VERSION:
          - 2.0.0
        X-Cache:
          - Miss from cloudfront
        x-amz-apigw-id:
          - b0T5WGfHIAMFlzw=
        x-amzn-Remapped-Date:
          - Sun, 07 Mar 2021 12:54:32 GMT
        x-amzn-Remapped-Server:
          - Apache-Coyote/1.1
        x-amzn-RequestId:
          - db6a3c6a-3842-490b-b41c-1c2e914262e9
      status:
        code: 201
        message: Created
  - request:
      body:
        '{"amount": 1000, "currency_code": "PEN", "description": "Venta de prueba",
        "order_number": "order-762d", "client_details": {"first_name": "Richard", "last_name":
        "Piedpiper", "email": "richard@piedpiper.com", "phone_number": "+51998989789"},
        "expiration_date": 1893474000, "confirm": false}'
      headers:
        Accept:
          - application/json
        Accept-Encoding:
          - gzip, deflate
        Authorization:
          - Bearer culiq_api_key
        Connection:
          - keep-alive
        Content-Length:
          - "290"
        Content-type:
          - application/json
        User-Agent:
          - Culqi-API-Python/1.0.1
      method: POST
      uri: https://api.culqi.com/v2/orders
    response:
      body:
        string:
          '{"object":"order","id":"ord_test_ujTlPeI7p33QJUnp","amount":1000,"payment_code":null,"currency_code":"PEN","description":"Venta
          de prueba","order_number":"order-762d","state":"created","total_fee":null,"net_amount":null,"fee_details":null,"creation_date":1615123658,"expiration_date":1893474000,"updated_at":1615123658,"paid_at":null,"available_on":null,"metadata":{}}'
      headers:
        Connection:
          - keep-alive
        Content-Length:
          - "368"
        Content-Type:
          - application/json;charset=UTF-8
        Date:
          - Sun, 07 Mar 2021 13:27:38 GMT
        Set-Cookie:
          - JSESSIONID=D7C0CC934D6B8684D4FC04A8A3DC0639; Path=/api/; HttpOnly
        Via:
          - 1.1 7e3976a866c063e64606fe6681dab899.cloudfront.net (CloudFront)
        X-Amz-Cf-Id:
          - Ux1Up4kHOqOowm-b4u6DLKeE7A9JCDVh4R8x30rplxSFy0FkgChA2g==
        X-Amz-Cf-Pop:
          - SCL50-C1
        X-CULQI-ENVIRONMENT:
          - test
        X-CULQI-TRACKING-ID:
          - "10141330"
        X-CULQI-VERSION:
          - 2.0.0
        X-Cache:
          - Miss from cloudfront
        x-amz-apigw-id:
          - b0YvlGOOIAMF_aA=
        x-amzn-Remapped-Date:
          - Sun, 07 Mar 2021 13:27:37 GMT
        x-amzn-Remapped-Server:
          - Apache-Coyote/1.1
        x-amzn-RequestId:
          - fe110bfa-e39c-46ef-b313-3afcd75d5a8c
      status:
        code: 201
        message: Created
  - request:
      body: "null"
      headers:
        Accept:
          - application/json
        Accept-Encoding:
          - gzip, deflate
        Authorization:
          - Bearer culiq_api_key
        Connection:
          - keep-alive
        Content-Length:
          - "4"
        Content-type:
          - application/json
        User-Agent:
          - Culqi-API-Python/1.0.1
      method: POST
      uri: https://api.culqi.com/v2/orders/ord_test_ujTlPeI7p33QJUnp/confirm
    response:
      body:
        string:
          '{"object":"order","id":"ord_test_ujTlPeI7p33QJUnp","amount":1000,"payment_code":"028628287","currency_code":"PEN","description":"Venta
          de prueba","order_number":"order-762d","state":"pending","total_fee":null,"net_amount":null,"fee_details":null,"creation_date":1615123658,"expiration_date":1893474000,"updated_at":1615123658,"paid_at":null,"available_on":null,"metadata":{}}'
      headers:
        Connection:
          - keep-alive
        Content-Length:
          - "375"
        Content-Type:
          - application/json;charset=UTF-8
        Date:
          - Sun, 07 Mar 2021 13:27:39 GMT
        Set-Cookie:
          - JSESSIONID=E884740324DD82ED9F96F58C867FB3D3; Path=/api/; HttpOnly
        Via:
          - 1.1 7e3976a866c063e64606fe6681dab899.cloudfront.net (CloudFront)
        X-Amz-Cf-Id:
          - XlAJat7KXLE_W2xv17SnWXEoqLX3T_yvwViPzB-1Jdqmw3kpBLxx6w==
        X-Amz-Cf-Pop:
          - SCL50-C1
        X-CULQI-ENVIRONMENT:
          - test
        X-CULQI-TRACKING-ID:
          - "10141331"
        X-CULQI-VERSION:
          - 2.0.0
        X-Cache:
          - Miss from cloudfront
        x-amz-apigw-id:
          - b0YvsEuHoAMFiGw=
        x-amzn-Remapped-Date:
          - Sun, 07 Mar 2021 13:27:39 GMT
        x-amzn-Remapped-Server:
          - Apache-Coyote/1.1
        x-amzn-RequestId:
          - f81b1493-f651-4642-be80-2a040af7d658
      status:
        code: 201
        message: Created
  - request:
      body:
        '{"amount": 1000, "currency_code": "PEN", "description": "Venta de prueba",
        "order_number": "order-8e6e", "client_details": {"first_name": "Richard", "last_name":
        "Piedpiper", "email": "richard@piedpiper.com", "phone_number": "+51998989789"},
        "expiration_date": 1893474000, "confirm": false}'
      headers:
        Accept:
          - application/json
        Accept-Encoding:
          - gzip, deflate
        Authorization:
          - Bearer culiq_api_key
        Connection:
          - keep-alive
        Content-Length:
          - "290"
        Content-type:
          - application/json
        User-Agent:
          - Culqi-API-Python/1.0.1
      method: POST
      uri: https://api.culqi.com/v2/orders
    response:
      body:
        string:
          '{"object":"order","id":"ord_test_j64eh62vA1EFfwSX","amount":1000,"payment_code":null,"currency_code":"PEN","description":"Venta
          de prueba","order_number":"order-8e6e","state":"created","total_fee":null,"net_amount":null,"fee_details":null,"creation_date":1615129648,"expiration_date":1893474000,"updated_at":1615129648,"paid_at":null,"available_on":null,"metadata":{}}'
      headers:
        Connection:
          - keep-alive
        Content-Length:
          - "368"
        Content-Type:
          - application/json;charset=UTF-8
        Date:
          - Sun, 07 Mar 2021 15:07:28 GMT
        Set-Cookie:
          - JSESSIONID=AD3D608E215252A8AA181148D376F9C0; Path=/api/; HttpOnly
        Via:
          - 1.1 a26c307f1caab99490ddcc62da38effc.cloudfront.net (CloudFront)
        X-Amz-Cf-Id:
          - SUFZoLFoH0szzIzDueojYA-fJxi8u3xA8nOKdjmPwua9_FjLw-vVEg==
        X-Amz-Cf-Pop:
          - SCL50-C1
        X-CULQI-ENVIRONMENT:
          - test
        X-CULQI-TRACKING-ID:
          - "10141975"
        X-CULQI-VERSION:
          - 2.0.0
        X-Cache:
          - Miss from cloudfront
        x-amz-apigw-id:
          - b0nXnHTwoAMFRdA=
        x-amzn-Remapped-Date:
          - Sun, 07 Mar 2021 15:07:28 GMT
        x-amzn-Remapped-Server:
          - Apache-Coyote/1.1
        x-amzn-RequestId:
          - 04b5d969-988e-4efe-9251-82dd675e49c3
      status:
        code: 201
        message: Created
  - request:
      body: "null"
      headers:
        Accept:
          - application/json
        Accept-Encoding:
          - gzip, deflate
        Authorization:
          - Bearer culiq_api_key
        Connection:
          - keep-alive
        Content-Length:
          - "4"
        Content-type:
          - application/json
        User-Agent:
          - Culqi-API-Python/1.0.1
      method: POST
      uri: https://api.culqi.com/v2/orders/ord_test_j64eh62vA1EFfwSX/confirm
    response:
      body:
        string:
          '{"object":"order","id":"ord_test_j64eh62vA1EFfwSX","amount":1000,"payment_code":"022141694","currency_code":"PEN","description":"Venta
          de prueba","order_number":"order-8e6e","state":"pending","total_fee":null,"net_amount":null,"fee_details":null,"creation_date":1615129648,"expiration_date":1893474000,"updated_at":1615129648,"paid_at":null,"available_on":null,"metadata":{}}'
      headers:
        Connection:
          - keep-alive
        Content-Length:
          - "375"
        Content-Type:
          - application/json;charset=UTF-8
        Date:
          - Sun, 07 Mar 2021 15:07:29 GMT
        Set-Cookie:
          - JSESSIONID=A7EDBBEEC72125915590522B6B6010E5; Path=/api/; HttpOnly
        Via:
          - 1.1 a26c307f1caab99490ddcc62da38effc.cloudfront.net (CloudFront)
        X-Amz-Cf-Id:
          - RAE6tQ74SZmpjytw6JL0vMNQJszdN3JuTcfQxp25a6COfjkXpLU_7Q==
        X-Amz-Cf-Pop:
          - SCL50-C1
        X-CULQI-ENVIRONMENT:
          - test
        X-CULQI-TRACKING-ID:
          - "10141976"
        X-CULQI-VERSION:
          - 2.0.0
        X-Cache:
          - Miss from cloudfront
        x-amz-apigw-id:
          - b0nXrHD6IAMFoyg=
        x-amzn-Remapped-Date:
          - Sun, 07 Mar 2021 15:07:29 GMT
        x-amzn-Remapped-Server:
          - Apache-Coyote/1.1
        x-amzn-RequestId:
          - 8ca1a952-e555-4b99-8bc4-684cf33a9b81
      status:
        code: 201
        message: Created
  - request:
      body:
        '{"amount": 1000, "currency_code": "PEN", "description": "Venta de prueba",
        "order_number": "order-b6a1", "client_details": {"first_name": "Richard", "last_name":
        "Piedpiper", "email": "richard@piedpiper.com", "phone_number": "+51998989789"},
        "expiration_date": 1893474000, "confirm": false}'
      headers:
        Accept:
          - application/json
        Accept-Encoding:
          - gzip, deflate
        Authorization:
          - Bearer culiq_api_key
        Connection:
          - keep-alive
        Content-Length:
          - "290"
        Content-type:
          - application/json
        User-Agent:
          - Culqi-API-Python/1.0.1
      method: POST
      uri: https://api.culqi.com/v2/orders
    response:
      body:
        string:
          '{"object":"order","id":"ord_test_bWwS9sB9fyUvfrrv","amount":1000,"payment_code":null,"currency_code":"PEN","description":"Venta
          de prueba","order_number":"order-b6a1","state":"created","total_fee":null,"net_amount":null,"fee_details":null,"creation_date":1615131761,"expiration_date":1893474000,"updated_at":1615131761,"paid_at":null,"available_on":null,"metadata":{}}'
      headers:
        Connection:
          - keep-alive
        Content-Length:
          - "368"
        Content-Type:
          - application/json;charset=UTF-8
        Date:
          - Sun, 07 Mar 2021 15:42:41 GMT
        Set-Cookie:
          - JSESSIONID=A4179684EE31B1C3268F58A8A345AD15; Path=/api/; HttpOnly
        Via:
          - 1.1 d083f48319163c88d60fbeb2218dbf65.cloudfront.net (CloudFront)
        X-Amz-Cf-Id:
          - wQiTUVDXi6AyZhQflxLMywbhauAaJWHc4njWRI3EMko5BE5vMw4Zrw==
        X-Amz-Cf-Pop:
          - SCL50-C1
        X-CULQI-ENVIRONMENT:
          - test
        X-CULQI-TRACKING-ID:
          - "10142330"
        X-CULQI-VERSION:
          - 2.0.0
        X-Cache:
          - Miss from cloudfront
        x-amz-apigw-id:
          - b0shqEA1oAMFoBw=
        x-amzn-Remapped-Date:
          - Sun, 07 Mar 2021 15:42:41 GMT
        x-amzn-Remapped-Server:
          - Apache-Coyote/1.1
        x-amzn-RequestId:
          - ac6c29cd-b3d0-48a6-a010-bc15babe7ee5
      status:
        code: 201
        message: Created
  - request:
      body: "null"
      headers:
        Accept:
          - application/json
        Accept-Encoding:
          - gzip, deflate
        Authorization:
          - Bearer culiq_api_key
        Connection:
          - keep-alive
        Content-Length:
          - "4"
        Content-type:
          - application/json
        User-Agent:
          - Culqi-API-Python/1.0.1
      method: POST
      uri: https://api.culqi.com/v2/orders/ord_test_bWwS9sB9fyUvfrrv/confirm
    response:
      body:
        string:
          '{"object":"order","id":"ord_test_bWwS9sB9fyUvfrrv","amount":1000,"payment_code":"030393402","currency_code":"PEN","description":"Venta
          de prueba","order_number":"order-b6a1","state":"pending","total_fee":null,"net_amount":null,"fee_details":null,"creation_date":1615131761,"expiration_date":1893474000,"updated_at":1615131761,"paid_at":null,"available_on":null,"metadata":{}}'
      headers:
        Connection:
          - keep-alive
        Content-Length:
          - "375"
        Content-Type:
          - application/json;charset=UTF-8
        Date:
          - Sun, 07 Mar 2021 15:42:41 GMT
        Set-Cookie:
          - JSESSIONID=7684FB5544014018D98F270829F0E166; Path=/api/; HttpOnly
        Via:
          - 1.1 d083f48319163c88d60fbeb2218dbf65.cloudfront.net (CloudFront)
        X-Amz-Cf-Id:
          - bLDUuwmEsxYcePQAgrm5WC9KQomKmPEaENMktEmZdvHwtkYHtJz94A==
        X-Amz-Cf-Pop:
          - SCL50-C1
        X-CULQI-ENVIRONMENT:
          - test
        X-CULQI-TRACKING-ID:
          - "10142331"
        X-CULQI-VERSION:
          - 2.0.0
        X-Cache:
          - Miss from cloudfront
        x-amz-apigw-id:
          - b0shxF1JoAMF1dw=
        x-amzn-Remapped-Date:
          - Sun, 07 Mar 2021 15:42:41 GMT
        x-amzn-Remapped-Server:
          - Apache-Coyote/1.1
        x-amzn-RequestId:
          - e86ef4e0-02d7-4fc9-8894-b215e8341bbc
      status:
        code: 201
        message: Created
version: 1
