interactions:
  - request:
      body:
        '{"cvv": "123", "card_number": "4111111111111111", "expiration_year": "2025",
        "expiration_month": "09", "email": "richard58d2@piedpiper.com"}'
      headers:
        Accept:
          - application/json
        Accept-Encoding:
          - gzip, deflate
        Authorization:
          - Bearer culiq_api_key
        Connection:
          - keep-alive
        Content-Length:
          - "140"
        Content-type:
          - application/json
        User-Agent:
          - Culqi-API-Python/1.0.4
      method: POST
      uri: https://secure.culqi.com/v2/tokens
    response:
      body:
        string: "{\"object\":\"token\",\"id\":\"tkn_test_KjoimZhER88DJonW\",\"type\":\"card\",\"creation_date\":1589341156000,\"email\":\"richard58d2@piedpiper.com\",\"card_number\":\"411111******1111\",\"last_four\":\"1111\",\"active\":true,\"iin\":{\"object\":\"iin\",\"bin\":\"411111\",\"card_brand\":\"Visa\",\"card_type\":\"credito\",\"card_category\":\"Cl\xE1sica\",\"issuer\":{\"name\":\"BBVA\",\"country\":\"PERU\",\"country_code\":\"PE\",\"website\":null,\"phone_number\":null},\"installments_allowed\":[2,4,6,8,10,12,3,5,7,9,24,48]},\"client\":{\"ip\":\"190.237.22.191\",\"ip_country\":\"Peru\",\"ip_country_code\":\"PE\",\"browser\":\"UNKNOWN\",\"device_fingerprint\":null,\"device_type\":\"Escritorio\"},\"metadata\":{}}"
      headers:
        Connection:
          - keep-alive
        Content-Encoding:
          - UTF-8
        Content-Length:
          - "617"
        Content-Type:
          - application/json;charset=UTF-8
        Date:
          - Wed, 13 May 2020 03:39:17 GMT
        Via:
          - 1.1 a26c307f1caab99490ddcc62da38effc.cloudfront.net (CloudFront)
        X-Amz-Cf-Id:
          - ZKi24GxIDYKxCHjGuJhIH6FqXNghW4bPDdlGp4O0FW3f3FVuvtZxpQ==
        X-Amz-Cf-Pop:
          - SCL50-C1
        X-Amzn-Trace-Id:
          - Root=1-5ebb6be4-ba0bc8c433feda38a97603cc;Sampled=0
        X-Cache:
          - Miss from cloudfront
        x-amz-apigw-id:
          - Mc3LtFOkIAMFQ2w=
        x-amzn-Remapped-Content-Length:
          - "617"
        x-amzn-RequestId:
          - b6822b48-6e5e-484f-9df6-94c32ec10b40
      status:
        code: 201
        message: Created
  - request:
      body:
        '{"address": "Avenida Lima 123213", "address_city": "LIMA", "country_code":
        "PE", "email": "richard58d2@piedpiper.com", "first_name": "Richard", "last_name":
        "Piedpiper", "phone_number": "+51998989789"}'
      headers:
        Accept:
          - application/json
        Accept-Encoding:
          - gzip, deflate
        Authorization:
          - Bearer culiq_api_key
        Connection:
          - keep-alive
        Content-Length:
          - "201"
        Content-type:
          - application/json
        User-Agent:
          - Culqi-API-Python/1.0.4
      method: POST
      uri: https://api.culqi.com/v2/customers
    response:
      body:
        string:
          '{"object":"customer","id":"cus_test_pJC8Trzdt7fYYIav","creation_date":1589341157897,"email":"richard58d2@piedpiper.com","antifraud_details":{"first_name":"Richard","last_name":"Piedpiper","address":"Avenida
          Lima 123213","address_city":"LIMA","country_code":"PE","phone":"+51998989789","object":"client"},"metadata":{}}'
      headers:
        Connection:
          - keep-alive
        Content-Length:
          - "318"
        Content-Type:
          - application/json;charset=UTF-8
        Date:
          - Wed, 13 May 2020 03:39:17 GMT
        Via:
          - 1.1 76c5d392ef84c77d3b4f4a4ef8f367b3.cloudfront.net (CloudFront)
        X-Amz-Cf-Id:
          - CpsUK3dhCenq_2sCTXa7TyhU1CgLlenCnMDaW7iiI_Ahx9tNAOMYvQ==
        X-Amz-Cf-Pop:
          - SCL50-C1
        X-Amzn-Trace-Id:
          - Root=1-5ebb6be5-c2ff0f00013eb016564efd3a;Sampled=0
        X-Cache:
          - Miss from cloudfront
        set-cookie:
          - JSESSIONID=743A7FDDE2D247D52EDFAF7B76A4859F; Path=/api; HttpOnly
        x-amz-apigw-id:
          - Mc3L5EPsoAMFcHQ=
        x-amzn-RequestId:
          - ed50ea31-01f7-4b93-b299-879ee4daa72f
        x-culqi-environment:
          - test
        x-culqi-tracking-id:
          - "6892594"
        x-culqi-version:
          - 2.0.0
      status:
        code: 201
        message: Created
  - request:
      body: '{"token_id": "tkn_test_KjoimZhER88DJonW", "customer_id": "cus_test_pJC8Trzdt7fYYIav"}'
      headers:
        Accept:
          - application/json
        Accept-Encoding:
          - gzip, deflate
        Authorization:
          - Bearer culiq_api_key
        Connection:
          - keep-alive
        Content-Length:
          - "85"
        Content-type:
          - application/json
        User-Agent:
          - Culqi-API-Python/1.0.4
      method: POST
      uri: https://api.culqi.com/v2/cards
    response:
      body:
        string: "{\"object\":\"card\",\"id\":\"crd_test_6WSHO543AIt6ISKd\",\"active\":true,\"creation_date\":1589341163119,\"customer_id\":\"cus_test_pJC8Trzdt7fYYIav\",\"source\":{\"object\":\"token\",\"id\":\"tkn_test_KjoimZhER88DJonW\",\"type\":\"card\",\"creation_date\":1589341156000,\"email\":\"richard58d2@piedpiper.com\",\"card_number\":\"411111******1111\",\"last_four\":\"1111\",\"active\":true,\"iin\":{\"object\":\"iin\",\"bin\":\"411111\",\"card_brand\":\"Visa\",\"card_type\":\"credito\",\"card_category\":\"Cl\xE1sica\",\"issuer\":{\"name\":\"BBVA\",\"country\":\"PERU\",\"country_code\":\"PE\",\"website\":null,\"phone_number\":null},\"installments_allowed\":[2,4,6,8,10,12,3,5,7,9,24,48]},\"client\":{\"ip\":\"190.237.22.191\",\"ip_country\":\"Peru\",\"ip_country_code\":\"PE\",\"browser\":\"UNKNOWN\",\"device_fingerprint\":null,\"device_type\":\"Escritorio\"},\"metadata\":{}},\"metadata\":{\"ZDA\":true}}"
      headers:
        Connection:
          - keep-alive
        Content-Length:
          - "787"
        Content-Type:
          - application/json;charset=UTF-8
        Date:
          - Wed, 13 May 2020 03:39:23 GMT
        Via:
          - 1.1 76c5d392ef84c77d3b4f4a4ef8f367b3.cloudfront.net (CloudFront)
        X-Amz-Cf-Id:
          - JsAUBl-tVVaQVNEJPXRdEPV29NyhkHczrf87gWHwdDuuSC1RkVTffw==
        X-Amz-Cf-Pop:
          - SCL50-C1
        X-Amzn-Trace-Id:
          - Root=1-5ebb6be6-747c8347eab7b3c2515eec95;Sampled=0
        X-Cache:
          - Miss from cloudfront
        set-cookie:
          - JSESSIONID=91636016D70795CEBE93EDF498A843E2; Path=/api; HttpOnly
        x-amz-apigw-id:
          - Mc3MBFTZIAMF8FQ=
        x-amzn-RequestId:
          - ad1c7399-d4ea-4b5e-bf0d-cc824791bc33
        x-culqi-environment:
          - test
        x-culqi-tracking-id:
          - "6892595"
        x-culqi-version:
          - 2.0.0
      status:
        code: 201
        message: Created
  - request:
      body:
        '{"amount": 1000, "currency_code": "PEN", "interval": "dias", "interval_count":
        2, "limit": 10, "name": "plan-c654", "trial_days": 30}'
      headers:
        Accept:
          - application/json
        Accept-Encoding:
          - gzip, deflate
        Authorization:
          - Bearer culiq_api_key
        Connection:
          - keep-alive
        Content-Length:
          - "133"
        Content-type:
          - application/json
        User-Agent:
          - Culqi-API-Python/1.0.4
      method: POST
      uri: https://api.culqi.com/v2/plans
    response:
      body:
        string: "{\"object\":\"plan\",\"id\":\"pln_test_iOVLqg6aJYOpnJH6\",\"creation_date\":1589341163000,\"name\":\"plan-c654\",\"amount\":1000,\"currency_code\":\"PEN\",\"interval_count\":2,\"interval\":\"D\xEDas\",\"limit\":10,\"trial_days\":30,\"total_subscriptions\":0,\"metadata\":{}}"
      headers:
        Connection:
          - keep-alive
        Content-Length:
          - "238"
        Content-Type:
          - application/json;charset=UTF-8
        Date:
          - Wed, 13 May 2020 03:39:24 GMT
        Via:
          - 1.1 76c5d392ef84c77d3b4f4a4ef8f367b3.cloudfront.net (CloudFront)
        X-Amz-Cf-Id:
          - srB1utZYRongDQhuRRNT_vwXVH-0CsrQh5bJCKPQ68jKKQ3fdOAvwQ==
        X-Amz-Cf-Pop:
          - SCL50-C1
        X-Amzn-Trace-Id:
          - Root=1-5ebb6beb-474146c88c08845c41b5802c;Sampled=0
        X-Cache:
          - Miss from cloudfront
        set-cookie:
          - JSESSIONID=2A7592109051154FFE3EB7D8217C5F85; Path=/api; HttpOnly
        x-amz-apigw-id:
          - Mc3M1F6sIAMFpRQ=
        x-amzn-RequestId:
          - b5e9047c-4560-4fad-b051-486eaa2a0b65
        x-culqi-environment:
          - test
        x-culqi-tracking-id:
          - "6892598"
        x-culqi-version:
          - 2.0.0
      status:
        code: 201
        message: Created
  - request:
      body: '{"card_id": "crd_test_6WSHO543AIt6ISKd", "plan_id": "pln_test_iOVLqg6aJYOpnJH6"}'
      headers:
        Accept:
          - application/json
        Accept-Encoding:
          - gzip, deflate
        Authorization:
          - Bearer culiq_api_key
        Connection:
          - keep-alive
        Content-Length:
          - "80"
        Content-type:
          - application/json
        User-Agent:
          - Culqi-API-Python/1.0.4
      method: POST
      uri: https://api.culqi.com/v2/subscriptions
    response:
      body:
        string: "{\"object\":\"subscription\",\"id\":\"sub_test_qfNHRRMfTGt4Qd3K\",\"creation_date\":1589341164000,\"status\":\"Activa\",\"current_period\":0,\"total_period\":10,\"current_period_start\":1591851600000,\"current_period_end\":1592024400000,\"cancel_at_period_end\":false,\"cancel_at\":null,\"ended_at\":1593579600000,\"next_billing_date\":1591851600000,\"trial_start\":1589341164000,\"trial_end\":1591933164000,\"charges\":[],\"plan\":{\"object\":\"plan\",\"id\":\"pln_test_iOVLqg6aJYOpnJH6\",\"creation_date\":1589341163000,\"name\":\"plan-c654\",\"amount\":1000,\"currency_code\":\"PEN\",\"interval_count\":2,\"interval\":\"D\xEDas\",\"limit\":10,\"trial_days\":30,\"total_subscriptions\":1,\"metadata\":{}},\"card\":{\"object\":\"card\",\"id\":\"crd_test_6WSHO543AIt6ISKd\",\"active\":true,\"creation_date\":1589341163000,\"customer_id\":\"cus_test_pJC8Trzdt7fYYIav\",\"source\":{\"object\":\"token\",\"id\":\"tkn_test_KjoimZhER88DJonW\",\"type\":\"card\",\"creation_date\":1589341156000,\"email\":\"richard58d2@piedpiper.com\",\"card_number\":\"411111******1111\",\"last_four\":\"1111\",\"active\":true,\"iin\":{\"object\":\"iin\",\"bin\":\"411111\",\"card_brand\":\"Visa\",\"card_type\":\"credito\",\"card_category\":\"Cl\xE1sica\",\"issuer\":{\"name\":\"BBVA\",\"country\":\"PERU\",\"country_code\":\"PE\",\"website\":null,\"phone_number\":null},\"installments_allowed\":[2,4,6,8,10,12,3,5,7,9,24,48]},\"client\":{\"ip\":\"190.237.22.191\",\"ip_country\":\"Peru\",\"ip_country_code\":\"PE\",\"browser\":\"UNKNOWN\",\"device_fingerprint\":null,\"device_type\":\"Escritorio\"},\"metadata\":{}},\"metadata\":{}},\"metadata\":{}}"
      headers:
        Connection:
          - keep-alive
        Content-Length:
          - "1432"
        Content-Type:
          - application/json;charset=UTF-8
        Date:
          - Wed, 13 May 2020 03:39:24 GMT
        Set-Cookie:
          - JSESSIONID=E8488361FEA25DD88D9CA49D7302613D; Path=/api/; HttpOnly
        Via:
          - 1.1 76c5d392ef84c77d3b4f4a4ef8f367b3.cloudfront.net (CloudFront)
        X-Amz-Cf-Id:
          - YHw74QPhvuMPuGmRUeVplYE8ZCw0PAuTI0hXn1BG7lIwPRXwLloMFg==
        X-Amz-Cf-Pop:
          - SCL50-C1
        X-CULQI-ENVIRONMENT:
          - test
        X-CULQI-TRACKING-ID:
          - "6892599"
        X-CULQI-VERSION:
          - 2.0.0
        X-Cache:
          - Miss from cloudfront
        x-amz-apigw-id:
          - Mc3M-HEzIAMFUDg=
        x-amzn-Remapped-Date:
          - Wed, 13 May 2020 03:39:24 GMT
        x-amzn-Remapped-Server:
          - Apache-Coyote/1.1
        x-amzn-RequestId:
          - 735c92de-f6f9-4be3-accb-1b5b5aef8194
      status:
        code: 201
        message: Created
  - request:
      body: '{"metadata": {"order_id": "0001"}}'
      headers:
        Accept:
          - application/json
        Accept-Encoding:
          - gzip, deflate
        Authorization:
          - Bearer culiq_api_key
        Connection:
          - keep-alive
        Content-Length:
          - "34"
        Content-type:
          - application/json
        User-Agent:
          - Culqi-API-Python/1.0.4
      method: PATCH
      uri: https://api.culqi.com/v2/subscriptions/sub_test_qfNHRRMfTGt4Qd3K
    response:
      body:
        string: "{\"object\":\"subscription\",\"id\":\"sub_test_qfNHRRMfTGt4Qd3K\",\"creation_date\":1589341164000,\"status\":\"Activa\",\"current_period\":0,\"total_period\":10,\"current_period_start\":1591851600000,\"current_period_end\":1592024400000,\"cancel_at_period_end\":false,\"cancel_at\":null,\"ended_at\":1593579600000,\"next_billing_date\":1591851600000,\"trial_start\":1589341164000,\"trial_end\":1591933164000,\"charges\":[],\"plan\":{\"object\":\"plan\",\"id\":\"pln_test_iOVLqg6aJYOpnJH6\",\"creation_date\":1589341163000,\"name\":\"plan-c654\",\"amount\":1000,\"currency_code\":\"PEN\",\"interval_count\":2,\"interval\":\"D\xEDas\",\"limit\":10,\"trial_days\":30,\"total_subscriptions\":1,\"metadata\":{}},\"card\":{\"object\":\"card\",\"id\":\"crd_test_6WSHO543AIt6ISKd\",\"active\":true,\"creation_date\":1589341163000,\"customer_id\":\"cus_test_pJC8Trzdt7fYYIav\",\"source\":{\"object\":\"token\",\"id\":\"tkn_test_KjoimZhER88DJonW\",\"type\":\"card\",\"creation_date\":1589341156000,\"email\":\"richard58d2@piedpiper.com\",\"card_number\":\"411111******1111\",\"last_four\":\"1111\",\"active\":true,\"iin\":{\"object\":\"iin\",\"bin\":\"411111\",\"card_brand\":\"Visa\",\"card_type\":\"credito\",\"card_category\":\"Cl\xE1sica\",\"issuer\":{\"name\":\"BBVA\",\"country\":\"PERU\",\"country_code\":\"PE\",\"website\":null,\"phone_number\":null},\"installments_allowed\":[2,4,6,8,10,12,3,5,7,9,24,48]},\"client\":{\"ip\":\"190.237.22.191\",\"ip_country\":\"Peru\",\"ip_country_code\":\"PE\",\"browser\":\"UNKNOWN\",\"device_fingerprint\":null,\"device_type\":\"Escritorio\"},\"metadata\":{}},\"metadata\":{}},\"metadata\":{\"order_id\":\"0001\"}}"
      headers:
        Connection:
          - keep-alive
        Content-Length:
          - "1449"
        Content-Type:
          - application/json;charset=UTF-8
        Date:
          - Wed, 13 May 2020 03:39:25 GMT
        Set-Cookie:
          - JSESSIONID=BA9194BC355EDB4647A87C414E44AD93; Path=/api/; HttpOnly
        Via:
          - 1.1 76c5d392ef84c77d3b4f4a4ef8f367b3.cloudfront.net (CloudFront)
        X-Amz-Cf-Id:
          - _GfTLJknvOBJ9PisoX6ld2lzOSj14FInhPwKQZUBwEr_gITdcBdjnw==
        X-Amz-Cf-Pop:
          - SCL50-C1
        X-CULQI-ENVIRONMENT:
          - test
        X-CULQI-TRACKING-ID:
          - "6892600"
        X-CULQI-VERSION:
          - 2.0.0
        X-Cache:
          - Miss from cloudfront
        x-amz-apigw-id:
          - Mc3NDFzUoAMF85g=
        x-amzn-Remapped-Date:
          - Wed, 13 May 2020 03:39:24 GMT
        x-amzn-Remapped-Server:
          - Apache-Coyote/1.1
        x-amzn-RequestId:
          - f57e7084-dd3c-43f5-bbc8-f9cd8ba1fbd6
      status:
        code: 200
        message: OK
  - request:
      body:
        '{"card_number": "4111111111111111", "expiration_month": "09", "expiration_year":
        "2025", "cvv": "123", "email": "richardcf2d@piedpiper.com"}'
      headers:
        Accept:
          - application/json
        Accept-Encoding:
          - gzip, deflate
        Authorization:
          - Bearer culiq_api_key
        Connection:
          - keep-alive
        Content-Length:
          - "140"
        Content-type:
          - application/json
        User-Agent:
          - Culqi-API-Python/2.0.0
      method: POST
      uri: https://secure.culqi.com/v2/tokens
    response:
      body:
        string: "{\"object\":\"token\",\"id\":\"tkn_test_QkblAh4JSrrhyKMa\",\"type\":\"card\",\"creation_date\":1615072299000,\"email\":\"richardcf2d@piedpiper.com\",\"card_number\":\"411111******1111\",\"last_four\":\"1111\",\"active\":true,\"iin\":{\"object\":\"iin\",\"bin\":\"411111\",\"card_brand\":\"Visa\",\"card_type\":\"credito\",\"card_category\":\"Cl\xE1sica\",\"issuer\":{\"name\":\"BBVA\",\"country\":\"PERU\",\"country_code\":\"PE\",\"website\":null,\"phone_number\":null},\"installments_allowed\":[2,4,6,8,10,12,3,5,7,9,24,48]},\"client\":{\"ip\":\"191.98.182.73\",\"ip_country\":\"Peru\",\"ip_country_code\":\"PE\",\"browser\":\"UNKNOWN\",\"device_fingerprint\":null,\"device_type\":\"Escritorio\"},\"metadata\":{}}"
      headers:
        Connection:
          - keep-alive
        Content-Encoding:
          - UTF-8
        Content-Length:
          - "616"
        Content-Type:
          - application/json;charset=UTF-8
        Date:
          - Sat, 06 Mar 2021 23:11:39 GMT
        Via:
          - 1.1 26f91e7f8d889236c7aca45d5961081e.cloudfront.net (CloudFront)
        X-Amz-Cf-Id:
          - Awpm-74_8ZUWbnyEjasL8D0gCRUOi7oxJ6rbbi3gognxAzfBWzsE5w==
        X-Amz-Cf-Pop:
          - SCL50-C1
        X-Amzn-Trace-Id:
          - Root=1-60440c2a-370b596b318e61e55f935ec5;Sampled=0
        X-Cache:
          - Miss from cloudfront
        x-amz-apigw-id:
          - bybWtGUeIAMFUsA=
        x-amzn-Remapped-Content-Length:
          - "616"
        x-amzn-RequestId:
          - 791b6fca-7a45-4000-ab65-90fbc9447c7e
      status:
        code: 201
        message: Created
  - request:
      body:
        '{"address": "Avenida Lima 123213", "address_city": "LIMA", "country_code":
        "PE", "email": "richardcf2d@piedpiper.com", "first_name": "Richard", "last_name":
        "Piedpiper", "phone_number": "+51998989789"}'
      headers:
        Accept:
          - application/json
        Accept-Encoding:
          - gzip, deflate
        Authorization:
          - Bearer culiq_api_key
        Connection:
          - keep-alive
        Content-Length:
          - "201"
        Content-type:
          - application/json
        User-Agent:
          - Culqi-API-Python/2.0.0
      method: POST
      uri: https://api.culqi.com/v2/customers
    response:
      body:
        string:
          '{"object":"customer","id":"cus_test_8eraTtkGbXw451nh","creation_date":1615072300355,"email":"richardcf2d@piedpiper.com","antifraud_details":{"first_name":"Richard","last_name":"Piedpiper","address":"Avenida
          Lima 123213","address_city":"LIMA","country_code":"PE","phone":"+51998989789","object":"client"},"metadata":{}}'
      headers:
        Connection:
          - keep-alive
        Content-Length:
          - "318"
        Content-Type:
          - application/json;charset=UTF-8
        Date:
          - Sat, 06 Mar 2021 23:11:40 GMT
        Set-Cookie:
          - JSESSIONID=33C9EAE906E9839F8F27D15B25DE85F9; Path=/api; HttpOnly
        Via:
          - 1.1 fd261d7f0b1b36c094af45d7484bb70d.cloudfront.net (CloudFront)
        X-Amz-Cf-Id:
          - sBxIDAwqqJC4jPJ7TW3ahLksUldFphco4HgfzqpZ1AeDLAZCoTFuCw==
        X-Amz-Cf-Pop:
          - SCL50-C1
        X-Amzn-Trace-Id:
          - Root=1-60440c2c-67bd4d75531b26fb7b097155;Sampled=0
        X-CULQI-ENVIRONMENT:
          - test
        X-CULQI-TRACKING-ID:
          - "10137744"
        X-CULQI-VERSION:
          - 2.0.0
        X-Cache:
          - Miss from cloudfront
        x-amz-apigw-id:
          - bybW6EHAIAMFwng=
        x-amzn-Remapped-Connection:
          - keep-alive
        x-amzn-Remapped-Date:
          - Sat, 06 Mar 2021 23:11:40 GMT
        x-amzn-Remapped-Server:
          - nginx
        x-amzn-RequestId:
          - cc905cf4-39ad-4320-b2a1-b9c1f975f5b2
      status:
        code: 201
        message: Created
  - request:
      body: '{"token_id": "tkn_test_QkblAh4JSrrhyKMa", "customer_id": "cus_test_8eraTtkGbXw451nh"}'
      headers:
        Accept:
          - application/json
        Accept-Encoding:
          - gzip, deflate
        Authorization:
          - Bearer culiq_api_key
        Connection:
          - keep-alive
        Content-Length:
          - "85"
        Content-type:
          - application/json
        User-Agent:
          - Culqi-API-Python/2.0.0
      method: POST
      uri: https://api.culqi.com/v2/cards
    response:
      body:
        string: "{\"object\":\"card\",\"id\":\"crd_test_PNC1EX8FlREmZEfs\",\"active\":true,\"creation_date\":1615072304865,\"customer_id\":\"cus_test_8eraTtkGbXw451nh\",\"source\":{\"object\":\"token\",\"id\":\"tkn_test_QkblAh4JSrrhyKMa\",\"type\":\"card\",\"creation_date\":1615072299000,\"email\":\"richardcf2d@piedpiper.com\",\"card_number\":\"411111******1111\",\"last_four\":\"1111\",\"active\":true,\"iin\":{\"object\":\"iin\",\"bin\":\"411111\",\"card_brand\":\"Visa\",\"card_type\":\"credito\",\"card_category\":\"Cl\xE1sica\",\"issuer\":{\"name\":\"BBVA\",\"country\":\"PERU\",\"country_code\":\"PE\",\"website\":null,\"phone_number\":null},\"installments_allowed\":[2,4,6,8,10,12,3,5,7,9,24,48]},\"client\":{\"ip\":\"191.98.182.73\",\"ip_country\":\"Peru\",\"ip_country_code\":\"PE\",\"browser\":\"UNKNOWN\",\"device_fingerprint\":null,\"device_type\":\"Escritorio\"},\"metadata\":{}},\"metadata\":{\"ZDA\":true}}"
      headers:
        Connection:
          - keep-alive
        Content-Length:
          - "786"
        Content-Type:
          - application/json;charset=UTF-8
        Date:
          - Sat, 06 Mar 2021 23:11:44 GMT
        Set-Cookie:
          - JSESSIONID=C8D7F358861070887EA1ACA462BAAC1B; Path=/api; HttpOnly
        Via:
          - 1.1 fd261d7f0b1b36c094af45d7484bb70d.cloudfront.net (CloudFront)
        X-Amz-Cf-Id:
          - 5gh3smlIH8ksM-7WM3yrMjtL6aMu0jx69VVLVjKI0H48phfoSrwBXw==
        X-Amz-Cf-Pop:
          - SCL50-C1
        X-Amzn-Trace-Id:
          - Root=1-60440c2c-1ed5358f4eeb1e0b722b90b2;Sampled=0
        X-CULQI-ENVIRONMENT:
          - test
        X-CULQI-TRACKING-ID:
          - "10137745"
        X-CULQI-VERSION:
          - 2.0.0
        X-Cache:
          - Miss from cloudfront
        x-amz-apigw-id:
          - bybW_ET0oAMFrsw=
        x-amzn-Remapped-Connection:
          - keep-alive
        x-amzn-Remapped-Date:
          - Sat, 06 Mar 2021 23:11:44 GMT
        x-amzn-Remapped-Server:
          - nginx
        x-amzn-RequestId:
          - 55859a3c-2d19-416b-91eb-7c9954c2d8f8
      status:
        code: 201
        message: Created
  - request:
      body:
        '{"amount": 1000, "currency_code": "PEN", "interval": "dias", "interval_count":
        2, "limit": 10, "name": "plan-a103", "trial_days": 30}'
      headers:
        Accept:
          - application/json
        Accept-Encoding:
          - gzip, deflate
        Authorization:
          - Bearer culiq_api_key
        Connection:
          - keep-alive
        Content-Length:
          - "133"
        Content-type:
          - application/json
        User-Agent:
          - Culqi-API-Python/2.0.0
      method: POST
      uri: https://api.culqi.com/v2/plans
    response:
      body:
        string: "{\"object\":\"plan\",\"id\":\"pln_test_cPESozIv6c9LjDZv\",\"creation_date\":1615072305000,\"name\":\"plan-a103\",\"amount\":1000,\"currency_code\":\"PEN\",\"interval_count\":2,\"interval\":\"D\xEDas\",\"limit\":10,\"trial_days\":30,\"total_subscriptions\":0,\"metadata\":{}}"
      headers:
        Connection:
          - keep-alive
        Content-Length:
          - "238"
        Content-Type:
          - application/json;charset=UTF-8
        Date:
          - Sat, 06 Mar 2021 23:11:45 GMT
        Set-Cookie:
          - JSESSIONID=8E2E92C172BC6339715917F2888CD4D3; Path=/api; HttpOnly
        Via:
          - 1.1 fd261d7f0b1b36c094af45d7484bb70d.cloudfront.net (CloudFront)
        X-Amz-Cf-Id:
          - sbNQtFmYgQrO1HUacl0WLLwWqwA1GCT_oncOBk7tCj5I7FzVlMWGnw==
        X-Amz-Cf-Pop:
          - SCL50-C1
        X-Amzn-Trace-Id:
          - Root=1-60440c31-25991ce40205a316190bed6c;Sampled=0
        X-CULQI-ENVIRONMENT:
          - test
        X-CULQI-TRACKING-ID:
          - "10137748"
        X-CULQI-VERSION:
          - 2.0.0
        X-Cache:
          - Miss from cloudfront
        x-amz-apigw-id:
          - bybXsH9sIAMF0iA=
        x-amzn-Remapped-Connection:
          - keep-alive
        x-amzn-Remapped-Date:
          - Sat, 06 Mar 2021 23:11:45 GMT
        x-amzn-Remapped-Server:
          - nginx
        x-amzn-RequestId:
          - 6c76b6f0-29dd-462b-b162-40b5c15ef319
      status:
        code: 201
        message: Created
  - request:
      body: '{"card_id": "crd_test_PNC1EX8FlREmZEfs", "plan_id": "pln_test_cPESozIv6c9LjDZv"}'
      headers:
        Accept:
          - application/json
        Accept-Encoding:
          - gzip, deflate
        Authorization:
          - Bearer culiq_api_key
        Connection:
          - keep-alive
        Content-Length:
          - "80"
        Content-type:
          - application/json
        User-Agent:
          - Culqi-API-Python/2.0.0
      method: POST
      uri: https://api.culqi.com/v2/subscriptions
    response:
      body:
        string: "{\"object\":\"subscription\",\"id\":\"sub_test_SrYS8kthEQxZDY4C\",\"creation_date\":1615072306000,\"status\":\"Activa\",\"current_period\":0,\"total_period\":10,\"current_period_start\":1617598800000,\"current_period_end\":1617771600000,\"cancel_at_period_end\":false,\"cancel_at\":null,\"ended_at\":1619326800000,\"next_billing_date\":1617598800000,\"trial_start\":1615072306000,\"trial_end\":1617664306000,\"charges\":[],\"plan\":{\"object\":\"plan\",\"id\":\"pln_test_cPESozIv6c9LjDZv\",\"creation_date\":1615072305000,\"name\":\"plan-a103\",\"amount\":1000,\"currency_code\":\"PEN\",\"interval_count\":2,\"interval\":\"D\xEDas\",\"limit\":10,\"trial_days\":30,\"total_subscriptions\":1,\"metadata\":{}},\"card\":{\"object\":\"card\",\"id\":\"crd_test_PNC1EX8FlREmZEfs\",\"active\":true,\"creation_date\":1615072304000,\"customer_id\":\"cus_test_8eraTtkGbXw451nh\",\"source\":{\"object\":\"token\",\"id\":\"tkn_test_QkblAh4JSrrhyKMa\",\"type\":\"card\",\"creation_date\":1615072299000,\"email\":\"richardcf2d@piedpiper.com\",\"card_number\":\"411111******1111\",\"last_four\":\"1111\",\"active\":true,\"iin\":{\"object\":\"iin\",\"bin\":\"411111\",\"card_brand\":\"Visa\",\"card_type\":\"credito\",\"card_category\":\"Cl\xE1sica\",\"issuer\":{\"name\":\"BBVA\",\"country\":\"PERU\",\"country_code\":\"PE\",\"website\":null,\"phone_number\":null},\"installments_allowed\":[2,4,6,8,10,12,3,5,7,9,24,48]},\"client\":{\"ip\":\"191.98.182.73\",\"ip_country\":\"Peru\",\"ip_country_code\":\"PE\",\"browser\":\"UNKNOWN\",\"device_fingerprint\":null,\"device_type\":\"Escritorio\"},\"metadata\":{}},\"metadata\":{}},\"metadata\":{}}"
      headers:
        Connection:
          - keep-alive
        Content-Length:
          - "1431"
        Content-Type:
          - application/json;charset=UTF-8
        Date:
          - Sat, 06 Mar 2021 23:11:46 GMT
        Set-Cookie:
          - JSESSIONID=7598C693170F6B4D35286B989D893C08; Path=/api/; HttpOnly
        Via:
          - 1.1 fd261d7f0b1b36c094af45d7484bb70d.cloudfront.net (CloudFront)
        X-Amz-Cf-Id:
          - TojrsEZEHVHKpvJYyhBg2Hz_w5zvYJ0jSf9lJqh5dFPqGL0TJL_xng==
        X-Amz-Cf-Pop:
          - SCL50-C1
        X-CULQI-ENVIRONMENT:
          - test
        X-CULQI-TRACKING-ID:
          - "10137749"
        X-CULQI-VERSION:
          - 2.0.0
        X-Cache:
          - Miss from cloudfront
        x-amz-apigw-id:
          - bybXyFZYoAMF6Hg=
        x-amzn-Remapped-Date:
          - Sat, 06 Mar 2021 23:11:45 GMT
        x-amzn-Remapped-Server:
          - Apache-Coyote/1.1
        x-amzn-RequestId:
          - 32e91aa3-bedf-4eb2-8346-79e3923c61af
      status:
        code: 201
        message: Created
  - request:
      body: '{"metadata": {"order_id": "0001"}}'
      headers:
        Accept:
          - application/json
        Accept-Encoding:
          - gzip, deflate
        Authorization:
          - Bearer culiq_api_key
        Connection:
          - keep-alive
        Content-Length:
          - "34"
        Content-type:
          - application/json
        User-Agent:
          - Culqi-API-Python/2.0.0
      method: PATCH
      uri: https://api.culqi.com/v2/subscriptions/sub_test_SrYS8kthEQxZDY4C
    response:
      body:
        string: "{\"object\":\"subscription\",\"id\":\"sub_test_SrYS8kthEQxZDY4C\",\"creation_date\":1615072306000,\"status\":\"Activa\",\"current_period\":0,\"total_period\":10,\"current_period_start\":1617598800000,\"current_period_end\":1617771600000,\"cancel_at_period_end\":false,\"cancel_at\":null,\"ended_at\":1619326800000,\"next_billing_date\":1617598800000,\"trial_start\":1615072306000,\"trial_end\":1617664306000,\"charges\":[],\"plan\":{\"object\":\"plan\",\"id\":\"pln_test_cPESozIv6c9LjDZv\",\"creation_date\":1615072305000,\"name\":\"plan-a103\",\"amount\":1000,\"currency_code\":\"PEN\",\"interval_count\":2,\"interval\":\"D\xEDas\",\"limit\":10,\"trial_days\":30,\"total_subscriptions\":1,\"metadata\":{}},\"card\":{\"object\":\"card\",\"id\":\"crd_test_PNC1EX8FlREmZEfs\",\"active\":true,\"creation_date\":1615072304000,\"customer_id\":\"cus_test_8eraTtkGbXw451nh\",\"source\":{\"object\":\"token\",\"id\":\"tkn_test_QkblAh4JSrrhyKMa\",\"type\":\"card\",\"creation_date\":1615072299000,\"email\":\"richardcf2d@piedpiper.com\",\"card_number\":\"411111******1111\",\"last_four\":\"1111\",\"active\":true,\"iin\":{\"object\":\"iin\",\"bin\":\"411111\",\"card_brand\":\"Visa\",\"card_type\":\"credito\",\"card_category\":\"Cl\xE1sica\",\"issuer\":{\"name\":\"BBVA\",\"country\":\"PERU\",\"country_code\":\"PE\",\"website\":null,\"phone_number\":null},\"installments_allowed\":[2,4,6,8,10,12,3,5,7,9,24,48]},\"client\":{\"ip\":\"191.98.182.73\",\"ip_country\":\"Peru\",\"ip_country_code\":\"PE\",\"browser\":\"UNKNOWN\",\"device_fingerprint\":null,\"device_type\":\"Escritorio\"},\"metadata\":{}},\"metadata\":{}},\"metadata\":{\"order_id\":\"0001\"}}"
      headers:
        Connection:
          - keep-alive
        Content-Length:
          - "1448"
        Content-Type:
          - application/json;charset=UTF-8
        Date:
          - Sat, 06 Mar 2021 23:11:47 GMT
        Set-Cookie:
          - JSESSIONID=FDCEE4E8059C590B711A5F245901F847; Path=/api/; HttpOnly
        Via:
          - 1.1 fd261d7f0b1b36c094af45d7484bb70d.cloudfront.net (CloudFront)
        X-Amz-Cf-Id:
          - rGg35nBWIAi2MNLTWFDUW6A8NCQzeWq9T2e47l4J3feNJm5QJEOwuQ==
        X-Amz-Cf-Pop:
          - SCL50-C1
        X-CULQI-ENVIRONMENT:
          - test
        X-CULQI-TRACKING-ID:
          - "10137750"
        X-CULQI-VERSION:
          - 2.0.0
        X-Cache:
          - Miss from cloudfront
        x-amz-apigw-id:
          - bybX8FDSIAMF3_Q=
        x-amzn-Remapped-Date:
          - Sat, 06 Mar 2021 23:11:46 GMT
        x-amzn-Remapped-Server:
          - Apache-Coyote/1.1
        x-amzn-RequestId:
          - adb562e1-4530-4c0f-879b-08041028ac79
      status:
        code: 200
        message: OK
  - request:
      body:
        '{"card_number": "4111111111111111", "expiration_month": "09", "expiration_year":
        "2025", "cvv": "123", "email": "richardf88e@piedpiper.com"}'
      headers:
        Accept:
          - application/json
        Accept-Encoding:
          - gzip, deflate
        Authorization:
          - Bearer culiq_api_key
        Connection:
          - keep-alive
        Content-Length:
          - "140"
        Content-type:
          - application/json
        User-Agent:
          - Culqi-API-Python/2.0.0
      method: POST
      uri: https://secure.culqi.com/v2/tokens
    response:
      body:
        string: "{\"object\":\"token\",\"id\":\"tkn_test_AT81CJugXL1R5Ztl\",\"type\":\"card\",\"creation_date\":1615072634000,\"email\":\"richardf88e@piedpiper.com\",\"card_number\":\"411111******1111\",\"last_four\":\"1111\",\"active\":true,\"iin\":{\"object\":\"iin\",\"bin\":\"411111\",\"card_brand\":\"Visa\",\"card_type\":\"credito\",\"card_category\":\"Cl\xE1sica\",\"issuer\":{\"name\":\"BBVA\",\"country\":\"PERU\",\"country_code\":\"PE\",\"website\":null,\"phone_number\":null},\"installments_allowed\":[2,4,6,8,10,12,3,5,7,9,24,48]},\"client\":{\"ip\":\"191.98.182.73\",\"ip_country\":\"Peru\",\"ip_country_code\":\"PE\",\"browser\":\"UNKNOWN\",\"device_fingerprint\":null,\"device_type\":\"Escritorio\"},\"metadata\":{}}"
      headers:
        Connection:
          - keep-alive
        Content-Encoding:
          - UTF-8
        Content-Length:
          - "616"
        Content-Type:
          - application/json;charset=UTF-8
        Date:
          - Sat, 06 Mar 2021 23:17:14 GMT
        Via:
          - 1.1 911166aa22b0bbe41c177450fede1a7b.cloudfront.net (CloudFront)
        X-Amz-Cf-Id:
          - Ue-eOheqjndDQK0iANWTKbeIZSVp26t01xHFycT_csJ5me7JurB7Ug==
        X-Amz-Cf-Pop:
          - SCL50-C1
        X-Amzn-Trace-Id:
          - Root=1-60440d79-6ac3ecca541800877ede4072;Sampled=0
        X-Cache:
          - Miss from cloudfront
        x-amz-apigw-id:
          - bycLDFOCoAMF2kw=
        x-amzn-Remapped-Content-Length:
          - "616"
        x-amzn-RequestId:
          - a25dcd03-27f5-4046-a4d1-f256b7844e66
      status:
        code: 201
        message: Created
  - request:
      body:
        '{"address": "Avenida Lima 123213", "address_city": "LIMA", "country_code":
        "PE", "email": "richardf88e@piedpiper.com", "first_name": "Richard", "last_name":
        "Piedpiper", "phone_number": "+51998989789"}'
      headers:
        Accept:
          - application/json
        Accept-Encoding:
          - gzip, deflate
        Authorization:
          - Bearer culiq_api_key
        Connection:
          - keep-alive
        Content-Length:
          - "201"
        Content-type:
          - application/json
        User-Agent:
          - Culqi-API-Python/2.0.0
      method: POST
      uri: https://api.culqi.com/v2/customers
    response:
      body:
        string:
          '{"object":"customer","id":"cus_test_woWB0SSLHUNBQYif","creation_date":1615072635216,"email":"richardf88e@piedpiper.com","antifraud_details":{"first_name":"Richard","last_name":"Piedpiper","address":"Avenida
          Lima 123213","address_city":"LIMA","country_code":"PE","phone":"+51998989789","object":"client"},"metadata":{}}'
      headers:
        Connection:
          - keep-alive
        Content-Length:
          - "318"
        Content-Type:
          - application/json;charset=UTF-8
        Date:
          - Sat, 06 Mar 2021 23:17:15 GMT
        Set-Cookie:
          - JSESSIONID=2F956CA1693CBE020E6C3149558D8139; Path=/api; HttpOnly
        Via:
          - 1.1 f4501d5df124eb2fa5d33f712e78d418.cloudfront.net (CloudFront)
        X-Amz-Cf-Id:
          - dftuUSZR8OlNDzvdEeVDYfHmsjz7xHnSP-xzIqmWG31kQYnhtmCOCQ==
        X-Amz-Cf-Pop:
          - SCL50-C1
        X-Amzn-Trace-Id:
          - Root=1-60440d7a-29101e6d09873382007fe712;Sampled=0
        X-CULQI-ENVIRONMENT:
          - test
        X-CULQI-TRACKING-ID:
          - "10137967"
        X-CULQI-VERSION:
          - 2.0.0
        X-Cache:
          - Miss from cloudfront
        x-amz-apigw-id:
          - bycLOHMYoAMFTBg=
        x-amzn-Remapped-Connection:
          - keep-alive
        x-amzn-Remapped-Date:
          - Sat, 06 Mar 2021 23:17:15 GMT
        x-amzn-Remapped-Server:
          - nginx
        x-amzn-RequestId:
          - 1e158789-cc40-4b5f-ad07-e60f118a23f5
      status:
        code: 201
        message: Created
  - request:
      body: '{"token_id": "tkn_test_AT81CJugXL1R5Ztl", "customer_id": "cus_test_woWB0SSLHUNBQYif"}'
      headers:
        Accept:
          - application/json
        Accept-Encoding:
          - gzip, deflate
        Authorization:
          - Bearer culiq_api_key
        Connection:
          - keep-alive
        Content-Length:
          - "85"
        Content-type:
          - application/json
        User-Agent:
          - Culqi-API-Python/2.0.0
      method: POST
      uri: https://api.culqi.com/v2/cards
    response:
      body:
        string: "{\"object\":\"card\",\"id\":\"crd_test_bUvv6gR2fq9xv1eO\",\"active\":true,\"creation_date\":1615072639734,\"customer_id\":\"cus_test_woWB0SSLHUNBQYif\",\"source\":{\"object\":\"token\",\"id\":\"tkn_test_AT81CJugXL1R5Ztl\",\"type\":\"card\",\"creation_date\":1615072634000,\"email\":\"richardf88e@piedpiper.com\",\"card_number\":\"411111******1111\",\"last_four\":\"1111\",\"active\":true,\"iin\":{\"object\":\"iin\",\"bin\":\"411111\",\"card_brand\":\"Visa\",\"card_type\":\"credito\",\"card_category\":\"Cl\xE1sica\",\"issuer\":{\"name\":\"BBVA\",\"country\":\"PERU\",\"country_code\":\"PE\",\"website\":null,\"phone_number\":null},\"installments_allowed\":[2,4,6,8,10,12,3,5,7,9,24,48]},\"client\":{\"ip\":\"191.98.182.73\",\"ip_country\":\"Peru\",\"ip_country_code\":\"PE\",\"browser\":\"UNKNOWN\",\"device_fingerprint\":null,\"device_type\":\"Escritorio\"},\"metadata\":{}},\"metadata\":{\"ZDA\":true}}"
      headers:
        Connection:
          - keep-alive
        Content-Length:
          - "786"
        Content-Type:
          - application/json;charset=UTF-8
        Date:
          - Sat, 06 Mar 2021 23:17:19 GMT
        Set-Cookie:
          - JSESSIONID=833C8000A6B5CB45D2251DDB4D61E8E1; Path=/api; HttpOnly
        Via:
          - 1.1 f4501d5df124eb2fa5d33f712e78d418.cloudfront.net (CloudFront)
        X-Amz-Cf-Id:
          - vMgQsyDgDfM7TDeZraXXqWIdaQmlZm-54r9voAdQTXo0_XQlkZCN7g==
        X-Amz-Cf-Pop:
          - SCL50-C1
        X-Amzn-Trace-Id:
          - Root=1-60440d7b-66f7eed573487de006d05b0a;Sampled=0
        X-CULQI-ENVIRONMENT:
          - test
        X-CULQI-TRACKING-ID:
          - "10137968"
        X-CULQI-VERSION:
          - 2.0.0
        X-Cache:
          - Miss from cloudfront
        x-amz-apigw-id:
          - bycLWGCHIAMFxDw=
        x-amzn-Remapped-Connection:
          - keep-alive
        x-amzn-Remapped-Date:
          - Sat, 06 Mar 2021 23:17:19 GMT
        x-amzn-Remapped-Server:
          - nginx
        x-amzn-RequestId:
          - 6d534118-324f-4f9f-88e1-0bde195146dd
      status:
        code: 201
        message: Created
  - request:
      body:
        '{"amount": 1000, "currency_code": "PEN", "interval": "dias", "interval_count":
        2, "limit": 10, "name": "plan-a48a", "trial_days": 30}'
      headers:
        Accept:
          - application/json
        Accept-Encoding:
          - gzip, deflate
        Authorization:
          - Bearer culiq_api_key
        Connection:
          - keep-alive
        Content-Length:
          - "133"
        Content-type:
          - application/json
        User-Agent:
          - Culqi-API-Python/2.0.0
      method: POST
      uri: https://api.culqi.com/v2/plans
    response:
      body:
        string: "{\"object\":\"plan\",\"id\":\"pln_test_7PGmcij74RCU609W\",\"creation_date\":1615072640000,\"name\":\"plan-a48a\",\"amount\":1000,\"currency_code\":\"PEN\",\"interval_count\":2,\"interval\":\"D\xEDas\",\"limit\":10,\"trial_days\":30,\"total_subscriptions\":0,\"metadata\":{}}"
      headers:
        Connection:
          - keep-alive
        Content-Length:
          - "238"
        Content-Type:
          - application/json;charset=UTF-8
        Date:
          - Sat, 06 Mar 2021 23:17:20 GMT
        Set-Cookie:
          - JSESSIONID=0B9FAD6DC5AFC2571DF9AAA1D2ABE1F0; Path=/api; HttpOnly
        Via:
          - 1.1 f4501d5df124eb2fa5d33f712e78d418.cloudfront.net (CloudFront)
        X-Amz-Cf-Id:
          - fvzMTPjFiOzxWnpRrjdWAS9N4KxdH4MSA72Rj_A3Gw_H2o9zRx_vzQ==
        X-Amz-Cf-Pop:
          - SCL50-C1
        X-Amzn-Trace-Id:
          - Root=1-60440d80-7e540d0f5e287413571cbd53;Sampled=0
        X-CULQI-ENVIRONMENT:
          - test
        X-CULQI-TRACKING-ID:
          - "10137979"
        X-CULQI-VERSION:
          - 2.0.0
        X-Cache:
          - Miss from cloudfront
        x-amz-apigw-id:
          - bycMBFZKIAMF1sw=
        x-amzn-Remapped-Connection:
          - keep-alive
        x-amzn-Remapped-Date:
          - Sat, 06 Mar 2021 23:17:20 GMT
        x-amzn-Remapped-Server:
          - nginx
        x-amzn-RequestId:
          - 8d9d7290-e3fa-4909-96d5-146766a514aa
      status:
        code: 201
        message: Created
  - request:
      body: '{"card_id": "crd_test_bUvv6gR2fq9xv1eO", "plan_id": "pln_test_7PGmcij74RCU609W"}'
      headers:
        Accept:
          - application/json
        Accept-Encoding:
          - gzip, deflate
        Authorization:
          - Bearer culiq_api_key
        Connection:
          - keep-alive
        Content-Length:
          - "80"
        Content-type:
          - application/json
        User-Agent:
          - Culqi-API-Python/2.0.0
      method: POST
      uri: https://api.culqi.com/v2/subscriptions
    response:
      body:
        string: "{\"object\":\"subscription\",\"id\":\"sub_test_hAmnbqHnlR6HDsJi\",\"creation_date\":1615072640000,\"status\":\"Activa\",\"current_period\":0,\"total_period\":10,\"current_period_start\":1617598800000,\"current_period_end\":1617771600000,\"cancel_at_period_end\":false,\"cancel_at\":null,\"ended_at\":1619326800000,\"next_billing_date\":1617598800000,\"trial_start\":1615072640000,\"trial_end\":1617664640000,\"charges\":[],\"plan\":{\"object\":\"plan\",\"id\":\"pln_test_7PGmcij74RCU609W\",\"creation_date\":1615072640000,\"name\":\"plan-a48a\",\"amount\":1000,\"currency_code\":\"PEN\",\"interval_count\":2,\"interval\":\"D\xEDas\",\"limit\":10,\"trial_days\":30,\"total_subscriptions\":1,\"metadata\":{}},\"card\":{\"object\":\"card\",\"id\":\"crd_test_bUvv6gR2fq9xv1eO\",\"active\":true,\"creation_date\":1615072639000,\"customer_id\":\"cus_test_woWB0SSLHUNBQYif\",\"source\":{\"object\":\"token\",\"id\":\"tkn_test_AT81CJugXL1R5Ztl\",\"type\":\"card\",\"creation_date\":1615072634000,\"email\":\"richardf88e@piedpiper.com\",\"card_number\":\"411111******1111\",\"last_four\":\"1111\",\"active\":true,\"iin\":{\"object\":\"iin\",\"bin\":\"411111\",\"card_brand\":\"Visa\",\"card_type\":\"credito\",\"card_category\":\"Cl\xE1sica\",\"issuer\":{\"name\":\"BBVA\",\"country\":\"PERU\",\"country_code\":\"PE\",\"website\":null,\"phone_number\":null},\"installments_allowed\":[2,4,6,8,10,12,3,5,7,9,24,48]},\"client\":{\"ip\":\"191.98.182.73\",\"ip_country\":\"Peru\",\"ip_country_code\":\"PE\",\"browser\":\"UNKNOWN\",\"device_fingerprint\":null,\"device_type\":\"Escritorio\"},\"metadata\":{}},\"metadata\":{}},\"metadata\":{}}"
      headers:
        Connection:
          - keep-alive
        Content-Length:
          - "1431"
        Content-Type:
          - application/json;charset=UTF-8
        Date:
          - Sat, 06 Mar 2021 23:17:20 GMT
        Set-Cookie:
          - JSESSIONID=F76CF11ED264C16D324ABE3AD1A073E0; Path=/api/; HttpOnly
        Via:
          - 1.1 f4501d5df124eb2fa5d33f712e78d418.cloudfront.net (CloudFront)
        X-Amz-Cf-Id:
          - j7uNa91_91-Ee5Lbqs-ZN_-54goGwmNEtPj0vmLlDUkfTZrwMPo_pQ==
        X-Amz-Cf-Pop:
          - SCL50-C1
        X-CULQI-ENVIRONMENT:
          - test
        X-CULQI-TRACKING-ID:
          - "10137980"
        X-CULQI-VERSION:
          - 2.0.0
        X-Cache:
          - Miss from cloudfront
        x-amz-apigw-id:
          - bycMGE-AIAMFfFw=
        x-amzn-Remapped-Date:
          - Sat, 06 Mar 2021 23:17:20 GMT
        x-amzn-Remapped-Server:
          - Apache-Coyote/1.1
        x-amzn-RequestId:
          - 4e6b3bcd-ffa9-40e4-8e6a-37a82647b895
      status:
        code: 201
        message: Created
  - request:
      body: '{"metadata": {"order_id": "0001"}}'
      headers:
        Accept:
          - application/json
        Accept-Encoding:
          - gzip, deflate
        Authorization:
          - Bearer culiq_api_key
        Connection:
          - keep-alive
        Content-Length:
          - "34"
        Content-type:
          - application/json
        User-Agent:
          - Culqi-API-Python/2.0.0
      method: PATCH
      uri: https://api.culqi.com/v2/subscriptions/sub_test_hAmnbqHnlR6HDsJi
    response:
      body:
        string: "{\"object\":\"subscription\",\"id\":\"sub_test_hAmnbqHnlR6HDsJi\",\"creation_date\":1615072640000,\"status\":\"Activa\",\"current_period\":0,\"total_period\":10,\"current_period_start\":1617598800000,\"current_period_end\":1617771600000,\"cancel_at_period_end\":false,\"cancel_at\":null,\"ended_at\":1619326800000,\"next_billing_date\":1617598800000,\"trial_start\":1615072640000,\"trial_end\":1617664640000,\"charges\":[],\"plan\":{\"object\":\"plan\",\"id\":\"pln_test_7PGmcij74RCU609W\",\"creation_date\":1615072640000,\"name\":\"plan-a48a\",\"amount\":1000,\"currency_code\":\"PEN\",\"interval_count\":2,\"interval\":\"D\xEDas\",\"limit\":10,\"trial_days\":30,\"total_subscriptions\":1,\"metadata\":{}},\"card\":{\"object\":\"card\",\"id\":\"crd_test_bUvv6gR2fq9xv1eO\",\"active\":true,\"creation_date\":1615072639000,\"customer_id\":\"cus_test_woWB0SSLHUNBQYif\",\"source\":{\"object\":\"token\",\"id\":\"tkn_test_AT81CJugXL1R5Ztl\",\"type\":\"card\",\"creation_date\":1615072634000,\"email\":\"richardf88e@piedpiper.com\",\"card_number\":\"411111******1111\",\"last_four\":\"1111\",\"active\":true,\"iin\":{\"object\":\"iin\",\"bin\":\"411111\",\"card_brand\":\"Visa\",\"card_type\":\"credito\",\"card_category\":\"Cl\xE1sica\",\"issuer\":{\"name\":\"BBVA\",\"country\":\"PERU\",\"country_code\":\"PE\",\"website\":null,\"phone_number\":null},\"installments_allowed\":[2,4,6,8,10,12,3,5,7,9,24,48]},\"client\":{\"ip\":\"191.98.182.73\",\"ip_country\":\"Peru\",\"ip_country_code\":\"PE\",\"browser\":\"UNKNOWN\",\"device_fingerprint\":null,\"device_type\":\"Escritorio\"},\"metadata\":{}},\"metadata\":{}},\"metadata\":{\"order_id\":\"0001\"}}"
      headers:
        Connection:
          - keep-alive
        Content-Length:
          - "1448"
        Content-Type:
          - application/json;charset=UTF-8
        Date:
          - Sat, 06 Mar 2021 23:17:21 GMT
        Set-Cookie:
          - JSESSIONID=A4D902C060190AC55C05DCD75402C7BE; Path=/api/; HttpOnly
        Via:
          - 1.1 f4501d5df124eb2fa5d33f712e78d418.cloudfront.net (CloudFront)
        X-Amz-Cf-Id:
          - ozJZDmZJB7q1DqBLvudfu0NNhjcuokSI8GRkZmhh4sKZwT-UGn2KoQ==
        X-Amz-Cf-Pop:
          - SCL50-C1
        X-CULQI-ENVIRONMENT:
          - test
        X-CULQI-TRACKING-ID:
          - "10137981"
        X-CULQI-VERSION:
          - 2.0.0
        X-Cache:
          - Miss from cloudfront
        x-amz-apigw-id:
          - bycMNEYwoAMFSBA=
        x-amzn-Remapped-Date:
          - Sat, 06 Mar 2021 23:17:21 GMT
        x-amzn-Remapped-Server:
          - Apache-Coyote/1.1
        x-amzn-RequestId:
          - 9a6ac0e1-9df3-4315-81b7-667feef79caf
      status:
        code: 200
        message: OK
  - request:
      body:
        '{"card_number": "4111111111111111", "expiration_month": "09", "expiration_year":
        "2025", "cvv": "123", "email": "richard1488@piedpiper.com"}'
      headers:
        Accept:
          - application/json
        Accept-Encoding:
          - gzip, deflate
        Authorization:
          - Bearer culiq_api_key
        Connection:
          - keep-alive
        Content-Length:
          - "140"
        Content-type:
          - application/json
        User-Agent:
          - Culqi-API-Python/2.0.0
      method: POST
      uri: https://secure.culqi.com/v2/tokens
    response:
      body:
        string: "{\"object\":\"token\",\"id\":\"tkn_test_u8VXtx5WfW5fenoa\",\"type\":\"card\",\"creation_date\":1615072989000,\"email\":\"richard1488@piedpiper.com\",\"card_number\":\"411111******1111\",\"last_four\":\"1111\",\"active\":true,\"iin\":{\"object\":\"iin\",\"bin\":\"411111\",\"card_brand\":\"Visa\",\"card_type\":\"credito\",\"card_category\":\"Cl\xE1sica\",\"issuer\":{\"name\":\"BBVA\",\"country\":\"PERU\",\"country_code\":\"PE\",\"website\":null,\"phone_number\":null},\"installments_allowed\":[2,4,6,8,10,12,3,5,7,9,24,48]},\"client\":{\"ip\":\"191.98.182.73\",\"ip_country\":\"Peru\",\"ip_country_code\":\"PE\",\"browser\":\"UNKNOWN\",\"device_fingerprint\":null,\"device_type\":\"Escritorio\"},\"metadata\":{}}"
      headers:
        Connection:
          - keep-alive
        Content-Encoding:
          - UTF-8
        Content-Length:
          - "616"
        Content-Type:
          - application/json;charset=UTF-8
        Date:
          - Sat, 06 Mar 2021 23:23:09 GMT
        Via:
          - 1.1 7e3976a866c063e64606fe6681dab899.cloudfront.net (CloudFront)
        X-Amz-Cf-Id:
          - slrqo7sWgZQ8ekvaO_90emP34mRYDF06wu0zNXrTbj4sULIE1I94Nw==
        X-Amz-Cf-Pop:
          - SCL50-C1
        X-Amzn-Trace-Id:
          - Root=1-60440edc-00e04b083e567c067b3bce1d;Sampled=0
        X-Cache:
          - Miss from cloudfront
        x-amz-apigw-id:
          - bydCiFfLoAMFiEw=
        x-amzn-Remapped-Content-Length:
          - "616"
        x-amzn-RequestId:
          - d9b48436-47e3-4a9a-976f-45e6c937ea00
      status:
        code: 201
        message: Created
  - request:
      body:
        '{"address": "Avenida Lima 123213", "address_city": "LIMA", "country_code":
        "PE", "email": "richard1488@piedpiper.com", "first_name": "Richard", "last_name":
        "Piedpiper", "phone_number": "+51998989789"}'
      headers:
        Accept:
          - application/json
        Accept-Encoding:
          - gzip, deflate
        Authorization:
          - Bearer culiq_api_key
        Connection:
          - keep-alive
        Content-Length:
          - "201"
        Content-type:
          - application/json
        User-Agent:
          - Culqi-API-Python/2.0.0
      method: POST
      uri: https://api.culqi.com/v2/customers
    response:
      body:
        string:
          '{"object":"customer","id":"cus_test_iDlLVQO5CkiGQkc7","creation_date":1615072990565,"email":"richard1488@piedpiper.com","antifraud_details":{"first_name":"Richard","last_name":"Piedpiper","address":"Avenida
          Lima 123213","address_city":"LIMA","country_code":"PE","phone":"+51998989789","object":"client"},"metadata":{}}'
      headers:
        Connection:
          - keep-alive
        Content-Length:
          - "318"
        Content-Type:
          - application/json;charset=UTF-8
        Date:
          - Sat, 06 Mar 2021 23:23:10 GMT
        Set-Cookie:
          - JSESSIONID=58DC2D2FCA35809FDE6BE1C3F7FCE379; Path=/api; HttpOnly
        Via:
          - 1.1 92ba29cedd0d1df680527e0b728cdc51.cloudfront.net (CloudFront)
        X-Amz-Cf-Id:
          - Wo1joL__ceTvL1K4ixgjEeQp32kckGFeHDrfKl-jU1eHptWhEuJmng==
        X-Amz-Cf-Pop:
          - SCL50-C1
        X-Amzn-Trace-Id:
          - Root=1-60440ede-3df76233526c49370b879378;Sampled=0
        X-CULQI-ENVIRONMENT:
          - test
        X-CULQI-TRACKING-ID:
          - "10138218"
        X-CULQI-VERSION:
          - 2.0.0
        X-Cache:
          - Miss from cloudfront
        x-amz-apigw-id:
          - bydCwHXLoAMFfxA=
        x-amzn-Remapped-Connection:
          - keep-alive
        x-amzn-Remapped-Date:
          - Sat, 06 Mar 2021 23:23:10 GMT
        x-amzn-Remapped-Server:
          - nginx
        x-amzn-RequestId:
          - 3f8a59f1-f078-41dd-8f48-9bcacc238d8a
      status:
        code: 201
        message: Created
  - request:
      body: '{"token_id": "tkn_test_u8VXtx5WfW5fenoa", "customer_id": "cus_test_iDlLVQO5CkiGQkc7"}'
      headers:
        Accept:
          - application/json
        Accept-Encoding:
          - gzip, deflate
        Authorization:
          - Bearer culiq_api_key
        Connection:
          - keep-alive
        Content-Length:
          - "85"
        Content-type:
          - application/json
        User-Agent:
          - Culqi-API-Python/2.0.0
      method: POST
      uri: https://api.culqi.com/v2/cards
    response:
      body:
        string: "{\"object\":\"card\",\"id\":\"crd_test_2YrC06K4McMq6HJv\",\"active\":true,\"creation_date\":1615072994915,\"customer_id\":\"cus_test_iDlLVQO5CkiGQkc7\",\"source\":{\"object\":\"token\",\"id\":\"tkn_test_u8VXtx5WfW5fenoa\",\"type\":\"card\",\"creation_date\":1615072989000,\"email\":\"richard1488@piedpiper.com\",\"card_number\":\"411111******1111\",\"last_four\":\"1111\",\"active\":true,\"iin\":{\"object\":\"iin\",\"bin\":\"411111\",\"card_brand\":\"Visa\",\"card_type\":\"credito\",\"card_category\":\"Cl\xE1sica\",\"issuer\":{\"name\":\"BBVA\",\"country\":\"PERU\",\"country_code\":\"PE\",\"website\":null,\"phone_number\":null},\"installments_allowed\":[2,4,6,8,10,12,3,5,7,9,24,48]},\"client\":{\"ip\":\"191.98.182.73\",\"ip_country\":\"Peru\",\"ip_country_code\":\"PE\",\"browser\":\"UNKNOWN\",\"device_fingerprint\":null,\"device_type\":\"Escritorio\"},\"metadata\":{}},\"metadata\":{\"ZDA\":true}}"
      headers:
        Connection:
          - keep-alive
        Content-Length:
          - "786"
        Content-Type:
          - application/json;charset=UTF-8
        Date:
          - Sat, 06 Mar 2021 23:23:14 GMT
        Set-Cookie:
          - JSESSIONID=93C3C83957B6E67636557C21FEE3484B; Path=/api; HttpOnly
        Via:
          - 1.1 92ba29cedd0d1df680527e0b728cdc51.cloudfront.net (CloudFront)
        X-Amz-Cf-Id:
          - nKNXHF-UKKiGhKtFIePRXIwwv37kiLYOl8VfMNrfnmX4idUMGkzFjA==
        X-Amz-Cf-Pop:
          - SCL50-C1
        X-Amzn-Trace-Id:
          - Root=1-60440ede-6d7ead987a6a5c95443d054b;Sampled=0
        X-CULQI-ENVIRONMENT:
          - test
        X-CULQI-TRACKING-ID:
          - "10138219"
        X-CULQI-VERSION:
          - 2.0.0
        X-Cache:
          - Miss from cloudfront
        x-amz-apigw-id:
          - bydC1F6rIAMF_bQ=
        x-amzn-Remapped-Connection:
          - keep-alive
        x-amzn-Remapped-Date:
          - Sat, 06 Mar 2021 23:23:14 GMT
        x-amzn-Remapped-Server:
          - nginx
        x-amzn-RequestId:
          - 9047116d-a518-4630-8da1-d1cb900e4f58
      status:
        code: 201
        message: Created
  - request:
      body:
        '{"amount": 1000, "currency_code": "PEN", "interval": "dias", "interval_count":
        2, "limit": 10, "name": "plan-d6ad", "trial_days": 30}'
      headers:
        Accept:
          - application/json
        Accept-Encoding:
          - gzip, deflate
        Authorization:
          - Bearer culiq_api_key
        Connection:
          - keep-alive
        Content-Length:
          - "133"
        Content-type:
          - application/json
        User-Agent:
          - Culqi-API-Python/2.0.0
      method: POST
      uri: https://api.culqi.com/v2/plans
    response:
      body:
        string: "{\"object\":\"plan\",\"id\":\"pln_test_VnRzk58cZ1IFUKtX\",\"creation_date\":1615072995000,\"name\":\"plan-d6ad\",\"amount\":1000,\"currency_code\":\"PEN\",\"interval_count\":2,\"interval\":\"D\xEDas\",\"limit\":10,\"trial_days\":30,\"total_subscriptions\":0,\"metadata\":{}}"
      headers:
        Connection:
          - keep-alive
        Content-Length:
          - "238"
        Content-Type:
          - application/json;charset=UTF-8
        Date:
          - Sat, 06 Mar 2021 23:23:15 GMT
        Set-Cookie:
          - JSESSIONID=C363752614153441A2D355AE92DD1E6B; Path=/api; HttpOnly
        Via:
          - 1.1 92ba29cedd0d1df680527e0b728cdc51.cloudfront.net (CloudFront)
        X-Amz-Cf-Id:
          - H9usNQF-GQAJP6r_Bu3faXrqp2dzjOFGPFvCh2g9KC9FI03I-lxDtA==
        X-Amz-Cf-Pop:
          - SCL50-C1
        X-Amzn-Trace-Id:
          - Root=1-60440ee3-349bffa6129b1b5e1a80871b;Sampled=0
        X-CULQI-ENVIRONMENT:
          - test
        X-CULQI-TRACKING-ID:
          - "10138222"
        X-CULQI-VERSION:
          - 2.0.0
        X-Cache:
          - Miss from cloudfront
        x-amz-apigw-id:
          - bydDjGNiIAMF4Xw=
        x-amzn-Remapped-Connection:
          - keep-alive
        x-amzn-Remapped-Date:
          - Sat, 06 Mar 2021 23:23:15 GMT
        x-amzn-Remapped-Server:
          - nginx
        x-amzn-RequestId:
          - 1aab68e4-a831-4234-86fa-3fb226e63545
      status:
        code: 201
        message: Created
  - request:
      body: '{"card_id": "crd_test_2YrC06K4McMq6HJv", "plan_id": "pln_test_VnRzk58cZ1IFUKtX"}'
      headers:
        Accept:
          - application/json
        Accept-Encoding:
          - gzip, deflate
        Authorization:
          - Bearer culiq_api_key
        Connection:
          - keep-alive
        Content-Length:
          - "80"
        Content-type:
          - application/json
        User-Agent:
          - Culqi-API-Python/2.0.0
      method: POST
      uri: https://api.culqi.com/v2/subscriptions
    response:
      body:
        string: "{\"object\":\"subscription\",\"id\":\"sub_test_u1nvmWiDHesa5Esu\",\"creation_date\":1615072996000,\"status\":\"Activa\",\"current_period\":0,\"total_period\":10,\"current_period_start\":1617598800000,\"current_period_end\":1617771600000,\"cancel_at_period_end\":false,\"cancel_at\":null,\"ended_at\":1619326800000,\"next_billing_date\":1617598800000,\"trial_start\":1615072996000,\"trial_end\":1617664996000,\"charges\":[],\"plan\":{\"object\":\"plan\",\"id\":\"pln_test_VnRzk58cZ1IFUKtX\",\"creation_date\":1615072995000,\"name\":\"plan-d6ad\",\"amount\":1000,\"currency_code\":\"PEN\",\"interval_count\":2,\"interval\":\"D\xEDas\",\"limit\":10,\"trial_days\":30,\"total_subscriptions\":1,\"metadata\":{}},\"card\":{\"object\":\"card\",\"id\":\"crd_test_2YrC06K4McMq6HJv\",\"active\":true,\"creation_date\":1615072994000,\"customer_id\":\"cus_test_iDlLVQO5CkiGQkc7\",\"source\":{\"object\":\"token\",\"id\":\"tkn_test_u8VXtx5WfW5fenoa\",\"type\":\"card\",\"creation_date\":1615072989000,\"email\":\"richard1488@piedpiper.com\",\"card_number\":\"411111******1111\",\"last_four\":\"1111\",\"active\":true,\"iin\":{\"object\":\"iin\",\"bin\":\"411111\",\"card_brand\":\"Visa\",\"card_type\":\"credito\",\"card_category\":\"Cl\xE1sica\",\"issuer\":{\"name\":\"BBVA\",\"country\":\"PERU\",\"country_code\":\"PE\",\"website\":null,\"phone_number\":null},\"installments_allowed\":[2,4,6,8,10,12,3,5,7,9,24,48]},\"client\":{\"ip\":\"191.98.182.73\",\"ip_country\":\"Peru\",\"ip_country_code\":\"PE\",\"browser\":\"UNKNOWN\",\"device_fingerprint\":null,\"device_type\":\"Escritorio\"},\"metadata\":{}},\"metadata\":{}},\"metadata\":{}}"
      headers:
        Connection:
          - keep-alive
        Content-Length:
          - "1431"
        Content-Type:
          - application/json;charset=UTF-8
        Date:
          - Sat, 06 Mar 2021 23:23:16 GMT
        Set-Cookie:
          - JSESSIONID=B51B3ABB4BD829C54F9A767F012ED144; Path=/api/; HttpOnly
        Via:
          - 1.1 92ba29cedd0d1df680527e0b728cdc51.cloudfront.net (CloudFront)
        X-Amz-Cf-Id:
          - XL-4ZfzTuOM3R1tPQil1o2F4jEg_Hl5bcM8vdScr69BUwOQtcVeZoQ==
        X-Amz-Cf-Pop:
          - SCL50-C1
        X-CULQI-ENVIRONMENT:
          - test
        X-CULQI-TRACKING-ID:
          - "10138223"
        X-CULQI-VERSION:
          - 2.0.0
        X-Cache:
          - Miss from cloudfront
        x-amz-apigw-id:
          - bydDpGmpoAMFrqQ=
        x-amzn-Remapped-Date:
          - Sat, 06 Mar 2021 23:23:15 GMT
        x-amzn-Remapped-Server:
          - Apache-Coyote/1.1
        x-amzn-RequestId:
          - 197eafb8-1e02-4662-9696-ee92f61b536a
      status:
        code: 201
        message: Created
  - request:
      body: '{"metadata": {"order_id": "0001"}}'
      headers:
        Accept:
          - application/json
        Accept-Encoding:
          - gzip, deflate
        Authorization:
          - Bearer culiq_api_key
        Connection:
          - keep-alive
        Content-Length:
          - "34"
        Content-type:
          - application/json
        User-Agent:
          - Culqi-API-Python/2.0.0
      method: PATCH
      uri: https://api.culqi.com/v2/subscriptions/sub_test_u1nvmWiDHesa5Esu
    response:
      body:
        string: "{\"object\":\"subscription\",\"id\":\"sub_test_u1nvmWiDHesa5Esu\",\"creation_date\":1615072996000,\"status\":\"Activa\",\"current_period\":0,\"total_period\":10,\"current_period_start\":1617598800000,\"current_period_end\":1617771600000,\"cancel_at_period_end\":false,\"cancel_at\":null,\"ended_at\":1619326800000,\"next_billing_date\":1617598800000,\"trial_start\":1615072996000,\"trial_end\":1617664996000,\"charges\":[],\"plan\":{\"object\":\"plan\",\"id\":\"pln_test_VnRzk58cZ1IFUKtX\",\"creation_date\":1615072995000,\"name\":\"plan-d6ad\",\"amount\":1000,\"currency_code\":\"PEN\",\"interval_count\":2,\"interval\":\"D\xEDas\",\"limit\":10,\"trial_days\":30,\"total_subscriptions\":1,\"metadata\":{}},\"card\":{\"object\":\"card\",\"id\":\"crd_test_2YrC06K4McMq6HJv\",\"active\":true,\"creation_date\":1615072994000,\"customer_id\":\"cus_test_iDlLVQO5CkiGQkc7\",\"source\":{\"object\":\"token\",\"id\":\"tkn_test_u8VXtx5WfW5fenoa\",\"type\":\"card\",\"creation_date\":1615072989000,\"email\":\"richard1488@piedpiper.com\",\"card_number\":\"411111******1111\",\"last_four\":\"1111\",\"active\":true,\"iin\":{\"object\":\"iin\",\"bin\":\"411111\",\"card_brand\":\"Visa\",\"card_type\":\"credito\",\"card_category\":\"Cl\xE1sica\",\"issuer\":{\"name\":\"BBVA\",\"country\":\"PERU\",\"country_code\":\"PE\",\"website\":null,\"phone_number\":null},\"installments_allowed\":[2,4,6,8,10,12,3,5,7,9,24,48]},\"client\":{\"ip\":\"191.98.182.73\",\"ip_country\":\"Peru\",\"ip_country_code\":\"PE\",\"browser\":\"UNKNOWN\",\"device_fingerprint\":null,\"device_type\":\"Escritorio\"},\"metadata\":{}},\"metadata\":{}},\"metadata\":{\"order_id\":\"0001\"}}"
      headers:
        Connection:
          - keep-alive
        Content-Length:
          - "1448"
        Content-Type:
          - application/json;charset=UTF-8
        Date:
          - Sat, 06 Mar 2021 23:23:16 GMT
        Set-Cookie:
          - JSESSIONID=B545E589FFC5A3D2836BDE0393A9F7B6; Path=/api/; HttpOnly
        Via:
          - 1.1 92ba29cedd0d1df680527e0b728cdc51.cloudfront.net (CloudFront)
        X-Amz-Cf-Id:
          - 5meeDvS4OEjc_p2f40oGf0pq-JarxYJ7pzB8JSg_fHb2F9eFgjnsWQ==
        X-Amz-Cf-Pop:
          - SCL50-C1
        X-CULQI-ENVIRONMENT:
          - test
        X-CULQI-TRACKING-ID:
          - "10138224"
        X-CULQI-VERSION:
          - 2.0.0
        X-Cache:
          - Miss from cloudfront
        x-amz-apigw-id:
          - bydDvFJRoAMF8Xw=
        x-amzn-Remapped-Date:
          - Sat, 06 Mar 2021 23:23:15 GMT
        x-amzn-Remapped-Server:
          - Apache-Coyote/1.1
        x-amzn-RequestId:
          - 27c6407f-c6ed-4c17-ae02-c0b87f781da4
      status:
        code: 200
        message: OK
  - request:
      body:
        '{"card_number": "4111111111111111", "expiration_month": "09", "expiration_year":
        "2025", "cvv": "123", "email": "richardd55d@piedpiper.com"}'
      headers:
        Accept:
          - application/json
        Accept-Encoding:
          - gzip, deflate
        Authorization:
          - Bearer culiq_api_key
        Connection:
          - keep-alive
        Content-Length:
          - "140"
        Content-type:
          - application/json
        User-Agent:
          - Culqi-API-Python/2.0.0
      method: POST
      uri: https://secure.culqi.com/v2/tokens
    response:
      body:
        string: "{\"object\":\"token\",\"id\":\"tkn_test_r7dPJQA6xNdShuEq\",\"type\":\"card\",\"creation_date\":1615073342000,\"email\":\"richardd55d@piedpiper.com\",\"card_number\":\"411111******1111\",\"last_four\":\"1111\",\"active\":true,\"iin\":{\"object\":\"iin\",\"bin\":\"411111\",\"card_brand\":\"Visa\",\"card_type\":\"credito\",\"card_category\":\"Cl\xE1sica\",\"issuer\":{\"name\":\"BBVA\",\"country\":\"PERU\",\"country_code\":\"PE\",\"website\":null,\"phone_number\":null},\"installments_allowed\":[2,4,6,8,10,12,3,5,7,9,24,48]},\"client\":{\"ip\":\"191.98.182.73\",\"ip_country\":\"Peru\",\"ip_country_code\":\"PE\",\"browser\":\"UNKNOWN\",\"device_fingerprint\":null,\"device_type\":\"Escritorio\"},\"metadata\":{}}"
      headers:
        Connection:
          - keep-alive
        Content-Encoding:
          - UTF-8
        Content-Length:
          - "616"
        Content-Type:
          - application/json;charset=UTF-8
        Date:
          - Sat, 06 Mar 2021 23:29:03 GMT
        Via:
          - 1.1 7ac9c8ac72e3482403dd503d970050b5.cloudfront.net (CloudFront)
        X-Amz-Cf-Id:
          - m5ySmh6X-5K1JMmxZgzU_f43I_gK9sMahOvmq05hrPifTDZur-8Q4w==
        X-Amz-Cf-Pop:
          - SCL50-C1
        X-Amzn-Trace-Id:
          - Root=1-6044103d-547ef2bc1114e1b45bc9c969;Sampled=0
        X-Cache:
          - Miss from cloudfront
        x-amz-apigw-id:
          - byd5qEw9oAMF6IA=
        x-amzn-Remapped-Content-Length:
          - "616"
        x-amzn-RequestId:
          - 569ef599-9a46-4d62-9919-d16a2e7a48f0
      status:
        code: 201
        message: Created
  - request:
      body:
        '{"address": "Avenida Lima 123213", "address_city": "LIMA", "country_code":
        "PE", "email": "richardd55d@piedpiper.com", "first_name": "Richard", "last_name":
        "Piedpiper", "phone_number": "+51998989789"}'
      headers:
        Accept:
          - application/json
        Accept-Encoding:
          - gzip, deflate
        Authorization:
          - Bearer culiq_api_key
        Connection:
          - keep-alive
        Content-Length:
          - "201"
        Content-type:
          - application/json
        User-Agent:
          - Culqi-API-Python/2.0.0
      method: POST
      uri: https://api.culqi.com/v2/customers
    response:
      body:
        string:
          '{"object":"customer","id":"cus_test_pb1otSeVh43qBjH1","creation_date":1615073343988,"email":"richardd55d@piedpiper.com","antifraud_details":{"first_name":"Richard","last_name":"Piedpiper","address":"Avenida
          Lima 123213","address_city":"LIMA","country_code":"PE","phone":"+51998989789","object":"client"},"metadata":{}}'
      headers:
        Connection:
          - keep-alive
        Content-Length:
          - "318"
        Content-Type:
          - application/json;charset=UTF-8
        Date:
          - Sat, 06 Mar 2021 23:29:04 GMT
        Set-Cookie:
          - JSESSIONID=19B6B3608151CF752325909AD0B7667E; Path=/api; HttpOnly
        Via:
          - 1.1 f4501d5df124eb2fa5d33f712e78d418.cloudfront.net (CloudFront)
        X-Amz-Cf-Id:
          - frSe13uIbCXrE66fq3nayG3XAmT4xAWBvWnSRSX-DQbXSh7IWBaJZA==
        X-Amz-Cf-Pop:
          - SCL50-C1
        X-Amzn-Trace-Id:
          - Root=1-6044103f-79f4b1a71789c38b5ec3d7ce;Sampled=0
        X-CULQI-ENVIRONMENT:
          - test
        X-CULQI-TRACKING-ID:
          - "10138435"
        X-CULQI-VERSION:
          - 2.0.0
        X-Cache:
          - Miss from cloudfront
        x-amz-apigw-id:
          - byd5-F2hIAMFYBQ=
        x-amzn-Remapped-Connection:
          - keep-alive
        x-amzn-Remapped-Date:
          - Sat, 06 Mar 2021 23:29:04 GMT
        x-amzn-Remapped-Server:
          - nginx
        x-amzn-RequestId:
          - 7137dbdc-29f0-49cb-bda7-94a2ea94ccf3
      status:
        code: 201
        message: Created
  - request:
      body: '{"token_id": "tkn_test_r7dPJQA6xNdShuEq", "customer_id": "cus_test_pb1otSeVh43qBjH1"}'
      headers:
        Accept:
          - application/json
        Accept-Encoding:
          - gzip, deflate
        Authorization:
          - Bearer culiq_api_key
        Connection:
          - keep-alive
        Content-Length:
          - "85"
        Content-type:
          - application/json
        User-Agent:
          - Culqi-API-Python/2.0.0
      method: POST
      uri: https://api.culqi.com/v2/cards
    response:
      body:
        string: "{\"object\":\"card\",\"id\":\"crd_test_wABRl7MYrERUEFvN\",\"active\":true,\"creation_date\":1615073349153,\"customer_id\":\"cus_test_pb1otSeVh43qBjH1\",\"source\":{\"object\":\"token\",\"id\":\"tkn_test_r7dPJQA6xNdShuEq\",\"type\":\"card\",\"creation_date\":1615073342000,\"email\":\"richardd55d@piedpiper.com\",\"card_number\":\"411111******1111\",\"last_four\":\"1111\",\"active\":true,\"iin\":{\"object\":\"iin\",\"bin\":\"411111\",\"card_brand\":\"Visa\",\"card_type\":\"credito\",\"card_category\":\"Cl\xE1sica\",\"issuer\":{\"name\":\"BBVA\",\"country\":\"PERU\",\"country_code\":\"PE\",\"website\":null,\"phone_number\":null},\"installments_allowed\":[2,4,6,8,10,12,3,5,7,9,24,48]},\"client\":{\"ip\":\"191.98.182.73\",\"ip_country\":\"Peru\",\"ip_country_code\":\"PE\",\"browser\":\"UNKNOWN\",\"device_fingerprint\":null,\"device_type\":\"Escritorio\"},\"metadata\":{}},\"metadata\":{\"ZDA\":true}}"
      headers:
        Connection:
          - keep-alive
        Content-Length:
          - "786"
        Content-Type:
          - application/json;charset=UTF-8
        Date:
          - Sat, 06 Mar 2021 23:29:09 GMT
        Set-Cookie:
          - JSESSIONID=B940458E03FB70DE1471A65AEF47AE66; Path=/api; HttpOnly
        Via:
          - 1.1 f4501d5df124eb2fa5d33f712e78d418.cloudfront.net (CloudFront)
        X-Amz-Cf-Id:
          - jAclZ5bhwEt9n741hMI0J4IBAFbOoSVu1Mqjfe-u9E0E0C-HxrD9PQ==
        X-Amz-Cf-Pop:
          - SCL50-C1
        X-Amzn-Trace-Id:
          - Root=1-60441040-17c9e676634b54a022d5b2a8;Sampled=0
        X-CULQI-ENVIRONMENT:
          - test
        X-CULQI-TRACKING-ID:
          - "10138436"
        X-CULQI-VERSION:
          - 2.0.0
        X-Cache:
          - Miss from cloudfront
        x-amz-apigw-id:
          - byd6HFFkoAMFguQ=
        x-amzn-Remapped-Connection:
          - keep-alive
        x-amzn-Remapped-Date:
          - Sat, 06 Mar 2021 23:29:09 GMT
        x-amzn-Remapped-Server:
          - nginx
        x-amzn-RequestId:
          - e3d39741-d908-4833-ba1c-1b4139047740
      status:
        code: 201
        message: Created
  - request:
      body:
        '{"amount": 1000, "currency_code": "PEN", "interval": "dias", "interval_count":
        2, "limit": 10, "name": "plan-d443", "trial_days": 30}'
      headers:
        Accept:
          - application/json
        Accept-Encoding:
          - gzip, deflate
        Authorization:
          - Bearer culiq_api_key
        Connection:
          - keep-alive
        Content-Length:
          - "133"
        Content-type:
          - application/json
        User-Agent:
          - Culqi-API-Python/2.0.0
      method: POST
      uri: https://api.culqi.com/v2/plans
    response:
      body:
        string: "{\"object\":\"plan\",\"id\":\"pln_test_vKr19EuBJ95AzaCt\",\"creation_date\":1615073350000,\"name\":\"plan-d443\",\"amount\":1000,\"currency_code\":\"PEN\",\"interval_count\":2,\"interval\":\"D\xEDas\",\"limit\":10,\"trial_days\":30,\"total_subscriptions\":0,\"metadata\":{}}"
      headers:
        Connection:
          - keep-alive
        Content-Length:
          - "238"
        Content-Type:
          - application/json;charset=UTF-8
        Date:
          - Sat, 06 Mar 2021 23:29:10 GMT
        Set-Cookie:
          - JSESSIONID=E1580D21782F24C0412A9DEBF6D05F1B; Path=/api; HttpOnly
        Via:
          - 1.1 f4501d5df124eb2fa5d33f712e78d418.cloudfront.net (CloudFront)
        X-Amz-Cf-Id:
          - -df6ha4obzqB5Lm6f2jgN9Vq_dA0RJHGpBl-nJ2Z9Vi4KA7FakWUhA==
        X-Amz-Cf-Pop:
          - SCL50-C1
        X-Amzn-Trace-Id:
          - Root=1-60441045-540027f20c215388017e4142;Sampled=0
        X-CULQI-ENVIRONMENT:
          - test
        X-CULQI-TRACKING-ID:
          - "10138439"
        X-CULQI-VERSION:
          - 2.0.0
        X-Cache:
          - Miss from cloudfront
        x-amz-apigw-id:
          - byd66F6DIAMFYFg=
        x-amzn-Remapped-Connection:
          - keep-alive
        x-amzn-Remapped-Date:
          - Sat, 06 Mar 2021 23:29:10 GMT
        x-amzn-Remapped-Server:
          - nginx
        x-amzn-RequestId:
          - 43977596-6c38-4129-a439-033cb4fa958e
      status:
        code: 201
        message: Created
  - request:
      body: '{"card_id": "crd_test_wABRl7MYrERUEFvN", "plan_id": "pln_test_vKr19EuBJ95AzaCt"}'
      headers:
        Accept:
          - application/json
        Accept-Encoding:
          - gzip, deflate
        Authorization:
          - Bearer culiq_api_key
        Connection:
          - keep-alive
        Content-Length:
          - "80"
        Content-type:
          - application/json
        User-Agent:
          - Culqi-API-Python/2.0.0
      method: POST
      uri: https://api.culqi.com/v2/subscriptions
    response:
      body:
        string: "{\"object\":\"subscription\",\"id\":\"sub_test_wSUfXxkRfz6SZgWU\",\"creation_date\":1615073350000,\"status\":\"Activa\",\"current_period\":0,\"total_period\":10,\"current_period_start\":1617598800000,\"current_period_end\":1617771600000,\"cancel_at_period_end\":false,\"cancel_at\":null,\"ended_at\":1619326800000,\"next_billing_date\":1617598800000,\"trial_start\":1615073350000,\"trial_end\":1617665350000,\"charges\":[],\"plan\":{\"object\":\"plan\",\"id\":\"pln_test_vKr19EuBJ95AzaCt\",\"creation_date\":1615073350000,\"name\":\"plan-d443\",\"amount\":1000,\"currency_code\":\"PEN\",\"interval_count\":2,\"interval\":\"D\xEDas\",\"limit\":10,\"trial_days\":30,\"total_subscriptions\":1,\"metadata\":{}},\"card\":{\"object\":\"card\",\"id\":\"crd_test_wABRl7MYrERUEFvN\",\"active\":true,\"creation_date\":1615073349000,\"customer_id\":\"cus_test_pb1otSeVh43qBjH1\",\"source\":{\"object\":\"token\",\"id\":\"tkn_test_r7dPJQA6xNdShuEq\",\"type\":\"card\",\"creation_date\":1615073342000,\"email\":\"richardd55d@piedpiper.com\",\"card_number\":\"411111******1111\",\"last_four\":\"1111\",\"active\":true,\"iin\":{\"object\":\"iin\",\"bin\":\"411111\",\"card_brand\":\"Visa\",\"card_type\":\"credito\",\"card_category\":\"Cl\xE1sica\",\"issuer\":{\"name\":\"BBVA\",\"country\":\"PERU\",\"country_code\":\"PE\",\"website\":null,\"phone_number\":null},\"installments_allowed\":[2,4,6,8,10,12,3,5,7,9,24,48]},\"client\":{\"ip\":\"191.98.182.73\",\"ip_country\":\"Peru\",\"ip_country_code\":\"PE\",\"browser\":\"UNKNOWN\",\"device_fingerprint\":null,\"device_type\":\"Escritorio\"},\"metadata\":{}},\"metadata\":{}},\"metadata\":{}}"
      headers:
        Connection:
          - keep-alive
        Content-Length:
          - "1431"
        Content-Type:
          - application/json;charset=UTF-8
        Date:
          - Sat, 06 Mar 2021 23:29:10 GMT
        Set-Cookie:
          - JSESSIONID=4259A7D12E112DD2CA7BD8B04B7DC141; Path=/api/; HttpOnly
        Via:
          - 1.1 f4501d5df124eb2fa5d33f712e78d418.cloudfront.net (CloudFront)
        X-Amz-Cf-Id:
          - 9EbMQMZoB7MkhrquSmaFgPSmaYwGOVh2BY8Cwglk3tW1Gmo5acb5TQ==
        X-Amz-Cf-Pop:
          - SCL50-C1
        X-CULQI-ENVIRONMENT:
          - test
        X-CULQI-TRACKING-ID:
          - "10138440"
        X-CULQI-VERSION:
          - 2.0.0
        X-Cache:
          - Miss from cloudfront
        x-amz-apigw-id:
          - byd7BE4FoAMF1dw=
        x-amzn-Remapped-Date:
          - Sat, 06 Mar 2021 23:29:10 GMT
        x-amzn-Remapped-Server:
          - Apache-Coyote/1.1
        x-amzn-RequestId:
          - 4d1a3fd3-df87-4d20-b6ad-5bad7a76967c
      status:
        code: 201
        message: Created
  - request:
      body: '{"metadata": {"order_id": "0001"}}'
      headers:
        Accept:
          - application/json
        Accept-Encoding:
          - gzip, deflate
        Authorization:
          - Bearer culiq_api_key
        Connection:
          - keep-alive
        Content-Length:
          - "34"
        Content-type:
          - application/json
        User-Agent:
          - Culqi-API-Python/2.0.0
      method: PATCH
      uri: https://api.culqi.com/v2/subscriptions/sub_test_wSUfXxkRfz6SZgWU
    response:
      body:
        string: "{\"object\":\"subscription\",\"id\":\"sub_test_wSUfXxkRfz6SZgWU\",\"creation_date\":1615073350000,\"status\":\"Activa\",\"current_period\":0,\"total_period\":10,\"current_period_start\":1617598800000,\"current_period_end\":1617771600000,\"cancel_at_period_end\":false,\"cancel_at\":null,\"ended_at\":1619326800000,\"next_billing_date\":1617598800000,\"trial_start\":1615073350000,\"trial_end\":1617665350000,\"charges\":[],\"plan\":{\"object\":\"plan\",\"id\":\"pln_test_vKr19EuBJ95AzaCt\",\"creation_date\":1615073350000,\"name\":\"plan-d443\",\"amount\":1000,\"currency_code\":\"PEN\",\"interval_count\":2,\"interval\":\"D\xEDas\",\"limit\":10,\"trial_days\":30,\"total_subscriptions\":1,\"metadata\":{}},\"card\":{\"object\":\"card\",\"id\":\"crd_test_wABRl7MYrERUEFvN\",\"active\":true,\"creation_date\":1615073349000,\"customer_id\":\"cus_test_pb1otSeVh43qBjH1\",\"source\":{\"object\":\"token\",\"id\":\"tkn_test_r7dPJQA6xNdShuEq\",\"type\":\"card\",\"creation_date\":1615073342000,\"email\":\"richardd55d@piedpiper.com\",\"card_number\":\"411111******1111\",\"last_four\":\"1111\",\"active\":true,\"iin\":{\"object\":\"iin\",\"bin\":\"411111\",\"card_brand\":\"Visa\",\"card_type\":\"credito\",\"card_category\":\"Cl\xE1sica\",\"issuer\":{\"name\":\"BBVA\",\"country\":\"PERU\",\"country_code\":\"PE\",\"website\":null,\"phone_number\":null},\"installments_allowed\":[2,4,6,8,10,12,3,5,7,9,24,48]},\"client\":{\"ip\":\"191.98.182.73\",\"ip_country\":\"Peru\",\"ip_country_code\":\"PE\",\"browser\":\"UNKNOWN\",\"device_fingerprint\":null,\"device_type\":\"Escritorio\"},\"metadata\":{}},\"metadata\":{}},\"metadata\":{\"order_id\":\"0001\"}}"
      headers:
        Connection:
          - keep-alive
        Content-Length:
          - "1448"
        Content-Type:
          - application/json;charset=UTF-8
        Date:
          - Sat, 06 Mar 2021 23:29:11 GMT
        Set-Cookie:
          - JSESSIONID=57084ECBDC0069C414973FF60621C16E; Path=/api/; HttpOnly
        Via:
          - 1.1 f4501d5df124eb2fa5d33f712e78d418.cloudfront.net (CloudFront)
        X-Amz-Cf-Id:
          - 2Z8fvMwZk_Twt9FJtPT0ylLI1Cmrn7r2fKJf_664uynNYhSamQyeXg==
        X-Amz-Cf-Pop:
          - SCL50-C1
        X-CULQI-ENVIRONMENT:
          - test
        X-CULQI-TRACKING-ID:
          - "10138441"
        X-CULQI-VERSION:
          - 2.0.0
        X-Cache:
          - Miss from cloudfront
        x-amz-apigw-id:
          - byd7HE_6oAMFn6A=
        x-amzn-Remapped-Date:
          - Sat, 06 Mar 2021 23:29:10 GMT
        x-amzn-Remapped-Server:
          - Apache-Coyote/1.1
        x-amzn-RequestId:
          - 243a9b22-b865-40ab-8520-d85f3ff8d0fb
      status:
        code: 200
        message: OK
  - request:
      body:
        '{"card_number": "4111111111111111", "expiration_month": "09", "expiration_year":
        "2025", "cvv": "123", "email": "richard81a9@piedpiper.com"}'
      headers:
        Accept:
          - application/json
        Accept-Encoding:
          - gzip, deflate
        Authorization:
          - Bearer culiq_api_key
        Connection:
          - keep-alive
        Content-Length:
          - "140"
        Content-type:
          - application/json
        User-Agent:
          - Culqi-API-Python/2.0.0
      method: POST
      uri: https://secure.culqi.com/v2/tokens
    response:
      body:
        string: "{\"object\":\"token\",\"id\":\"tkn_test_hqJgsHmhJOJ9r2kO\",\"type\":\"card\",\"creation_date\":1615121743000,\"email\":\"richard81a9@piedpiper.com\",\"card_number\":\"411111******1111\",\"last_four\":\"1111\",\"active\":true,\"iin\":{\"object\":\"iin\",\"bin\":\"411111\",\"card_brand\":\"Visa\",\"card_type\":\"credito\",\"card_category\":\"Cl\xE1sica\",\"issuer\":{\"name\":\"BBVA\",\"country\":\"PERU\",\"country_code\":\"PE\",\"website\":null,\"phone_number\":null},\"installments_allowed\":[2,4,6,8,10,12,3,5,7,9,24,48]},\"client\":{\"ip\":\"191.98.182.73\",\"ip_country\":\"Peru\",\"ip_country_code\":\"PE\",\"browser\":\"UNKNOWN\",\"device_fingerprint\":null,\"device_type\":\"Escritorio\"},\"metadata\":{}}"
      headers:
        Connection:
          - keep-alive
        Content-Encoding:
          - UTF-8
        Content-Length:
          - "616"
        Content-Type:
          - application/json;charset=UTF-8
        Date:
          - Sun, 07 Mar 2021 12:55:44 GMT
        Via:
          - 1.1 911166aa22b0bbe41c177450fede1a7b.cloudfront.net (CloudFront)
        X-Amz-Cf-Id:
          - U2ADh8DQ2cEkK0blHVr6qhf23fVMrDpF_lQD35fUj-qfu2T38iQDPw==
        X-Amz-Cf-Pop:
          - SCL50-C1
        X-Amzn-Trace-Id:
          - Root=1-6044cd4f-7b303ace3ad755b34956051c;Sampled=0
        X-Cache:
          - Miss from cloudfront
        x-amz-apigw-id:
          - b0UEaH8roAMFoFw=
        x-amzn-Remapped-Content-Length:
          - "616"
        x-amzn-RequestId:
          - d101ec51-c8ed-4873-bcda-9d2b16c2fbab
      status:
        code: 201
        message: Created
  - request:
      body:
        '{"address": "Avenida Lima 123213", "address_city": "LIMA", "country_code":
        "PE", "email": "richard81a9@piedpiper.com", "first_name": "Richard", "last_name":
        "Piedpiper", "phone_number": "+51998989789"}'
      headers:
        Accept:
          - application/json
        Accept-Encoding:
          - gzip, deflate
        Authorization:
          - Bearer culiq_api_key
        Connection:
          - keep-alive
        Content-Length:
          - "201"
        Content-type:
          - application/json
        User-Agent:
          - Culqi-API-Python/2.0.0
      method: POST
      uri: https://api.culqi.com/v2/customers
    response:
      body:
        string:
          '{"object":"customer","id":"cus_test_jIf9uGIUzGIUZXZ7","creation_date":1615121744954,"email":"richard81a9@piedpiper.com","antifraud_details":{"first_name":"Richard","last_name":"Piedpiper","address":"Avenida
          Lima 123213","address_city":"LIMA","country_code":"PE","phone":"+51998989789","object":"client"},"metadata":{}}'
      headers:
        Connection:
          - keep-alive
        Content-Length:
          - "318"
        Content-Type:
          - application/json;charset=UTF-8
        Date:
          - Sun, 07 Mar 2021 12:55:45 GMT
        Set-Cookie:
          - JSESSIONID=785E95FA0FC201559D9C5E89A842C827; Path=/api; HttpOnly
        Via:
          - 1.1 fd7441fafdf8d6a01b5f14f818907820.cloudfront.net (CloudFront)
        X-Amz-Cf-Id:
          - 7mMfJkrEw9biedfSR0VaaE1nGklYFFbZc26NqxROlX2lQHS0LU0rkw==
        X-Amz-Cf-Pop:
          - SCL50-C1
        X-Amzn-Trace-Id:
          - Root=1-6044cd50-2693318029d681575a1b23b6;Sampled=0
        X-CULQI-ENVIRONMENT:
          - test
        X-CULQI-TRACKING-ID:
          - "10141085"
        X-CULQI-VERSION:
          - 2.0.0
        X-Cache:
          - Miss from cloudfront
        x-amz-apigw-id:
          - b0UEoFf9IAMF_aA=
        x-amzn-Remapped-Connection:
          - keep-alive
        x-amzn-Remapped-Date:
          - Sun, 07 Mar 2021 12:55:44 GMT
        x-amzn-Remapped-Server:
          - nginx
        x-amzn-RequestId:
          - 2196c004-4475-4d62-a6da-9baad5d9b97c
      status:
        code: 201
        message: Created
  - request:
      body: '{"token_id": "tkn_test_hqJgsHmhJOJ9r2kO", "customer_id": "cus_test_jIf9uGIUzGIUZXZ7"}'
      headers:
        Accept:
          - application/json
        Accept-Encoding:
          - gzip, deflate
        Authorization:
          - Bearer culiq_api_key
        Connection:
          - keep-alive
        Content-Length:
          - "85"
        Content-type:
          - application/json
        User-Agent:
          - Culqi-API-Python/2.0.0
      method: POST
      uri: https://api.culqi.com/v2/cards
    response:
      body:
        string: "{\"object\":\"card\",\"id\":\"crd_test_ZYQN4aNpfHEik0bF\",\"active\":true,\"creation_date\":1615121749432,\"customer_id\":\"cus_test_jIf9uGIUzGIUZXZ7\",\"source\":{\"object\":\"token\",\"id\":\"tkn_test_hqJgsHmhJOJ9r2kO\",\"type\":\"card\",\"creation_date\":1615121743000,\"email\":\"richard81a9@piedpiper.com\",\"card_number\":\"411111******1111\",\"last_four\":\"1111\",\"active\":true,\"iin\":{\"object\":\"iin\",\"bin\":\"411111\",\"card_brand\":\"Visa\",\"card_type\":\"credito\",\"card_category\":\"Cl\xE1sica\",\"issuer\":{\"name\":\"BBVA\",\"country\":\"PERU\",\"country_code\":\"PE\",\"website\":null,\"phone_number\":null},\"installments_allowed\":[2,4,6,8,10,12,3,5,7,9,24,48]},\"client\":{\"ip\":\"191.98.182.73\",\"ip_country\":\"Peru\",\"ip_country_code\":\"PE\",\"browser\":\"UNKNOWN\",\"device_fingerprint\":null,\"device_type\":\"Escritorio\"},\"metadata\":{}},\"metadata\":{\"ZDA\":true}}"
      headers:
        Connection:
          - keep-alive
        Content-Length:
          - "786"
        Content-Type:
          - application/json;charset=UTF-8
        Date:
          - Sun, 07 Mar 2021 12:55:49 GMT
        Set-Cookie:
          - JSESSIONID=8DD6E524F8BFC6E9B36B3EF1EF7F6DAE; Path=/api; HttpOnly
        Via:
          - 1.1 fd7441fafdf8d6a01b5f14f818907820.cloudfront.net (CloudFront)
        X-Amz-Cf-Id:
          - hcsb8_UJyjP6qxomoBhuxBkwCc3vPmMHZzioUQ_bhriTi1Mi8iHZ7Q==
        X-Amz-Cf-Pop:
          - SCL50-C1
        X-Amzn-Trace-Id:
          - Root=1-6044cd51-385ac42154b7cd203591669d;Sampled=0
        X-CULQI-ENVIRONMENT:
          - test
        X-CULQI-TRACKING-ID:
          - "10141086"
        X-CULQI-VERSION:
          - 2.0.0
        X-Cache:
          - Miss from cloudfront
        x-amz-apigw-id:
          - b0UExErVIAMFllA=
        x-amzn-Remapped-Connection:
          - keep-alive
        x-amzn-Remapped-Date:
          - Sun, 07 Mar 2021 12:55:49 GMT
        x-amzn-Remapped-Server:
          - nginx
        x-amzn-RequestId:
          - 246a9d51-fb98-4919-ab96-0d94e0510995
      status:
        code: 201
        message: Created
  - request:
      body:
        '{"amount": 1000, "currency_code": "PEN", "interval": "dias", "interval_count":
        2, "limit": 10, "name": "plan-2429", "trial_days": 30}'
      headers:
        Accept:
          - application/json
        Accept-Encoding:
          - gzip, deflate
        Authorization:
          - Bearer culiq_api_key
        Connection:
          - keep-alive
        Content-Length:
          - "133"
        Content-type:
          - application/json
        User-Agent:
          - Culqi-API-Python/2.0.0
      method: POST
      uri: https://api.culqi.com/v2/plans
    response:
      body:
        string: "{\"object\":\"plan\",\"id\":\"pln_test_pLrsv3gq2sJxH5Hq\",\"creation_date\":1615121750000,\"name\":\"plan-2429\",\"amount\":1000,\"currency_code\":\"PEN\",\"interval_count\":2,\"interval\":\"D\xEDas\",\"limit\":10,\"trial_days\":30,\"total_subscriptions\":0,\"metadata\":{}}"
      headers:
        Connection:
          - keep-alive
        Content-Length:
          - "238"
        Content-Type:
          - application/json;charset=UTF-8
        Date:
          - Sun, 07 Mar 2021 12:55:50 GMT
        Set-Cookie:
          - JSESSIONID=6C58C8AF45D7FC3598F98507FAF706FE; Path=/api; HttpOnly
        Via:
          - 1.1 fd7441fafdf8d6a01b5f14f818907820.cloudfront.net (CloudFront)
        X-Amz-Cf-Id:
          - yL4HmNVdlTkaWFlPgaugeuO-Rd8uO9eipgwjzD6R_sRISfOkL3iAbg==
        X-Amz-Cf-Pop:
          - SCL50-C1
        X-Amzn-Trace-Id:
          - Root=1-6044cd55-5f2931226f5a9f130e6c85f5;Sampled=0
        X-CULQI-ENVIRONMENT:
          - test
        X-CULQI-TRACKING-ID:
          - "10141089"
        X-CULQI-VERSION:
          - 2.0.0
        X-Cache:
          - Miss from cloudfront
        x-amz-apigw-id:
          - b0UFcHNjIAMFxIA=
        x-amzn-Remapped-Connection:
          - keep-alive
        x-amzn-Remapped-Date:
          - Sun, 07 Mar 2021 12:55:50 GMT
        x-amzn-Remapped-Server:
          - nginx
        x-amzn-RequestId:
          - a94d81fd-72b7-40fd-ba20-84a6f0728a5b
      status:
        code: 201
        message: Created
  - request:
      body: '{"card_id": "crd_test_ZYQN4aNpfHEik0bF", "plan_id": "pln_test_pLrsv3gq2sJxH5Hq"}'
      headers:
        Accept:
          - application/json
        Accept-Encoding:
          - gzip, deflate
        Authorization:
          - Bearer culiq_api_key
        Connection:
          - keep-alive
        Content-Length:
          - "80"
        Content-type:
          - application/json
        User-Agent:
          - Culqi-API-Python/2.0.0
      method: POST
      uri: https://api.culqi.com/v2/subscriptions
    response:
      body:
        string: "{\"object\":\"subscription\",\"id\":\"sub_test_jATQgfItipUCAHe9\",\"creation_date\":1615121751000,\"status\":\"Activa\",\"current_period\":0,\"total_period\":10,\"current_period_start\":1617685200000,\"current_period_end\":1617858000000,\"cancel_at_period_end\":false,\"cancel_at\":null,\"ended_at\":1619413200000,\"next_billing_date\":1617685200000,\"trial_start\":1615121751000,\"trial_end\":1617713751000,\"charges\":[],\"plan\":{\"object\":\"plan\",\"id\":\"pln_test_pLrsv3gq2sJxH5Hq\",\"creation_date\":1615121750000,\"name\":\"plan-2429\",\"amount\":1000,\"currency_code\":\"PEN\",\"interval_count\":2,\"interval\":\"D\xEDas\",\"limit\":10,\"trial_days\":30,\"total_subscriptions\":1,\"metadata\":{}},\"card\":{\"object\":\"card\",\"id\":\"crd_test_ZYQN4aNpfHEik0bF\",\"active\":true,\"creation_date\":1615121749000,\"customer_id\":\"cus_test_jIf9uGIUzGIUZXZ7\",\"source\":{\"object\":\"token\",\"id\":\"tkn_test_hqJgsHmhJOJ9r2kO\",\"type\":\"card\",\"creation_date\":1615121743000,\"email\":\"richard81a9@piedpiper.com\",\"card_number\":\"411111******1111\",\"last_four\":\"1111\",\"active\":true,\"iin\":{\"object\":\"iin\",\"bin\":\"411111\",\"card_brand\":\"Visa\",\"card_type\":\"credito\",\"card_category\":\"Cl\xE1sica\",\"issuer\":{\"name\":\"BBVA\",\"country\":\"PERU\",\"country_code\":\"PE\",\"website\":null,\"phone_number\":null},\"installments_allowed\":[2,4,6,8,10,12,3,5,7,9,24,48]},\"client\":{\"ip\":\"191.98.182.73\",\"ip_country\":\"Peru\",\"ip_country_code\":\"PE\",\"browser\":\"UNKNOWN\",\"device_fingerprint\":null,\"device_type\":\"Escritorio\"},\"metadata\":{}},\"metadata\":{}},\"metadata\":{}}"
      headers:
        Connection:
          - keep-alive
        Content-Length:
          - "1431"
        Content-Type:
          - application/json;charset=UTF-8
        Date:
          - Sun, 07 Mar 2021 12:55:51 GMT
        Set-Cookie:
          - JSESSIONID=3A399CA880A035742FF681098E2B84FA; Path=/api/; HttpOnly
        Via:
          - 1.1 fd7441fafdf8d6a01b5f14f818907820.cloudfront.net (CloudFront)
        X-Amz-Cf-Id:
          - 9e2vjPDTGREx7LoOfs-DRFQHIXmq39AgQxQCW8j3ICcmu8VIbIEFQw==
        X-Amz-Cf-Pop:
          - SCL50-C1
        X-CULQI-ENVIRONMENT:
          - test
        X-CULQI-TRACKING-ID:
          - "10141090"
        X-CULQI-VERSION:
          - 2.0.0
        X-Cache:
          - Miss from cloudfront
        x-amz-apigw-id:
          - b0UFlFUBIAMFgmw=
        x-amzn-Remapped-Date:
          - Sun, 07 Mar 2021 12:55:50 GMT
        x-amzn-Remapped-Server:
          - Apache-Coyote/1.1
        x-amzn-RequestId:
          - 18b8ec90-bc6f-4d70-aedf-66021b5d6ba5
      status:
        code: 201
        message: Created
  - request:
      body: '{"metadata": {"order_id": "0001"}}'
      headers:
        Accept:
          - application/json
        Accept-Encoding:
          - gzip, deflate
        Authorization:
          - Bearer culiq_api_key
        Connection:
          - keep-alive
        Content-Length:
          - "34"
        Content-type:
          - application/json
        User-Agent:
          - Culqi-API-Python/2.0.0
      method: PATCH
      uri: https://api.culqi.com/v2/subscriptions/sub_test_jATQgfItipUCAHe9
    response:
      body:
        string: "{\"object\":\"subscription\",\"id\":\"sub_test_jATQgfItipUCAHe9\",\"creation_date\":1615121751000,\"status\":\"Activa\",\"current_period\":0,\"total_period\":10,\"current_period_start\":1617685200000,\"current_period_end\":1617858000000,\"cancel_at_period_end\":false,\"cancel_at\":null,\"ended_at\":1619413200000,\"next_billing_date\":1617685200000,\"trial_start\":1615121751000,\"trial_end\":1617713751000,\"charges\":[],\"plan\":{\"object\":\"plan\",\"id\":\"pln_test_pLrsv3gq2sJxH5Hq\",\"creation_date\":1615121750000,\"name\":\"plan-2429\",\"amount\":1000,\"currency_code\":\"PEN\",\"interval_count\":2,\"interval\":\"D\xEDas\",\"limit\":10,\"trial_days\":30,\"total_subscriptions\":1,\"metadata\":{}},\"card\":{\"object\":\"card\",\"id\":\"crd_test_ZYQN4aNpfHEik0bF\",\"active\":true,\"creation_date\":1615121749000,\"customer_id\":\"cus_test_jIf9uGIUzGIUZXZ7\",\"source\":{\"object\":\"token\",\"id\":\"tkn_test_hqJgsHmhJOJ9r2kO\",\"type\":\"card\",\"creation_date\":1615121743000,\"email\":\"richard81a9@piedpiper.com\",\"card_number\":\"411111******1111\",\"last_four\":\"1111\",\"active\":true,\"iin\":{\"object\":\"iin\",\"bin\":\"411111\",\"card_brand\":\"Visa\",\"card_type\":\"credito\",\"card_category\":\"Cl\xE1sica\",\"issuer\":{\"name\":\"BBVA\",\"country\":\"PERU\",\"country_code\":\"PE\",\"website\":null,\"phone_number\":null},\"installments_allowed\":[2,4,6,8,10,12,3,5,7,9,24,48]},\"client\":{\"ip\":\"191.98.182.73\",\"ip_country\":\"Peru\",\"ip_country_code\":\"PE\",\"browser\":\"UNKNOWN\",\"device_fingerprint\":null,\"device_type\":\"Escritorio\"},\"metadata\":{}},\"metadata\":{}},\"metadata\":{\"order_id\":\"0001\"}}"
      headers:
        Connection:
          - keep-alive
        Content-Length:
          - "1448"
        Content-Type:
          - application/json;charset=UTF-8
        Date:
          - Sun, 07 Mar 2021 12:55:51 GMT
        Set-Cookie:
          - JSESSIONID=50E2C4579ED15095FDA3F79454A40542; Path=/api/; HttpOnly
        Via:
          - 1.1 fd7441fafdf8d6a01b5f14f818907820.cloudfront.net (CloudFront)
        X-Amz-Cf-Id:
          - h8t54K3SWJiXIpMwnmqblRyiFl_nUIbUe4LapUXMF7HdT1v5XG8ovw==
        X-Amz-Cf-Pop:
          - SCL50-C1
        X-CULQI-ENVIRONMENT:
          - test
        X-CULQI-TRACKING-ID:
          - "10141091"
        X-CULQI-VERSION:
          - 2.0.0
        X-Cache:
          - Miss from cloudfront
        x-amz-apigw-id:
          - b0UFuFn9IAMFX6Q=
        x-amzn-Remapped-Date:
          - Sun, 07 Mar 2021 12:55:51 GMT
        x-amzn-Remapped-Server:
          - Apache-Coyote/1.1
        x-amzn-RequestId:
          - 38df9419-5499-43a2-8094-23946f858b80
      status:
        code: 200
        message: OK
  - request:
      body:
        '{"card_number": "4111111111111111", "expiration_month": "09", "expiration_year":
        "2025", "cvv": "123", "email": "richard4426@piedpiper.com"}'
      headers:
        Accept:
          - application/json
        Accept-Encoding:
          - gzip, deflate
        Authorization:
          - Bearer culiq_api_key
        Connection:
          - keep-alive
        Content-Length:
          - "140"
        Content-type:
          - application/json
        User-Agent:
          - Culqi-API-Python/2.0.0
      method: POST
      uri: https://secure.culqi.com/v2/tokens
    response:
      body:
        string: "{\"object\":\"token\",\"id\":\"tkn_test_FseP635seBLpOdTE\",\"type\":\"card\",\"creation_date\":1615123729000,\"email\":\"richard4426@piedpiper.com\",\"card_number\":\"411111******1111\",\"last_four\":\"1111\",\"active\":true,\"iin\":{\"object\":\"iin\",\"bin\":\"411111\",\"card_brand\":\"Visa\",\"card_type\":\"credito\",\"card_category\":\"Cl\xE1sica\",\"issuer\":{\"name\":\"BBVA\",\"country\":\"PERU\",\"country_code\":\"PE\",\"website\":null,\"phone_number\":null},\"installments_allowed\":[2,4,6,8,10,12,3,5,7,9,24,48]},\"client\":{\"ip\":\"191.98.182.73\",\"ip_country\":\"Peru\",\"ip_country_code\":\"PE\",\"browser\":\"UNKNOWN\",\"device_fingerprint\":null,\"device_type\":\"Escritorio\"},\"metadata\":{}}"
      headers:
        Connection:
          - keep-alive
        Content-Encoding:
          - UTF-8
        Content-Length:
          - "616"
        Content-Type:
          - application/json;charset=UTF-8
        Date:
          - Sun, 07 Mar 2021 13:28:50 GMT
        Via:
          - 1.1 75e2ec75b84b884e854a2fc819f11264.cloudfront.net (CloudFront)
        X-Amz-Cf-Id:
          - Tds3hoeGoxAtACSodHIvMYAMOcA-d0rsvxL5VG-wnCUF5ZiXm3Uf1Q==
        X-Amz-Cf-Pop:
          - SCL50-C1
        X-Amzn-Trace-Id:
          - Root=1-6044d511-7dcf639c67ccaeec161236f0;Sampled=0
        X-Cache:
          - Miss from cloudfront
        x-amz-apigw-id:
          - b0Y6uEPmIAMFYdQ=
        x-amzn-Remapped-Content-Length:
          - "616"
        x-amzn-RequestId:
          - d51838e4-c595-4ce7-80f9-69619c79f16f
      status:
        code: 201
        message: Created
  - request:
      body:
        '{"address": "Avenida Lima 123213", "address_city": "LIMA", "country_code":
        "PE", "email": "richard4426@piedpiper.com", "first_name": "Richard", "last_name":
        "Piedpiper", "phone_number": "+51998989789"}'
      headers:
        Accept:
          - application/json
        Accept-Encoding:
          - gzip, deflate
        Authorization:
          - Bearer culiq_api_key
        Connection:
          - keep-alive
        Content-Length:
          - "201"
        Content-type:
          - application/json
        User-Agent:
          - Culqi-API-Python/2.0.0
      method: POST
      uri: https://api.culqi.com/v2/customers
    response:
      body:
        string:
          '{"object":"customer","id":"cus_test_TrBchqWt2LNwE3G5","creation_date":1615123731266,"email":"richard4426@piedpiper.com","antifraud_details":{"first_name":"Richard","last_name":"Piedpiper","address":"Avenida
          Lima 123213","address_city":"LIMA","country_code":"PE","phone":"+51998989789","object":"client"},"metadata":{}}'
      headers:
        Connection:
          - keep-alive
        Content-Length:
          - "318"
        Content-Type:
          - application/json;charset=UTF-8
        Date:
          - Sun, 07 Mar 2021 13:28:51 GMT
        Set-Cookie:
          - JSESSIONID=C31A023DFFD0A471D11731883FBDBC2B; Path=/api; HttpOnly
        Via:
          - 1.1 f34144fb5b49a9a388448959976b46e4.cloudfront.net (CloudFront)
        X-Amz-Cf-Id:
          - 3uKCLi8fVBfxNH7WzWO6_hgckr3bYx12ibW7EaDazZXC5sRTZtTXrg==
        X-Amz-Cf-Pop:
          - SCL50-C1
        X-Amzn-Trace-Id:
          - Root=1-6044d513-55483aff15d7093a1c41b8fc;Sampled=0
        X-CULQI-ENVIRONMENT:
          - test
        X-CULQI-TRACKING-ID:
          - "10141386"
        X-CULQI-VERSION:
          - 2.0.0
        X-Cache:
          - Miss from cloudfront
        x-amz-apigw-id:
          - b0Y6_GkVoAMFkLg=
        x-amzn-Remapped-Connection:
          - keep-alive
        x-amzn-Remapped-Date:
          - Sun, 07 Mar 2021 13:28:51 GMT
        x-amzn-Remapped-Server:
          - nginx
        x-amzn-RequestId:
          - b72ef0db-5b57-404b-b4c4-34bba2433718
      status:
        code: 201
        message: Created
  - request:
      body: '{"token_id": "tkn_test_FseP635seBLpOdTE", "customer_id": "cus_test_TrBchqWt2LNwE3G5"}'
      headers:
        Accept:
          - application/json
        Accept-Encoding:
          - gzip, deflate
        Authorization:
          - Bearer culiq_api_key
        Connection:
          - keep-alive
        Content-Length:
          - "85"
        Content-type:
          - application/json
        User-Agent:
          - Culqi-API-Python/2.0.0
      method: POST
      uri: https://api.culqi.com/v2/cards
    response:
      body:
        string: "{\"object\":\"card\",\"id\":\"crd_test_VBi6opZtSxCeOuti\",\"active\":true,\"creation_date\":1615123735560,\"customer_id\":\"cus_test_TrBchqWt2LNwE3G5\",\"source\":{\"object\":\"token\",\"id\":\"tkn_test_FseP635seBLpOdTE\",\"type\":\"card\",\"creation_date\":1615123729000,\"email\":\"richard4426@piedpiper.com\",\"card_number\":\"411111******1111\",\"last_four\":\"1111\",\"active\":true,\"iin\":{\"object\":\"iin\",\"bin\":\"411111\",\"card_brand\":\"Visa\",\"card_type\":\"credito\",\"card_category\":\"Cl\xE1sica\",\"issuer\":{\"name\":\"BBVA\",\"country\":\"PERU\",\"country_code\":\"PE\",\"website\":null,\"phone_number\":null},\"installments_allowed\":[2,4,6,8,10,12,3,5,7,9,24,48]},\"client\":{\"ip\":\"191.98.182.73\",\"ip_country\":\"Peru\",\"ip_country_code\":\"PE\",\"browser\":\"UNKNOWN\",\"device_fingerprint\":null,\"device_type\":\"Escritorio\"},\"metadata\":{}},\"metadata\":{\"ZDA\":true}}"
      headers:
        Connection:
          - keep-alive
        Content-Length:
          - "786"
        Content-Type:
          - application/json;charset=UTF-8
        Date:
          - Sun, 07 Mar 2021 13:28:55 GMT
        Set-Cookie:
          - JSESSIONID=10369161088A613155ED46B7C8F316DC; Path=/api; HttpOnly
        Via:
          - 1.1 f34144fb5b49a9a388448959976b46e4.cloudfront.net (CloudFront)
        X-Amz-Cf-Id:
          - 4B9yZybRfsk3xsYPoQWAvyxZyV6EHkdE8DvCBRGCwCtZJUqQlSTFnA==
        X-Amz-Cf-Pop:
          - SCL50-C1
        X-Amzn-Trace-Id:
          - Root=1-6044d513-705c7f540afecea2472dad92;Sampled=0
        X-CULQI-ENVIRONMENT:
          - test
        X-CULQI-TRACKING-ID:
          - "10141387"
        X-CULQI-VERSION:
          - 2.0.0
        X-Cache:
          - Miss from cloudfront
        x-amz-apigw-id:
          - b0Y7GGmMIAMFTEg=
        x-amzn-Remapped-Connection:
          - keep-alive
        x-amzn-Remapped-Date:
          - Sun, 07 Mar 2021 13:28:55 GMT
        x-amzn-Remapped-Server:
          - nginx
        x-amzn-RequestId:
          - a15c8b54-c539-4710-9db6-1c5b8023bb1f
      status:
        code: 201
        message: Created
  - request:
      body:
        '{"amount": 1000, "currency_code": "PEN", "interval": "dias", "interval_count":
        2, "limit": 10, "name": "plan-6b80", "trial_days": 30}'
      headers:
        Accept:
          - application/json
        Accept-Encoding:
          - gzip, deflate
        Authorization:
          - Bearer culiq_api_key
        Connection:
          - keep-alive
        Content-Length:
          - "133"
        Content-type:
          - application/json
        User-Agent:
          - Culqi-API-Python/2.0.0
      method: POST
      uri: https://api.culqi.com/v2/plans
    response:
      body:
        string: "{\"object\":\"plan\",\"id\":\"pln_test_Tk2s7dgzamgybVvc\",\"creation_date\":1615123736000,\"name\":\"plan-6b80\",\"amount\":1000,\"currency_code\":\"PEN\",\"interval_count\":2,\"interval\":\"D\xEDas\",\"limit\":10,\"trial_days\":30,\"total_subscriptions\":0,\"metadata\":{}}"
      headers:
        Connection:
          - keep-alive
        Content-Length:
          - "238"
        Content-Type:
          - application/json;charset=UTF-8
        Date:
          - Sun, 07 Mar 2021 13:28:56 GMT
        Set-Cookie:
          - JSESSIONID=07DF3B48B93B5DC070EFA1A6490CFB99; Path=/api; HttpOnly
        Via:
          - 1.1 f34144fb5b49a9a388448959976b46e4.cloudfront.net (CloudFront)
        X-Amz-Cf-Id:
          - 02hXDm9W4xHU75jR4zdBwbsn2MPKIjaLn6rYW3QiAKO2KG2r5WgFKw==
        X-Amz-Cf-Pop:
          - SCL50-C1
        X-Amzn-Trace-Id:
          - Root=1-6044d518-61993cfd48e5d13b63b7484f;Sampled=0
        X-CULQI-ENVIRONMENT:
          - test
        X-CULQI-TRACKING-ID:
          - "10141390"
        X-CULQI-VERSION:
          - 2.0.0
        X-Cache:
          - Miss from cloudfront
        x-amz-apigw-id:
          - b0Y7yG_NoAMF5tQ=
        x-amzn-Remapped-Connection:
          - keep-alive
        x-amzn-Remapped-Date:
          - Sun, 07 Mar 2021 13:28:56 GMT
        x-amzn-Remapped-Server:
          - nginx
        x-amzn-RequestId:
          - 5028844c-c702-4dc8-b7b3-a9e1266ac091
      status:
        code: 201
        message: Created
  - request:
      body: '{"card_id": "crd_test_VBi6opZtSxCeOuti", "plan_id": "pln_test_Tk2s7dgzamgybVvc"}'
      headers:
        Accept:
          - application/json
        Accept-Encoding:
          - gzip, deflate
        Authorization:
          - Bearer culiq_api_key
        Connection:
          - keep-alive
        Content-Length:
          - "80"
        Content-type:
          - application/json
        User-Agent:
          - Culqi-API-Python/2.0.0
      method: POST
      uri: https://api.culqi.com/v2/subscriptions
    response:
      body:
        string: "{\"object\":\"subscription\",\"id\":\"sub_test_eRSmFAFJiy2YnCGK\",\"creation_date\":1615123737000,\"status\":\"Activa\",\"current_period\":0,\"total_period\":10,\"current_period_start\":1617685200000,\"current_period_end\":1617858000000,\"cancel_at_period_end\":false,\"cancel_at\":null,\"ended_at\":1619413200000,\"next_billing_date\":1617685200000,\"trial_start\":1615123737000,\"trial_end\":1617715737000,\"charges\":[],\"plan\":{\"object\":\"plan\",\"id\":\"pln_test_Tk2s7dgzamgybVvc\",\"creation_date\":1615123736000,\"name\":\"plan-6b80\",\"amount\":1000,\"currency_code\":\"PEN\",\"interval_count\":2,\"interval\":\"D\xEDas\",\"limit\":10,\"trial_days\":30,\"total_subscriptions\":1,\"metadata\":{}},\"card\":{\"object\":\"card\",\"id\":\"crd_test_VBi6opZtSxCeOuti\",\"active\":true,\"creation_date\":1615123735000,\"customer_id\":\"cus_test_TrBchqWt2LNwE3G5\",\"source\":{\"object\":\"token\",\"id\":\"tkn_test_FseP635seBLpOdTE\",\"type\":\"card\",\"creation_date\":1615123729000,\"email\":\"richard4426@piedpiper.com\",\"card_number\":\"411111******1111\",\"last_four\":\"1111\",\"active\":true,\"iin\":{\"object\":\"iin\",\"bin\":\"411111\",\"card_brand\":\"Visa\",\"card_type\":\"credito\",\"card_category\":\"Cl\xE1sica\",\"issuer\":{\"name\":\"BBVA\",\"country\":\"PERU\",\"country_code\":\"PE\",\"website\":null,\"phone_number\":null},\"installments_allowed\":[2,4,6,8,10,12,3,5,7,9,24,48]},\"client\":{\"ip\":\"191.98.182.73\",\"ip_country\":\"Peru\",\"ip_country_code\":\"PE\",\"browser\":\"UNKNOWN\",\"device_fingerprint\":null,\"device_type\":\"Escritorio\"},\"metadata\":{}},\"metadata\":{}},\"metadata\":{}}"
      headers:
        Connection:
          - keep-alive
        Content-Length:
          - "1431"
        Content-Type:
          - application/json;charset=UTF-8
        Date:
          - Sun, 07 Mar 2021 13:28:57 GMT
        Set-Cookie:
          - JSESSIONID=DEF43449D43E9367A4B4D91D357FCFE5; Path=/api/; HttpOnly
        Via:
          - 1.1 f34144fb5b49a9a388448959976b46e4.cloudfront.net (CloudFront)
        X-Amz-Cf-Id:
          - QWYqcPFJks1y4xPk6nW-6tKm49RSYYQz5B82axx4UxSLhlBICHEoww==
        X-Amz-Cf-Pop:
          - SCL50-C1
        X-CULQI-ENVIRONMENT:
          - test
        X-CULQI-TRACKING-ID:
          - "10141391"
        X-CULQI-VERSION:
          - 2.0.0
        X-Cache:
          - Miss from cloudfront
        x-amz-apigw-id:
          - b0Y76EvAIAMF0gA=
        x-amzn-Remapped-Date:
          - Sun, 07 Mar 2021 13:28:57 GMT
        x-amzn-Remapped-Server:
          - Apache-Coyote/1.1
        x-amzn-RequestId:
          - ec22ca8a-1987-4414-9091-5db9cdf29391
      status:
        code: 201
        message: Created
  - request:
      body: '{"metadata": {"order_id": "0001"}}'
      headers:
        Accept:
          - application/json
        Accept-Encoding:
          - gzip, deflate
        Authorization:
          - Bearer culiq_api_key
        Connection:
          - keep-alive
        Content-Length:
          - "34"
        Content-type:
          - application/json
        User-Agent:
          - Culqi-API-Python/2.0.0
      method: PATCH
      uri: https://api.culqi.com/v2/subscriptions/sub_test_eRSmFAFJiy2YnCGK
    response:
      body:
        string: "{\"object\":\"subscription\",\"id\":\"sub_test_eRSmFAFJiy2YnCGK\",\"creation_date\":1615123737000,\"status\":\"Activa\",\"current_period\":0,\"total_period\":10,\"current_period_start\":1617685200000,\"current_period_end\":1617858000000,\"cancel_at_period_end\":false,\"cancel_at\":null,\"ended_at\":1619413200000,\"next_billing_date\":1617685200000,\"trial_start\":1615123737000,\"trial_end\":1617715737000,\"charges\":[],\"plan\":{\"object\":\"plan\",\"id\":\"pln_test_Tk2s7dgzamgybVvc\",\"creation_date\":1615123736000,\"name\":\"plan-6b80\",\"amount\":1000,\"currency_code\":\"PEN\",\"interval_count\":2,\"interval\":\"D\xEDas\",\"limit\":10,\"trial_days\":30,\"total_subscriptions\":1,\"metadata\":{}},\"card\":{\"object\":\"card\",\"id\":\"crd_test_VBi6opZtSxCeOuti\",\"active\":true,\"creation_date\":1615123735000,\"customer_id\":\"cus_test_TrBchqWt2LNwE3G5\",\"source\":{\"object\":\"token\",\"id\":\"tkn_test_FseP635seBLpOdTE\",\"type\":\"card\",\"creation_date\":1615123729000,\"email\":\"richard4426@piedpiper.com\",\"card_number\":\"411111******1111\",\"last_four\":\"1111\",\"active\":true,\"iin\":{\"object\":\"iin\",\"bin\":\"411111\",\"card_brand\":\"Visa\",\"card_type\":\"credito\",\"card_category\":\"Cl\xE1sica\",\"issuer\":{\"name\":\"BBVA\",\"country\":\"PERU\",\"country_code\":\"PE\",\"website\":null,\"phone_number\":null},\"installments_allowed\":[2,4,6,8,10,12,3,5,7,9,24,48]},\"client\":{\"ip\":\"191.98.182.73\",\"ip_country\":\"Peru\",\"ip_country_code\":\"PE\",\"browser\":\"UNKNOWN\",\"device_fingerprint\":null,\"device_type\":\"Escritorio\"},\"metadata\":{}},\"metadata\":{}},\"metadata\":{\"order_id\":\"0001\"}}"
      headers:
        Connection:
          - keep-alive
        Content-Length:
          - "1448"
        Content-Type:
          - application/json;charset=UTF-8
        Date:
          - Sun, 07 Mar 2021 13:28:58 GMT
        Set-Cookie:
          - JSESSIONID=629829B6ECA5F616CEC62EC172AB87E8; Path=/api/; HttpOnly
        Via:
          - 1.1 f34144fb5b49a9a388448959976b46e4.cloudfront.net (CloudFront)
        X-Amz-Cf-Id:
          - 4Kq_3ZkE8gUEX8c1ExgC5y2FAycTZBR-AJUDFpHMkGhlkxicJD3UCg==
        X-Amz-Cf-Pop:
          - SCL50-C1
        X-CULQI-ENVIRONMENT:
          - test
        X-CULQI-TRACKING-ID:
          - "10141392"
        X-CULQI-VERSION:
          - 2.0.0
        X-Cache:
          - Miss from cloudfront
        x-amz-apigw-id:
          - b0Y8CH_WoAMFRog=
        x-amzn-Remapped-Date:
          - Sun, 07 Mar 2021 13:28:57 GMT
        x-amzn-Remapped-Server:
          - Apache-Coyote/1.1
        x-amzn-RequestId:
          - e053cfb8-61d6-46c3-882a-0f508505d82a
      status:
        code: 200
        message: OK
  - request:
      body:
        '{"card_number": "4111111111111111", "expiration_month": "09", "expiration_year":
        "2025", "cvv": "123", "email": "richard8b67@piedpiper.com"}'
      headers:
        Accept:
          - application/json
        Accept-Encoding:
          - gzip, deflate
        Authorization:
          - Bearer culiq_api_key
        Connection:
          - keep-alive
        Content-Length:
          - "140"
        Content-type:
          - application/json
        User-Agent:
          - Culqi-API-Python/2.0.0
      method: POST
      uri: https://secure.culqi.com/v2/tokens
    response:
      body:
        string: "{\"object\":\"token\",\"id\":\"tkn_test_FCVsMz64M0YXU5R4\",\"type\":\"card\",\"creation_date\":1615129722000,\"email\":\"richard8b67@piedpiper.com\",\"card_number\":\"411111******1111\",\"last_four\":\"1111\",\"active\":true,\"iin\":{\"object\":\"iin\",\"bin\":\"411111\",\"card_brand\":\"Visa\",\"card_type\":\"credito\",\"card_category\":\"Cl\xE1sica\",\"issuer\":{\"name\":\"BBVA\",\"country\":\"PERU\",\"country_code\":\"PE\",\"website\":null,\"phone_number\":null},\"installments_allowed\":[2,4,6,8,10,12,3,5,7,9,24,48]},\"client\":{\"ip\":\"191.98.182.73\",\"ip_country\":\"Peru\",\"ip_country_code\":\"PE\",\"browser\":\"UNKNOWN\",\"device_fingerprint\":null,\"device_type\":\"Escritorio\"},\"metadata\":{}}"
      headers:
        Connection:
          - keep-alive
        Content-Encoding:
          - UTF-8
        Content-Length:
          - "616"
        Content-Type:
          - application/json;charset=UTF-8
        Date:
          - Sun, 07 Mar 2021 15:08:42 GMT
        Via:
          - 1.1 9211c11ef620fe2dded5b3d26152b9ea.cloudfront.net (CloudFront)
        X-Amz-Cf-Id:
          - 5tEZemlnG_qHBmvdaIEUOnFc5b6b5DWt0TPEmIGSUH4uF_APMBfupw==
        X-Amz-Cf-Pop:
          - SCL50-C1
        X-Amzn-Trace-Id:
          - Root=1-6044ec79-18b751fe5f96f20f008f7292;Sampled=0
        X-Cache:
          - Miss from cloudfront
        x-amz-apigw-id:
          - b0njCFXkoAMFtRg=
        x-amzn-Remapped-Content-Length:
          - "616"
        x-amzn-RequestId:
          - eee882dd-e31d-48ab-8f55-9e88cf7b77ac
      status:
        code: 201
        message: Created
  - request:
      body:
        '{"address": "Avenida Lima 123213", "address_city": "LIMA", "country_code":
        "PE", "email": "richard8b67@piedpiper.com", "first_name": "Richard", "last_name":
        "Piedpiper", "phone_number": "+51998989789"}'
      headers:
        Accept:
          - application/json
        Accept-Encoding:
          - gzip, deflate
        Authorization:
          - Bearer culiq_api_key
        Connection:
          - keep-alive
        Content-Length:
          - "201"
        Content-type:
          - application/json
        User-Agent:
          - Culqi-API-Python/2.0.0
      method: POST
      uri: https://api.culqi.com/v2/customers
    response:
      body:
        string:
          '{"object":"customer","id":"cus_test_atem3d4M6YsKrrW7","creation_date":1615129723472,"email":"richard8b67@piedpiper.com","antifraud_details":{"first_name":"Richard","last_name":"Piedpiper","address":"Avenida
          Lima 123213","address_city":"LIMA","country_code":"PE","phone":"+51998989789","object":"client"},"metadata":{}}'
      headers:
        Connection:
          - keep-alive
        Content-Length:
          - "318"
        Content-Type:
          - application/json;charset=UTF-8
        Date:
          - Sun, 07 Mar 2021 15:08:43 GMT
        Set-Cookie:
          - JSESSIONID=4A2DFF7660A5761EF00ADE2532EBFE52; Path=/api; HttpOnly
        Via:
          - 1.1 a26c307f1caab99490ddcc62da38effc.cloudfront.net (CloudFront)
        X-Amz-Cf-Id:
          - GcENuX1dXIjyAwluWXi90HiO_2nao0w60fkPpH1cvzFO56a2ARp5xw==
        X-Amz-Cf-Pop:
          - SCL50-C1
        X-Amzn-Trace-Id:
          - Root=1-6044ec7b-63e7688c29e787361621321a;Sampled=0
        X-CULQI-ENVIRONMENT:
          - test
        X-CULQI-TRACKING-ID:
          - "10142031"
        X-CULQI-VERSION:
          - 2.0.0
        X-Cache:
          - Miss from cloudfront
        x-amz-apigw-id:
          - b0njREoMoAMFhDg=
        x-amzn-Remapped-Connection:
          - keep-alive
        x-amzn-Remapped-Date:
          - Sun, 07 Mar 2021 15:08:43 GMT
        x-amzn-Remapped-Server:
          - nginx
        x-amzn-RequestId:
          - 7e818d52-bd72-4fa6-83ab-9a0012d6c605
      status:
        code: 201
        message: Created
  - request:
      body: '{"token_id": "tkn_test_FCVsMz64M0YXU5R4", "customer_id": "cus_test_atem3d4M6YsKrrW7"}'
      headers:
        Accept:
          - application/json
        Accept-Encoding:
          - gzip, deflate
        Authorization:
          - Bearer culiq_api_key
        Connection:
          - keep-alive
        Content-Length:
          - "85"
        Content-type:
          - application/json
        User-Agent:
          - Culqi-API-Python/2.0.0
      method: POST
      uri: https://api.culqi.com/v2/cards
    response:
      body:
        string: "{\"object\":\"card\",\"id\":\"crd_test_tiP6jsig6txtNlK9\",\"active\":true,\"creation_date\":1615129727494,\"customer_id\":\"cus_test_atem3d4M6YsKrrW7\",\"source\":{\"object\":\"token\",\"id\":\"tkn_test_FCVsMz64M0YXU5R4\",\"type\":\"card\",\"creation_date\":1615129722000,\"email\":\"richard8b67@piedpiper.com\",\"card_number\":\"411111******1111\",\"last_four\":\"1111\",\"active\":true,\"iin\":{\"object\":\"iin\",\"bin\":\"411111\",\"card_brand\":\"Visa\",\"card_type\":\"credito\",\"card_category\":\"Cl\xE1sica\",\"issuer\":{\"name\":\"BBVA\",\"country\":\"PERU\",\"country_code\":\"PE\",\"website\":null,\"phone_number\":null},\"installments_allowed\":[2,4,6,8,10,12,3,5,7,9,24,48]},\"client\":{\"ip\":\"191.98.182.73\",\"ip_country\":\"Peru\",\"ip_country_code\":\"PE\",\"browser\":\"UNKNOWN\",\"device_fingerprint\":null,\"device_type\":\"Escritorio\"},\"metadata\":{}},\"metadata\":{\"ZDA\":true}}"
      headers:
        Connection:
          - keep-alive
        Content-Length:
          - "786"
        Content-Type:
          - application/json;charset=UTF-8
        Date:
          - Sun, 07 Mar 2021 15:08:47 GMT
        Set-Cookie:
          - JSESSIONID=7467305E9E1EB2B4F58485A43FFD739E; Path=/api; HttpOnly
        Via:
          - 1.1 a26c307f1caab99490ddcc62da38effc.cloudfront.net (CloudFront)
        X-Amz-Cf-Id:
          - BhvkFQlXXKMoQEE55g951y0_gOBItOGzaxdZNaJFq7qlSIMbuFBJoQ==
        X-Amz-Cf-Pop:
          - SCL50-C1
        X-Amzn-Trace-Id:
          - Root=1-6044ec7b-46821fa004d254e2601e23c1;Sampled=0
        X-CULQI-ENVIRONMENT:
          - test
        X-CULQI-TRACKING-ID:
          - "10142032"
        X-CULQI-VERSION:
          - 2.0.0
        X-Cache:
          - Miss from cloudfront
        x-amz-apigw-id:
          - b0njWHpZoAMF9og=
        x-amzn-Remapped-Connection:
          - keep-alive
        x-amzn-Remapped-Date:
          - Sun, 07 Mar 2021 15:08:47 GMT
        x-amzn-Remapped-Server:
          - nginx
        x-amzn-RequestId:
          - 8af7d39a-e28a-4282-a446-74b06b5ad3c1
      status:
        code: 201
        message: Created
  - request:
      body:
        '{"amount": 1000, "currency_code": "PEN", "interval": "dias", "interval_count":
        2, "limit": 10, "name": "plan-7274", "trial_days": 30}'
      headers:
        Accept:
          - application/json
        Accept-Encoding:
          - gzip, deflate
        Authorization:
          - Bearer culiq_api_key
        Connection:
          - keep-alive
        Content-Length:
          - "133"
        Content-type:
          - application/json
        User-Agent:
          - Culqi-API-Python/2.0.0
      method: POST
      uri: https://api.culqi.com/v2/plans
    response:
      body:
        string: "{\"object\":\"plan\",\"id\":\"pln_test_QIFyiFRhv4wuhMxZ\",\"creation_date\":1615129728000,\"name\":\"plan-7274\",\"amount\":1000,\"currency_code\":\"PEN\",\"interval_count\":2,\"interval\":\"D\xEDas\",\"limit\":10,\"trial_days\":30,\"total_subscriptions\":0,\"metadata\":{}}"
      headers:
        Connection:
          - keep-alive
        Content-Length:
          - "238"
        Content-Type:
          - application/json;charset=UTF-8
        Date:
          - Sun, 07 Mar 2021 15:08:48 GMT
        Set-Cookie:
          - JSESSIONID=88D726699086317B26BE515500FCA20F; Path=/api; HttpOnly
        Via:
          - 1.1 a26c307f1caab99490ddcc62da38effc.cloudfront.net (CloudFront)
        X-Amz-Cf-Id:
          - KtMIqqmlYlNPvlRztORxtLPF5XayQpfVyj4xioDvNPFuJ2_VivY_3w==
        X-Amz-Cf-Pop:
          - SCL50-C1
        X-Amzn-Trace-Id:
          - Root=1-6044ec80-0fbc93407d4eb11a01634764;Sampled=0
        X-CULQI-ENVIRONMENT:
          - test
        X-CULQI-TRACKING-ID:
          - "10142035"
        X-CULQI-VERSION:
          - 2.0.0
        X-Cache:
          - Miss from cloudfront
        x-amz-apigw-id:
          - b0nkBEzpIAMFpHw=
        x-amzn-Remapped-Connection:
          - keep-alive
        x-amzn-Remapped-Date:
          - Sun, 07 Mar 2021 15:08:48 GMT
        x-amzn-Remapped-Server:
          - nginx
        x-amzn-RequestId:
          - 3d04ef55-e6a9-4b67-8bbb-1274bb2ee3e1
      status:
        code: 201
        message: Created
  - request:
      body: '{"card_id": "crd_test_tiP6jsig6txtNlK9", "plan_id": "pln_test_QIFyiFRhv4wuhMxZ"}'
      headers:
        Accept:
          - application/json
        Accept-Encoding:
          - gzip, deflate
        Authorization:
          - Bearer culiq_api_key
        Connection:
          - keep-alive
        Content-Length:
          - "80"
        Content-type:
          - application/json
        User-Agent:
          - Culqi-API-Python/2.0.0
      method: POST
      uri: https://api.culqi.com/v2/subscriptions
    response:
      body:
        string: "{\"object\":\"subscription\",\"id\":\"sub_test_utqKrxgouUh0IL76\",\"creation_date\":1615129729000,\"status\":\"Activa\",\"current_period\":0,\"total_period\":10,\"current_period_start\":1617685200000,\"current_period_end\":1617858000000,\"cancel_at_period_end\":false,\"cancel_at\":null,\"ended_at\":1619413200000,\"next_billing_date\":1617685200000,\"trial_start\":1615129729000,\"trial_end\":1617721729000,\"charges\":[],\"plan\":{\"object\":\"plan\",\"id\":\"pln_test_QIFyiFRhv4wuhMxZ\",\"creation_date\":1615129728000,\"name\":\"plan-7274\",\"amount\":1000,\"currency_code\":\"PEN\",\"interval_count\":2,\"interval\":\"D\xEDas\",\"limit\":10,\"trial_days\":30,\"total_subscriptions\":1,\"metadata\":{}},\"card\":{\"object\":\"card\",\"id\":\"crd_test_tiP6jsig6txtNlK9\",\"active\":true,\"creation_date\":1615129727000,\"customer_id\":\"cus_test_atem3d4M6YsKrrW7\",\"source\":{\"object\":\"token\",\"id\":\"tkn_test_FCVsMz64M0YXU5R4\",\"type\":\"card\",\"creation_date\":1615129722000,\"email\":\"richard8b67@piedpiper.com\",\"card_number\":\"411111******1111\",\"last_four\":\"1111\",\"active\":true,\"iin\":{\"object\":\"iin\",\"bin\":\"411111\",\"card_brand\":\"Visa\",\"card_type\":\"credito\",\"card_category\":\"Cl\xE1sica\",\"issuer\":{\"name\":\"BBVA\",\"country\":\"PERU\",\"country_code\":\"PE\",\"website\":null,\"phone_number\":null},\"installments_allowed\":[2,4,6,8,10,12,3,5,7,9,24,48]},\"client\":{\"ip\":\"191.98.182.73\",\"ip_country\":\"Peru\",\"ip_country_code\":\"PE\",\"browser\":\"UNKNOWN\",\"device_fingerprint\":null,\"device_type\":\"Escritorio\"},\"metadata\":{}},\"metadata\":{}},\"metadata\":{}}"
      headers:
        Connection:
          - keep-alive
        Content-Length:
          - "1431"
        Content-Type:
          - application/json;charset=UTF-8
        Date:
          - Sun, 07 Mar 2021 15:08:49 GMT
        Set-Cookie:
          - JSESSIONID=B3A9DCE97B66813A021C36242BF8967F; Path=/api/; HttpOnly
        Via:
          - 1.1 a26c307f1caab99490ddcc62da38effc.cloudfront.net (CloudFront)
        X-Amz-Cf-Id:
          - BncjzDYewXULN2bNxJjLNxEBfgulAyQj1z47wjkmH5sI_IaKcRgrcg==
        X-Amz-Cf-Pop:
          - SCL50-C1
        X-CULQI-ENVIRONMENT:
          - test
        X-CULQI-TRACKING-ID:
          - "10142036"
        X-CULQI-VERSION:
          - 2.0.0
        X-Cache:
          - Miss from cloudfront
        x-amz-apigw-id:
          - b0nkJFD2oAMFt2w=
        x-amzn-Remapped-Date:
          - Sun, 07 Mar 2021 15:08:49 GMT
        x-amzn-Remapped-Server:
          - Apache-Coyote/1.1
        x-amzn-RequestId:
          - ab68ecf3-5877-42ed-8e3e-383da08333c1
      status:
        code: 201
        message: Created
  - request:
      body: '{"metadata": {"order_id": "0001"}}'
      headers:
        Accept:
          - application/json
        Accept-Encoding:
          - gzip, deflate
        Authorization:
          - Bearer culiq_api_key
        Connection:
          - keep-alive
        Content-Length:
          - "34"
        Content-type:
          - application/json
        User-Agent:
          - Culqi-API-Python/2.0.0
      method: PATCH
      uri: https://api.culqi.com/v2/subscriptions/sub_test_utqKrxgouUh0IL76
    response:
      body:
        string: "{\"object\":\"subscription\",\"id\":\"sub_test_utqKrxgouUh0IL76\",\"creation_date\":1615129729000,\"status\":\"Activa\",\"current_period\":0,\"total_period\":10,\"current_period_start\":1617685200000,\"current_period_end\":1617858000000,\"cancel_at_period_end\":false,\"cancel_at\":null,\"ended_at\":1619413200000,\"next_billing_date\":1617685200000,\"trial_start\":1615129729000,\"trial_end\":1617721729000,\"charges\":[],\"plan\":{\"object\":\"plan\",\"id\":\"pln_test_QIFyiFRhv4wuhMxZ\",\"creation_date\":1615129728000,\"name\":\"plan-7274\",\"amount\":1000,\"currency_code\":\"PEN\",\"interval_count\":2,\"interval\":\"D\xEDas\",\"limit\":10,\"trial_days\":30,\"total_subscriptions\":1,\"metadata\":{}},\"card\":{\"object\":\"card\",\"id\":\"crd_test_tiP6jsig6txtNlK9\",\"active\":true,\"creation_date\":1615129727000,\"customer_id\":\"cus_test_atem3d4M6YsKrrW7\",\"source\":{\"object\":\"token\",\"id\":\"tkn_test_FCVsMz64M0YXU5R4\",\"type\":\"card\",\"creation_date\":1615129722000,\"email\":\"richard8b67@piedpiper.com\",\"card_number\":\"411111******1111\",\"last_four\":\"1111\",\"active\":true,\"iin\":{\"object\":\"iin\",\"bin\":\"411111\",\"card_brand\":\"Visa\",\"card_type\":\"credito\",\"card_category\":\"Cl\xE1sica\",\"issuer\":{\"name\":\"BBVA\",\"country\":\"PERU\",\"country_code\":\"PE\",\"website\":null,\"phone_number\":null},\"installments_allowed\":[2,4,6,8,10,12,3,5,7,9,24,48]},\"client\":{\"ip\":\"191.98.182.73\",\"ip_country\":\"Peru\",\"ip_country_code\":\"PE\",\"browser\":\"UNKNOWN\",\"device_fingerprint\":null,\"device_type\":\"Escritorio\"},\"metadata\":{}},\"metadata\":{}},\"metadata\":{\"order_id\":\"0001\"}}"
      headers:
        Connection:
          - keep-alive
        Content-Length:
          - "1448"
        Content-Type:
          - application/json;charset=UTF-8
        Date:
          - Sun, 07 Mar 2021 15:08:49 GMT
        Set-Cookie:
          - JSESSIONID=5B5A2402E90AB198BA226C45E9ED13D0; Path=/api/; HttpOnly
        Via:
          - 1.1 a26c307f1caab99490ddcc62da38effc.cloudfront.net (CloudFront)
        X-Amz-Cf-Id:
          - R7-w2i_wzRsqnl3cNIip7Gj_dIunyMIw0J_6dLPhe1O8F3psIC32OQ==
        X-Amz-Cf-Pop:
          - SCL50-C1
        X-CULQI-ENVIRONMENT:
          - test
        X-CULQI-TRACKING-ID:
          - "10142037"
        X-CULQI-VERSION:
          - 2.0.0
        X-Cache:
          - Miss from cloudfront
        x-amz-apigw-id:
          - b0nkPFVhoAMFQsw=
        x-amzn-Remapped-Date:
          - Sun, 07 Mar 2021 15:08:49 GMT
        x-amzn-Remapped-Server:
          - Apache-Coyote/1.1
        x-amzn-RequestId:
          - c8a95ff3-78c4-4345-9360-f695bc530f73
      status:
        code: 200
        message: OK
  - request:
      body:
        '{"card_number": "4111111111111111", "expiration_month": "09", "expiration_year":
        "2025", "cvv": "123", "email": "richard64b9@piedpiper.com"}'
      headers:
        Accept:
          - application/json
        Accept-Encoding:
          - gzip, deflate
        Authorization:
          - Bearer culiq_api_key
        Connection:
          - keep-alive
        Content-Length:
          - "140"
        Content-type:
          - application/json
        User-Agent:
          - Culqi-API-Python/2.0.0
      method: POST
      uri: https://secure.culqi.com/v2/tokens
    response:
      body:
        string: "{\"object\":\"token\",\"id\":\"tkn_test_Fm7lyB0dbzPZX7pA\",\"type\":\"card\",\"creation_date\":1615131836000,\"email\":\"richard64b9@piedpiper.com\",\"card_number\":\"411111******1111\",\"last_four\":\"1111\",\"active\":true,\"iin\":{\"object\":\"iin\",\"bin\":\"411111\",\"card_brand\":\"Visa\",\"card_type\":\"credito\",\"card_category\":\"Cl\xE1sica\",\"issuer\":{\"name\":\"BBVA\",\"country\":\"PERU\",\"country_code\":\"PE\",\"website\":null,\"phone_number\":null},\"installments_allowed\":[2,4,6,8,10,12,3,5,7,9,24,48]},\"client\":{\"ip\":\"191.98.182.73\",\"ip_country\":\"Peru\",\"ip_country_code\":\"PE\",\"browser\":\"UNKNOWN\",\"device_fingerprint\":null,\"device_type\":\"Escritorio\"},\"metadata\":{}}"
      headers:
        Connection:
          - keep-alive
        Content-Encoding:
          - UTF-8
        Content-Length:
          - "616"
        Content-Type:
          - application/json;charset=UTF-8
        Date:
          - Sun, 07 Mar 2021 15:43:57 GMT
        Via:
          - 1.1 911166aa22b0bbe41c177450fede1a7b.cloudfront.net (CloudFront)
        X-Amz-Cf-Id:
          - XUA5hKBlFYNjA_CFa9_W7hUINbHh5mM4TDAFrcKRFz2ksGhdxQWEnA==
        X-Amz-Cf-Pop:
          - SCL50-C1
        X-Amzn-Trace-Id:
          - Root=1-6044f4bc-1064bf06774b672f193e47da;Sampled=0
        X-Cache:
          - Miss from cloudfront
        x-amz-apigw-id:
          - b0stcFmEoAMFoOg=
        x-amzn-Remapped-Content-Length:
          - "616"
        x-amzn-RequestId:
          - 957582d1-a179-4320-9698-f66b7c51ca94
      status:
        code: 201
        message: Created
  - request:
      body:
        '{"address": "Avenida Lima 123213", "address_city": "LIMA", "country_code":
        "PE", "email": "richard64b9@piedpiper.com", "first_name": "Richard", "last_name":
        "Piedpiper", "phone_number": "+51998989789"}'
      headers:
        Accept:
          - application/json
        Accept-Encoding:
          - gzip, deflate
        Authorization:
          - Bearer culiq_api_key
        Connection:
          - keep-alive
        Content-Length:
          - "201"
        Content-type:
          - application/json
        User-Agent:
          - Culqi-API-Python/2.0.0
      method: POST
      uri: https://api.culqi.com/v2/customers
    response:
      body:
        string:
          '{"object":"customer","id":"cus_test_TvVuzFqqdbf3i8LA","creation_date":1615131838029,"email":"richard64b9@piedpiper.com","antifraud_details":{"first_name":"Richard","last_name":"Piedpiper","address":"Avenida
          Lima 123213","address_city":"LIMA","country_code":"PE","phone":"+51998989789","object":"client"},"metadata":{}}'
      headers:
        Connection:
          - keep-alive
        Content-Length:
          - "318"
        Content-Type:
          - application/json;charset=UTF-8
        Date:
          - Sun, 07 Mar 2021 15:43:58 GMT
        Set-Cookie:
          - JSESSIONID=887BE038C65112A1BA6B1AAE100C3300; Path=/api; HttpOnly
        Via:
          - 1.1 53a359a477247df8211e2ebca618600b.cloudfront.net (CloudFront)
        X-Amz-Cf-Id:
          - e085uvQYrdVzKIpgLGZt5hKr2XjJYcrAAijXiE0ZnLx6KhY_le2-ng==
        X-Amz-Cf-Pop:
          - SCL50-C1
        X-Amzn-Trace-Id:
          - Root=1-6044f4bd-23746be1104d759b0143bfd3;Sampled=0
        X-CULQI-ENVIRONMENT:
          - test
        X-CULQI-TRACKING-ID:
          - "10142389"
        X-CULQI-VERSION:
          - 2.0.0
        X-Cache:
          - Miss from cloudfront
        x-amz-apigw-id:
          - b0stqEWxIAMFiOQ=
        x-amzn-Remapped-Connection:
          - keep-alive
        x-amzn-Remapped-Date:
          - Sun, 07 Mar 2021 15:43:58 GMT
        x-amzn-Remapped-Server:
          - nginx
        x-amzn-RequestId:
          - 938497fc-9c7b-4555-839b-6f849966fdf4
      status:
        code: 201
        message: Created
  - request:
      body: '{"token_id": "tkn_test_Fm7lyB0dbzPZX7pA", "customer_id": "cus_test_TvVuzFqqdbf3i8LA"}'
      headers:
        Accept:
          - application/json
        Accept-Encoding:
          - gzip, deflate
        Authorization:
          - Bearer culiq_api_key
        Connection:
          - keep-alive
        Content-Length:
          - "85"
        Content-type:
          - application/json
        User-Agent:
          - Culqi-API-Python/2.0.0
      method: POST
      uri: https://api.culqi.com/v2/cards
    response:
      body:
        string: "{\"object\":\"card\",\"id\":\"crd_test_Ac7ihO8so6C29ogr\",\"active\":true,\"creation_date\":1615131842656,\"customer_id\":\"cus_test_TvVuzFqqdbf3i8LA\",\"source\":{\"object\":\"token\",\"id\":\"tkn_test_Fm7lyB0dbzPZX7pA\",\"type\":\"card\",\"creation_date\":1615131836000,\"email\":\"richard64b9@piedpiper.com\",\"card_number\":\"411111******1111\",\"last_four\":\"1111\",\"active\":true,\"iin\":{\"object\":\"iin\",\"bin\":\"411111\",\"card_brand\":\"Visa\",\"card_type\":\"credito\",\"card_category\":\"Cl\xE1sica\",\"issuer\":{\"name\":\"BBVA\",\"country\":\"PERU\",\"country_code\":\"PE\",\"website\":null,\"phone_number\":null},\"installments_allowed\":[2,4,6,8,10,12,3,5,7,9,24,48]},\"client\":{\"ip\":\"191.98.182.73\",\"ip_country\":\"Peru\",\"ip_country_code\":\"PE\",\"browser\":\"UNKNOWN\",\"device_fingerprint\":null,\"device_type\":\"Escritorio\"},\"metadata\":{}},\"metadata\":{\"ZDA\":true}}"
      headers:
        Connection:
          - keep-alive
        Content-Length:
          - "786"
        Content-Type:
          - application/json;charset=UTF-8
        Date:
          - Sun, 07 Mar 2021 15:44:02 GMT
        Set-Cookie:
          - JSESSIONID=81F6F08A68F01B070EC0949DD05DF8D4; Path=/api; HttpOnly
        Via:
          - 1.1 53a359a477247df8211e2ebca618600b.cloudfront.net (CloudFront)
        X-Amz-Cf-Id:
          - IQfdtJ2_LiIHMVtonNvCXIid7j1ye0KmVk5iwBJ4MnIeJQFvHNYmqA==
        X-Amz-Cf-Pop:
          - SCL50-C1
        X-Amzn-Trace-Id:
          - Root=1-6044f4be-34ab6b242a0dc7cd4d3e5189;Sampled=0
        X-CULQI-ENVIRONMENT:
          - test
        X-CULQI-TRACKING-ID:
          - "10142390"
        X-CULQI-VERSION:
          - 2.0.0
        X-Cache:
          - Miss from cloudfront
        x-amz-apigw-id:
          - b0styHLEoAMFhtQ=
        x-amzn-Remapped-Connection:
          - keep-alive
        x-amzn-Remapped-Date:
          - Sun, 07 Mar 2021 15:44:02 GMT
        x-amzn-Remapped-Server:
          - nginx
        x-amzn-RequestId:
          - e4afadee-b2cd-4b99-afc8-104740eba537
      status:
        code: 201
        message: Created
  - request:
      body:
        '{"amount": 1000, "currency_code": "PEN", "interval": "dias", "interval_count":
        2, "limit": 10, "name": "plan-3613", "trial_days": 30}'
      headers:
        Accept:
          - application/json
        Accept-Encoding:
          - gzip, deflate
        Authorization:
          - Bearer culiq_api_key
        Connection:
          - keep-alive
        Content-Length:
          - "133"
        Content-type:
          - application/json
        User-Agent:
          - Culqi-API-Python/2.0.0
      method: POST
      uri: https://api.culqi.com/v2/plans
    response:
      body:
        string: "{\"object\":\"plan\",\"id\":\"pln_test_fYqiAl8SrDEpHjYC\",\"creation_date\":1615131844000,\"name\":\"plan-3613\",\"amount\":1000,\"currency_code\":\"PEN\",\"interval_count\":2,\"interval\":\"D\xEDas\",\"limit\":10,\"trial_days\":30,\"total_subscriptions\":0,\"metadata\":{}}"
      headers:
        Connection:
          - keep-alive
        Content-Length:
          - "238"
        Content-Type:
          - application/json;charset=UTF-8
        Date:
          - Sun, 07 Mar 2021 15:44:04 GMT
        Set-Cookie:
          - JSESSIONID=D17ED31B5D47EC524C80869D0A2DB5FF; Path=/api; HttpOnly
        Via:
          - 1.1 53a359a477247df8211e2ebca618600b.cloudfront.net (CloudFront)
        X-Amz-Cf-Id:
          - Ea6ZwmT2ng8fDcLeagpS9fDjPVAGpUMHPuP_ULSFmWeJBU8Sph3sqQ==
        X-Amz-Cf-Pop:
          - SCL50-C1
        X-Amzn-Trace-Id:
          - Root=1-6044f4c2-6d227dd802a714ae4559ccdc;Sampled=0
        X-CULQI-ENVIRONMENT:
          - test
        X-CULQI-TRACKING-ID:
          - "10142393"
        X-CULQI-VERSION:
          - 2.0.0
        X-Cache:
          - Miss from cloudfront
        x-amz-apigw-id:
          - b0suoHpMIAMFSBA=
        x-amzn-Remapped-Connection:
          - keep-alive
        x-amzn-Remapped-Date:
          - Sun, 07 Mar 2021 15:44:04 GMT
        x-amzn-Remapped-Server:
          - nginx
        x-amzn-RequestId:
          - a11b7dbf-255c-4af1-8a55-f848863bf5e5
      status:
        code: 201
        message: Created
  - request:
      body: '{"card_id": "crd_test_Ac7ihO8so6C29ogr", "plan_id": "pln_test_fYqiAl8SrDEpHjYC"}'
      headers:
        Accept:
          - application/json
        Accept-Encoding:
          - gzip, deflate
        Authorization:
          - Bearer culiq_api_key
        Connection:
          - keep-alive
        Content-Length:
          - "80"
        Content-type:
          - application/json
        User-Agent:
          - Culqi-API-Python/2.0.0
      method: POST
      uri: https://api.culqi.com/v2/subscriptions
    response:
      body:
        string: "{\"object\":\"subscription\",\"id\":\"sub_test_fGk90ZKEh4dk9LBh\",\"creation_date\":1615131844000,\"status\":\"Activa\",\"current_period\":0,\"total_period\":10,\"current_period_start\":1617685200000,\"current_period_end\":1617858000000,\"cancel_at_period_end\":false,\"cancel_at\":null,\"ended_at\":1619413200000,\"next_billing_date\":1617685200000,\"trial_start\":1615131844000,\"trial_end\":1617723844000,\"charges\":[],\"plan\":{\"object\":\"plan\",\"id\":\"pln_test_fYqiAl8SrDEpHjYC\",\"creation_date\":1615131844000,\"name\":\"plan-3613\",\"amount\":1000,\"currency_code\":\"PEN\",\"interval_count\":2,\"interval\":\"D\xEDas\",\"limit\":10,\"trial_days\":30,\"total_subscriptions\":1,\"metadata\":{}},\"card\":{\"object\":\"card\",\"id\":\"crd_test_Ac7ihO8so6C29ogr\",\"active\":true,\"creation_date\":1615131842000,\"customer_id\":\"cus_test_TvVuzFqqdbf3i8LA\",\"source\":{\"object\":\"token\",\"id\":\"tkn_test_Fm7lyB0dbzPZX7pA\",\"type\":\"card\",\"creation_date\":1615131836000,\"email\":\"richard64b9@piedpiper.com\",\"card_number\":\"411111******1111\",\"last_four\":\"1111\",\"active\":true,\"iin\":{\"object\":\"iin\",\"bin\":\"411111\",\"card_brand\":\"Visa\",\"card_type\":\"credito\",\"card_category\":\"Cl\xE1sica\",\"issuer\":{\"name\":\"BBVA\",\"country\":\"PERU\",\"country_code\":\"PE\",\"website\":null,\"phone_number\":null},\"installments_allowed\":[2,4,6,8,10,12,3,5,7,9,24,48]},\"client\":{\"ip\":\"191.98.182.73\",\"ip_country\":\"Peru\",\"ip_country_code\":\"PE\",\"browser\":\"UNKNOWN\",\"device_fingerprint\":null,\"device_type\":\"Escritorio\"},\"metadata\":{}},\"metadata\":{}},\"metadata\":{}}"
      headers:
        Connection:
          - keep-alive
        Content-Length:
          - "1431"
        Content-Type:
          - application/json;charset=UTF-8
        Date:
          - Sun, 07 Mar 2021 15:44:04 GMT
        Set-Cookie:
          - JSESSIONID=28E842ED005DC3655ED5618C57CF63BE; Path=/api/; HttpOnly
        Via:
          - 1.1 53a359a477247df8211e2ebca618600b.cloudfront.net (CloudFront)
        X-Amz-Cf-Id:
          - i8jRwN0WKbvpO_uoZcE3EjxcAvGQlWPxxX6w9gN1rU0evNTtoskOTQ==
        X-Amz-Cf-Pop:
          - SCL50-C1
        X-CULQI-ENVIRONMENT:
          - test
        X-CULQI-TRACKING-ID:
          - "10142394"
        X-CULQI-VERSION:
          - 2.0.0
        X-Cache:
          - Miss from cloudfront
        x-amz-apigw-id:
          - b0suuFTzoAMF1sw=
        x-amzn-Remapped-Date:
          - Sun, 07 Mar 2021 15:44:04 GMT
        x-amzn-Remapped-Server:
          - Apache-Coyote/1.1
        x-amzn-RequestId:
          - b3925ab2-1f68-4dce-8bf9-43db575bd623
      status:
        code: 201
        message: Created
  - request:
      body: '{"metadata": {"order_id": "0001"}}'
      headers:
        Accept:
          - application/json
        Accept-Encoding:
          - gzip, deflate
        Authorization:
          - Bearer culiq_api_key
        Connection:
          - keep-alive
        Content-Length:
          - "34"
        Content-type:
          - application/json
        User-Agent:
          - Culqi-API-Python/2.0.0
      method: PATCH
      uri: https://api.culqi.com/v2/subscriptions/sub_test_fGk90ZKEh4dk9LBh
    response:
      body:
        string: "{\"object\":\"subscription\",\"id\":\"sub_test_fGk90ZKEh4dk9LBh\",\"creation_date\":1615131844000,\"status\":\"Activa\",\"current_period\":0,\"total_period\":10,\"current_period_start\":1617685200000,\"current_period_end\":1617858000000,\"cancel_at_period_end\":false,\"cancel_at\":null,\"ended_at\":1619413200000,\"next_billing_date\":1617685200000,\"trial_start\":1615131844000,\"trial_end\":1617723844000,\"charges\":[],\"plan\":{\"object\":\"plan\",\"id\":\"pln_test_fYqiAl8SrDEpHjYC\",\"creation_date\":1615131844000,\"name\":\"plan-3613\",\"amount\":1000,\"currency_code\":\"PEN\",\"interval_count\":2,\"interval\":\"D\xEDas\",\"limit\":10,\"trial_days\":30,\"total_subscriptions\":1,\"metadata\":{}},\"card\":{\"object\":\"card\",\"id\":\"crd_test_Ac7ihO8so6C29ogr\",\"active\":true,\"creation_date\":1615131842000,\"customer_id\":\"cus_test_TvVuzFqqdbf3i8LA\",\"source\":{\"object\":\"token\",\"id\":\"tkn_test_Fm7lyB0dbzPZX7pA\",\"type\":\"card\",\"creation_date\":1615131836000,\"email\":\"richard64b9@piedpiper.com\",\"card_number\":\"411111******1111\",\"last_four\":\"1111\",\"active\":true,\"iin\":{\"object\":\"iin\",\"bin\":\"411111\",\"card_brand\":\"Visa\",\"card_type\":\"credito\",\"card_category\":\"Cl\xE1sica\",\"issuer\":{\"name\":\"BBVA\",\"country\":\"PERU\",\"country_code\":\"PE\",\"website\":null,\"phone_number\":null},\"installments_allowed\":[2,4,6,8,10,12,3,5,7,9,24,48]},\"client\":{\"ip\":\"191.98.182.73\",\"ip_country\":\"Peru\",\"ip_country_code\":\"PE\",\"browser\":\"UNKNOWN\",\"device_fingerprint\":null,\"device_type\":\"Escritorio\"},\"metadata\":{}},\"metadata\":{}},\"metadata\":{\"order_id\":\"0001\"}}"
      headers:
        Connection:
          - keep-alive
        Content-Length:
          - "1448"
        Content-Type:
          - application/json;charset=UTF-8
        Date:
          - Sun, 07 Mar 2021 15:44:05 GMT
        Set-Cookie:
          - JSESSIONID=448486BDCB3C5689A1AA1CBB2F892683; Path=/api/; HttpOnly
        Via:
          - 1.1 53a359a477247df8211e2ebca618600b.cloudfront.net (CloudFront)
        X-Amz-Cf-Id:
          - vdQ53_1KV4z-ttdQukzy435kNemtxwU5Ash2n-eZYDh-z5lAJLmC2g==
        X-Amz-Cf-Pop:
          - SCL50-C1
        X-CULQI-ENVIRONMENT:
          - test
        X-CULQI-TRACKING-ID:
          - "10142395"
        X-CULQI-VERSION:
          - 2.0.0
        X-Cache:
          - Miss from cloudfront
        x-amz-apigw-id:
          - b0su1Ft3IAMFfXw=
        x-amzn-Remapped-Date:
          - Sun, 07 Mar 2021 15:44:04 GMT
        x-amzn-Remapped-Server:
          - Apache-Coyote/1.1
        x-amzn-RequestId:
          - 47745b98-0c7d-4939-ada7-c1c6fd3e9bac
      status:
        code: 200
        message: OK
version: 1
